Component: ARM Compiler 5.05 update 1 (build 106) Tool: armlink [4d0efa]

==============================================================================

Section Cross References

    tim.o(i.HAL_TIM_MspPostInit) refers to stm32f4xx_hal_gpio.o(i.HAL_GPIO_Init) for HAL_GPIO_Init
    tim.o(i.MX_TIM3_Init) refers to stm32f4xx_hal_tim.o(i.HAL_TIM_PWM_Init) for HAL_TIM_PWM_Init
    tim.o(i.MX_TIM3_Init) refers to stm32f4xx_hal_tim_ex.o(i.HAL_TIMEx_MasterConfigSynchronization) for HAL_TIMEx_MasterConfigSynchronization
    tim.o(i.MX_TIM3_Init) refers to stm32f4xx_hal_tim.o(i.HAL_TIM_PWM_ConfigChannel) for HAL_TIM_PWM_ConfigChannel
    tim.o(i.MX_TIM3_Init) refers to tim.o(i.HAL_TIM_MspPostInit) for HAL_TIM_MspPostInit
    tim.o(i.MX_TIM3_Init) refers to tim.o(.bss) for htim3
    stm32f4xx_it.o(i.ADC_IRQHandler) refers to stm32f4xx_hal_adc.o(i.HAL_ADC_IRQHandler) for HAL_ADC_IRQHandler
    stm32f4xx_it.o(i.ADC_IRQHandler) refers to adc.o(.bss) for hadc1
    stm32f4xx_it.o(i.EXTI0_IRQHandler) refers to stm32f4xx_hal_gpio.o(i.HAL_GPIO_EXTI_IRQHandler) for HAL_GPIO_EXTI_IRQHandler
    stm32f4xx_it.o(i.EXTI15_10_IRQHandler) refers to stm32f4xx_hal_gpio.o(i.HAL_GPIO_EXTI_IRQHandler) for HAL_GPIO_EXTI_IRQHandler
    stm32f4xx_it.o(i.RTC_Alarm_IRQHandler) refers to stm32f4xx_hal_rtc.o(i.HAL_RTC_AlarmIRQHandler) for HAL_RTC_AlarmIRQHandler
    stm32f4xx_it.o(i.RTC_Alarm_IRQHandler) refers to rtc.o(.bss) for hrtc
    stm32f4xx_it.o(i.SysTick_Handler) refers to stm32f4xx_hal.o(i.HAL_IncTick) for HAL_IncTick
    stm32f4xx_it.o(i.SysTick_Handler) refers to cmsis_os.o(i.osSystickHandler) for osSystickHandler
    stm32f4xx_it.o(i.USART2_IRQHandler) refers to stm32f4xx_hal_uart.o(i.HAL_UART_IRQHandler) for HAL_UART_IRQHandler
    stm32f4xx_it.o(i.USART2_IRQHandler) refers to usart.o(.bss) for huart2
    adc.o(i.HAL_ADC_MspDeInit) refers to stm32f4xx_hal_gpio.o(i.HAL_GPIO_DeInit) for HAL_GPIO_DeInit
    adc.o(i.HAL_ADC_MspDeInit) refers to stm32f4xx_hal_cortex.o(i.HAL_NVIC_DisableIRQ) for HAL_NVIC_DisableIRQ
    adc.o(i.HAL_ADC_MspInit) refers to stm32f4xx_hal_gpio.o(i.HAL_GPIO_Init) for HAL_GPIO_Init
    adc.o(i.HAL_ADC_MspInit) refers to stm32f4xx_hal_cortex.o(i.HAL_NVIC_SetPriority) for HAL_NVIC_SetPriority
    adc.o(i.HAL_ADC_MspInit) refers to stm32f4xx_hal_cortex.o(i.HAL_NVIC_EnableIRQ) for HAL_NVIC_EnableIRQ
    adc.o(i.MX_ADC1_Init) refers to stm32f4xx_hal_adc.o(i.HAL_ADC_Init) for HAL_ADC_Init
    adc.o(i.MX_ADC1_Init) refers to stm32f4xx_hal_adc.o(i.HAL_ADC_ConfigChannel) for HAL_ADC_ConfigChannel
    adc.o(i.MX_ADC1_Init) refers to adc.o(.bss) for hadc1
    gpio.o(i.HAL_GPIO_EXTI_Callback) refers to g-sensor.o(i.LIS2DS12_ACC_Tap_Callback) for LIS2DS12_ACC_Tap_Callback
    gpio.o(i.HAL_GPIO_EXTI_Callback) refers to freertos.o(i.Info_Handler) for Info_Handler
    gpio.o(i.HAL_GPIO_EXTI_Callback) refers to g-sensor.o(i.LIS2DS12_ACC_GYRO_Pedo_Callback) for LIS2DS12_ACC_GYRO_Pedo_Callback
    gpio.o(i.HAL_GPIO_EXTI_Callback) refers to freertos.o(i.send_message) for send_message
    gpio.o(i.HAL_GPIO_EXTI_Callback) refers to freertos.o(.data) for init_finish
    gpio.o(i.MX_GPIO_Init) refers to stm32f4xx_hal_gpio.o(i.HAL_GPIO_Init) for HAL_GPIO_Init
    gpio.o(i.MX_GPIO_Init) refers to stm32f4xx_hal_gpio.o(i.HAL_GPIO_WritePin) for HAL_GPIO_WritePin
    gpio.o(i.MX_GPIO_Init) refers to stm32f4xx_hal_cortex.o(i.HAL_NVIC_SetPriority) for HAL_NVIC_SetPriority
    gpio.o(i.MX_GPIO_Init) refers to stm32f4xx_hal_cortex.o(i.HAL_NVIC_EnableIRQ) for HAL_NVIC_EnableIRQ
    i2c.o(i.HAL_I2C_MspDeInit) refers to stm32f4xx_hal_gpio.o(i.HAL_GPIO_DeInit) for HAL_GPIO_DeInit
    i2c.o(i.HAL_I2C_MspInit) refers to stm32f4xx_hal_gpio.o(i.HAL_GPIO_Init) for HAL_GPIO_Init
    i2c.o(i.MX_I2C1_Init) refers to stm32f4xx_hal_i2c.o(i.HAL_I2C_Init) for HAL_I2C_Init
    i2c.o(i.MX_I2C1_Init) refers to i2c.o(.bss) for hi2c1
    i2c.o(i.MX_I2C2_Init) refers to stm32f4xx_hal_i2c.o(i.HAL_I2C_Init) for HAL_I2C_Init
    i2c.o(i.MX_I2C2_Init) refers to i2c.o(.bss) for hi2c2
    usart.o(i.HAL_UART_MspDeInit) refers to stm32f4xx_hal_gpio.o(i.HAL_GPIO_DeInit) for HAL_GPIO_DeInit
    usart.o(i.HAL_UART_MspDeInit) refers to stm32f4xx_hal_cortex.o(i.HAL_NVIC_DisableIRQ) for HAL_NVIC_DisableIRQ
    usart.o(i.HAL_UART_MspInit) refers to stm32f4xx_hal_gpio.o(i.HAL_GPIO_Init) for HAL_GPIO_Init
    usart.o(i.HAL_UART_MspInit) refers to stm32f4xx_hal_cortex.o(i.HAL_NVIC_SetPriority) for HAL_NVIC_SetPriority
    usart.o(i.HAL_UART_MspInit) refers to stm32f4xx_hal_cortex.o(i.HAL_NVIC_EnableIRQ) for HAL_NVIC_EnableIRQ
    usart.o(i.HAL_UART_RxCpltCallback) refers to segger_rtt_printf.o(i.SEGGER_RTT_printf) for SEGGER_RTT_printf
    usart.o(i.HAL_UART_RxCpltCallback) refers to freertos.o(i.send_message) for send_message
    usart.o(i.HAL_UART_RxCpltCallback) refers to usart.o(.bss) for huart2
    usart.o(i.HAL_UART_RxCpltCallback) refers to usart.o(.data) for command_start
    usart.o(i.MX_USART2_UART_Init) refers to stm32f4xx_hal_uart.o(i.HAL_UART_Init) for HAL_UART_Init
[...]
    i.MX_I2C2_Init                           0x0800b4a4   Section        0  i2c.o(i.MX_I2C2_Init)
    i.MX_RTC_Init                            0x0800b4dc   Section        0  rtc.o(i.MX_RTC_Init)
    i.MX_SPI1_Init                           0x0800b584   Section        0  spi.o(i.MX_SPI1_Init)
    i.MX_TIM3_Init                           0x0800b5c0   Section        0  tim.o(i.MX_TIM3_Init)
    i.MX_USART2_UART_Init                    0x0800b618   Section        0  usart.o(i.MX_USART2_UART_Init)
    i.NVIC_GetPriorityGrouping               0x0800b648   Section        0  stm32f4xx_hal_cortex.o(i.NVIC_GetPriorityGrouping)
    NVIC_GetPriorityGrouping                 0x0800b649   Thumb Code    10  stm32f4xx_hal_cortex.o(i.NVIC_GetPriorityGrouping)
    i.NVIC_SetPriority                       0x0800b658   Section        0  stm32f4xx_hal_cortex.o(i.NVIC_SetPriority)
    NVIC_SetPriority                         0x0800b659   Thumb Code    32  stm32f4xx_hal_cortex.o(i.NVIC_SetPriority)
    i.RTC_AlarmConfig                        0x0800b680   Section        0  rtc.o(i.RTC_AlarmConfig)
    i.RTC_Alarm_IRQHandler                   0x0800b6d0   Section        0  stm32f4xx_it.o(i.RTC_Alarm_IRQHandler)
    i.RTC_Bcd2ToByte                         0x0800b6e0   Section        0  stm32f4xx_hal_rtc.o(i.RTC_Bcd2ToByte)
    i.RTC_ByteToBcd2                         0x0800b6f6   Section        0  stm32f4xx_hal_rtc.o(i.RTC_ByteToBcd2)
    i.RTC_EnterInitMode                      0x0800b710   Section        0  stm32f4xx_hal_rtc.o(i.RTC_EnterInitMode)
    i.RTC_Read_datetime                      0x0800b750   Section        0  rtc.o(i.RTC_Read_datetime)
    i.SEGGER_RTT_Init                        0x0800b7b0   Section        0  segger_rtt.o(i.SEGGER_RTT_Init)
    i.SEGGER_RTT_Write                       0x0800b7b8   Section        0  segger_rtt.o(i.SEGGER_RTT_Write)
    i.SEGGER_RTT_printf                      0x0800b928   Section        0  segger_rtt_printf.o(i.SEGGER_RTT_printf)
    i.SEGGER_RTT_vprintf                     0x0800b942   Section        0  segger_rtt_printf.o(i.SEGGER_RTT_vprintf)
    i.SetupPedoEvent                         0x0800bb3a   Section        0  g-sensor.o(i.SetupPedoEvent)
    SetupPedoEvent                           0x0800bb3b   Thumb Code    26  g-sensor.o(i.SetupPedoEvent)
    i.StartDefaultTask                       0x0800bb54   Section        0  freertos.o(i.StartDefaultTask)
    i.SysTick_Handler                        0x0800bc28   Section        0  stm32f4xx_it.o(i.SysTick_Handler)
    i.SystemClock_Config                     0x0800bc34   Section        0  main.o(i.SystemClock_Config)
    i.SystemInit                             0x0800bce8   Section        0  system_stm32f4xx.o(i.SystemInit)
    i.TIM_Base_SetConfig                     0x0800bd4c   Section        0  stm32f4xx_hal_tim.o(i.TIM_Base_SetConfig)
    i.TIM_OC1_SetConfig                      0x0800bdfc   Section        0  stm32f4xx_hal_tim.o(i.TIM_OC1_SetConfig)
    TIM_OC1_SetConfig                        0x0800bdfd   Thumb Code    96  stm32f4xx_hal_tim.o(i.TIM_OC1_SetConfig)
    i.TIM_OC2_SetConfig                      0x0800be60   Section        0  stm32f4xx_hal_tim.o(i.TIM_OC2_SetConfig)
    i.TIM_OC3_SetConfig                      0x0800bed0   Section        0  stm32f4xx_hal_tim.o(i.TIM_OC3_SetConfig)
    TIM_OC3_SetConfig                        0x0800bed1   Thumb Code   104  stm32f4xx_hal_tim.o(i.TIM_OC3_SetConfig)
    i.TIM_OC4_SetConfig                      0x0800bf3c   Section        0  stm32f4xx_hal_tim.o(i.TIM_OC4_SetConfig)
    TIM_OC4_SetConfig                        0x0800bf3d   Thumb Code    82  stm32f4xx_hal_tim.o(i.TIM_OC4_SetConfig)
    i.UART_EndTransmit_IT                    0x0800bf94   Section        0  stm32f4xx_hal_uart.o(i.UART_EndTransmit_IT)
    UART_EndTransmit_IT                      0x0800bf95   Thumb Code    32  stm32f4xx_hal_uart.o(i.UART_EndTransmit_IT)
    i.UART_Receive_IT                        0x0800bfb4   Section        0  stm32f4xx_hal_uart.o(i.UART_Receive_IT)
    UART_Receive_IT                          0x0800bfb5   Thumb Code   166  stm32f4xx_hal_uart.o(i.UART_Receive_IT)
    i.UART_SetConfig                         0x0800c05c   Section        0  stm32f4xx_hal_uart.o(i.UART_SetConfig)
    UART_SetConfig                           0x0800c05d   Thumb Code   864  stm32f4xx_hal_uart.o(i.UART_SetConfig)
    i.UART_Transmit_IT                       0x0800c3c4   Section        0  stm32f4xx_hal_uart.o(i.UART_Transmit_IT)
    UART_Transmit_IT                         0x0800c3c5   Thumb Code   104  stm32f4xx_hal_uart.o(i.UART_Transmit_IT)
    i.UART_WaitOnFlagUntilTimeout            0x0800c42c   Section        0  stm32f4xx_hal_uart.o(i.UART_WaitOnFlagUntilTimeout)
    UART_WaitOnFlagUntilTimeout              0x0800c42d   Thumb Code   260  stm32f4xx_hal_uart.o(i.UART_WaitOnFlagUntilTimeout)
    i.USART2_IRQHandler                      0x0800c530   Section        0  stm32f4xx_it.o(i.USART2_IRQHandler)
    i._Init                                  0x0800c540   Section        0  segger_rtt.o(i._Init)
    _Init                                    0x0800c541   Thumb Code     2  segger_rtt.o(i._Init)
    i._PrintInt                              0x0800c542   Section        0  segger_rtt_printf.o(i._PrintInt)
    _PrintInt                                0x0800c543   Thumb Code   234  segger_rtt_printf.o(i._PrintInt)
    i._PrintUnsigned                         0x0800c62c   Section        0  segger_rtt_printf.o(i._PrintUnsigned)
    _PrintUnsigned                           0x0800c62d   Thumb Code   240  segger_rtt_printf.o(i._PrintUnsigned)
    i._StoreChar                             0x0800c720   Section        0  segger_rtt_printf.o(i._StoreChar)
    _StoreChar                               0x0800c721   Thumb Code    68  segger_rtt_printf.o(i._StoreChar)
    i.__scatterload_copy                     0x0800c764   Section       14  handlers.o(i.__scatterload_copy)
    i.__scatterload_null                     0x0800c772   Section        2  handlers.o(i.__scatterload_null)
    i.__scatterload_zeroinit                 0x0800c774   Section       14  handlers.o(i.__scatterload_zeroinit)
    i.as7000_init                            0x0800c782   Section        0  hrs.o(i.as7000_init)
    i.as7000_power                           0x0800c790   Section        0  hrs.o(i.as7000_power)
    as7000_power                             0x0800c791   Thumb Code    52  hrs.o(i.as7000_power)
    i.check_sum                              0x0800c7c8   Section        0  comm.o(i.check_sum)
    i.flickLeft                              0x0800c7e4   Section        0  touch.o(i.flickLeft)
    i.flickRight                             0x0800c804   Section        0  touch.o(i.flickRight)
    i.func_DispTask                          0x0800c824   Section        0  freertos.o(i.func_DispTask)
    i.func_sensorTask                        0x0800c830   Section        0  freertos.o(i.func_sensorTask)
    i.func_touchTask                         0x0800c8a4   Section        0  freertos.o(i.func_touchTask)
    i.func_uartTask                          0x0800c8cc   Section        0  freertos.o(i.func_uartTask)
    i.handleEvents                           0x0800c8e8   Section        0  touch.o(i.handleEvents)
    i.inHandlerMode                          0x0800c9d4   Section        0  cmsis_os.o(i.inHandlerMode)
    inHandlerMode                            0x0800c9d5   Thumb Code    16  cmsis_os.o(i.inHandlerMode)
    i.init_LIS2DS12_Pedometer                0x0800c9e4   Section        0  g-sensor.o(i.init_LIS2DS12_Pedometer)
    init_LIS2DS12_Pedometer                  0x0800c9e5   Thumb Code    30  g-sensor.o(i.init_LIS2DS12_Pedometer)
    i.iqs263_ReadBytes                       0x0800ca08   Section        0  touch.o(i.iqs263_ReadBytes)
    iqs263_ReadBytes                         0x0800ca09   Thumb Code    52  touch.o(i.iqs263_ReadBytes)
    i.iqs263_WriteBytes                      0x0800ca54   Section        0  touch.o(i.iqs263_WriteBytes)
    iqs263_WriteBytes                        0x0800ca55   Thumb Code    52  touch.o(i.iqs263_WriteBytes)
    i.lis2ds12_init                          0x0800caa0   Section        0  g-sensor.o(i.lis2ds12_init)
    i.main                                   0x0800cac0   Section        0  main.o(i.main)
    i.makeFreeRtosPriority                   0x0800cb0c   Section        0  cmsis_os.o(i.makeFreeRtosPriority)
    makeFreeRtosPriority                     0x0800cb0d   Thumb Code    14  cmsis_os.o(i.makeFreeRtosPriority)
    i.movementEvent                          0x0800cb1c   Section        0  touch.o(i.movementEvent)
    i.osDelay                                0x0800cb28   Section        0  cmsis_os.o(i.osDelay)
    i.osKernelStart                          0x0800cb40   Section        0  cmsis_os.o(i.osKernelStart)
    i.osSignalSet                            0x0800cb4c   Section        0  cmsis_os.o(i.osSignalSet)
    i.osSignalWait                           0x0800cba4   Section        0  cmsis_os.o(i.osSignalWait)
    i.osSystickHandler                       0x0800cc08   Section        0  cmsis_os.o(i.osSystickHandler)
    i.osThreadCreate                         0x0800cc18   Section        0  cmsis_os.o(i.osThreadCreate)
    i.osThreadTerminate                      0x0800cc52   Section        0  cmsis_os.o(i.osThreadTerminate)
    i.proxEvent                              0x0800cc60   Section        0  touch.o(i.proxEvent)
    i.prvAddCurrentTaskToDelayedList         0x0800cc80   Section        0  tasks.o(i.prvAddCurrentTaskToDelayedList)
    prvAddCurrentTaskToDelayedList           0x0800cc81   Thumb Code    62  tasks.o(i.prvAddCurrentTaskToDelayedList)
    i.prvAllocateTCBAndStack                 0x0800ccd4   Section        0  tasks.o(i.prvAllocateTCBAndStack)
    prvAllocateTCBAndStack                   0x0800ccd5   Thumb Code    66  tasks.o(i.prvAllocateTCBAndStack)
    i.prvCheckForValidListAndQueue           0x0800cd18   Section        0  timers.o(i.prvCheckForValidListAndQueue)
    prvCheckForValidListAndQueue             0x0800cd19   Thumb Code   100  timers.o(i.prvCheckForValidListAndQueue)
    i.prvCheckTasksWaitingTermination        0x0800cd98   Section        0  tasks.o(i.prvCheckTasksWaitingTermination)
    prvCheckTasksWaitingTermination          0x0800cd99   Thumb Code    86  tasks.o(i.prvCheckTasksWaitingTermination)
    i.prvCopyDataFromQueue                   0x0800cdfc   Section        0  queue.o(i.prvCopyDataFromQueue)
    prvCopyDataFromQueue                     0x0800cdfd   Thumb Code    42  queue.o(i.prvCopyDataFromQueue)
    i.prvCopyDataToQueue                     0x0800ce26   Section        0  queue.o(i.prvCopyDataToQueue)
    prvCopyDataToQueue                       0x0800ce27   Thumb Code   128  queue.o(i.prvCopyDataToQueue)
    i.prvDeleteTCB                           0x0800cea6   Section        0  tasks.o(i.prvDeleteTCB)
    prvDeleteTCB                             0x0800cea7   Thumb Code    18  tasks.o(i.prvDeleteTCB)
    i.prvGetNextExpireTime                   0x0800ceb8   Section        0  timers.o(i.prvGetNextExpireTime)
    prvGetNextExpireTime                     0x0800ceb9   Thumb Code    36  timers.o(i.prvGetNextExpireTime)
    i.prvHeapInit                            0x0800cee0   Section        0  heap_4.o(i.prvHeapInit)
    prvHeapInit                              0x0800cee1   Thumb Code    98  heap_4.o(i.prvHeapInit)
    i.prvIdleTask                            0x0800cf5c   Section        0  tasks.o(i.prvIdleTask)
    prvIdleTask                              0x0800cf5d   Thumb Code    32  tasks.o(i.prvIdleTask)
    i.prvInitialiseTCBVariables              0x0800cf84   Section        0  tasks.o(i.prvInitialiseTCBVariables)
    prvInitialiseTCBVariables                0x0800cf85   Thumb Code    98  tasks.o(i.prvInitialiseTCBVariables)
    i.prvInitialiseTaskLists                 0x0800cfe8   Section        0  tasks.o(i.prvInitialiseTaskLists)
    prvInitialiseTaskLists                   0x0800cfe9   Thumb Code    70  tasks.o(i.prvInitialiseTaskLists)
    i.prvInsertBlockIntoFreeList             0x0800d050   Section        0  heap_4.o(i.prvInsertBlockIntoFreeList)
    prvInsertBlockIntoFreeList               0x0800d051   Thumb Code    96  heap_4.o(i.prvInsertBlockIntoFreeList)
    i.prvInsertTimerInActiveList             0x0800d0b8   Section        0  timers.o(i.prvInsertTimerInActiveList)
    prvInsertTimerInActiveList               0x0800d0b9   Thumb Code    80  timers.o(i.prvInsertTimerInActiveList)
    i.prvIsQueueEmpty                        0x0800d110   Section        0  queue.o(i.prvIsQueueEmpty)
    prvIsQueueEmpty                          0x0800d111   Thumb Code    26  queue.o(i.prvIsQueueEmpty)
    i.prvIsQueueFull                         0x0800d12a   Section        0  queue.o(i.prvIsQueueFull)
    prvIsQueueFull                           0x0800d12b   Thumb Code    30  queue.o(i.prvIsQueueFull)
    i.prvProcessExpiredTimer                 0x0800d148   Section        0  timers.o(i.prvProcessExpiredTimer)
    prvProcessExpiredTimer                   0x0800d149   Thumb Code    96  timers.o(i.prvProcessExpiredTimer)
    i.prvProcessReceivedCommands             0x0800d1ac   Section        0  timers.o(i.prvProcessReceivedCommands)
    prvProcessReceivedCommands               0x0800d1ad   Thumb Code   244  timers.o(i.prvProcessReceivedCommands)
    i.prvProcessTimerOrBlockTask             0x0800d2a4   Section        0  timers.o(i.prvProcessTimerOrBlockTask)
    prvProcessTimerOrBlockTask               0x0800d2a5   Thumb Code    82  timers.o(i.prvProcessTimerOrBlockTask)
    i.prvResetNextTaskUnblockTime            0x0800d300   Section        0  tasks.o(i.prvResetNextTaskUnblockTime)
    prvResetNextTaskUnblockTime              0x0800d301   Thumb Code    42  tasks.o(i.prvResetNextTaskUnblockTime)
    i.prvSampleTimeNow                       0x0800d334   Section        0  timers.o(i.prvSampleTimeNow)
    prvSampleTimeNow                         0x0800d335   Thumb Code    40  timers.o(i.prvSampleTimeNow)
    i.prvSwitchTimerLists                    0x0800d360   Section        0  timers.o(i.prvSwitchTimerLists)
    prvSwitchTimerLists                      0x0800d361   Thumb Code   150  timers.o(i.prvSwitchTimerLists)
    i.prvTaskExitError                       0x0800d400   Section        0  port.o(i.prvTaskExitError)
    prvTaskExitError                         0x0800d401   Thumb Code    60  port.o(i.prvTaskExitError)
    i.prvTimerTask                           0x0800d440   Section        0  timers.o(i.prvTimerTask)
    prvTimerTask                             0x0800d441   Thumb Code    26  timers.o(i.prvTimerTask)
    i.prvUnlockQueue                         0x0800d45a   Section        0  queue.o(i.prvUnlockQueue)
    prvUnlockQueue                           0x0800d45b   Thumb Code   126  queue.o(i.prvUnlockQueue)
    i.pvPortMalloc                           0x0800d4d8   Section        0  heap_4.o(i.pvPortMalloc)
    i.pvTaskIncrementMutexHeldCount          0x0800d614   Section        0  tasks.o(i.pvTaskIncrementMutexHeldCount)
    i.pxPortInitialiseStack                  0x0800d634   Section        0  port.o(i.pxPortInitialiseStack)
    i.read_rtc_status                        0x0800d65c   Section        0  rtc.o(i.read_rtc_status)
    i.send_message                           0x0800d670   Section        0  freertos.o(i.send_message)
    i.send_sensor_data                       0x0800d6b0   Section        0  comm.o(i.send_sensor_data)
    i.slideEvent                             0x0800d70c   Section        0  touch.o(i.slideEvent)
    i.tapEvent                               0x0800d750   Section        0  touch.o(i.tapEvent)
    i.touchEvent                             0x0800d770   Section        0  touch.o(i.touchEvent)
    i.uart2_read                             0x0800d794   Section        0  usart.o(i.uart2_read)
    i.uart2_send                             0x0800d7d4   Section        0  usart.o(i.uart2_send)
    i.uxListRemove                           0x0800d7f0   Section        0  list.o(i.uxListRemove)
    i.vListInitialise                        0x0800d818   Section        0  list.o(i.vListInitialise)
    i.vListInitialiseItem                    0x0800d832   Section        0  list.o(i.vListInitialiseItem)
    i.vListInsert                            0x0800d838   Section        0  list.o(i.vListInsert)
    i.vListInsertEnd                         0x0800d86c   Section        0  list.o(i.vListInsertEnd)
    i.vPortEnterCritical                     0x0800d884   Section        0  port.o(i.vPortEnterCritical)
    i.vPortExitCritical                      0x0800d8d8   Section        0  port.o(i.vPortExitCritical)
    i.vPortFree                              0x0800d914   Section        0  heap_4.o(i.vPortFree)
    i.vPortSetupTimerInterrupt               0x0800d9a8   Section        0  port.o(i.vPortSetupTimerInterrupt)
    i.vPortValidateInterruptPriority         0x0800d9c8   Section        0  port.o(i.vPortValidateInterruptPriority)
    i.vQueueAddToRegistry                    0x0800da40   Section        0  queue.o(i.vQueueAddToRegistry)
    i.vQueueWaitForMessageRestricted         0x0800da6c   Section        0  queue.o(i.vQueueWaitForMessageRestricted)
    i.vTaskDelay                             0x0800daa8   Section        0  tasks.o(i.vTaskDelay)
    i.vTaskDelete                            0x0800db34   Section        0  tasks.o(i.vTaskDelete)
    i.vTaskMissedYield                       0x0800dc14   Section        0  tasks.o(i.vTaskMissedYield)
    i.vTaskPlaceOnEventList                  0x0800dc20   Section        0  tasks.o(i.vTaskPlaceOnEventList)
    i.vTaskPlaceOnEventListRestricted        0x0800dc9c   Section        0  tasks.o(i.vTaskPlaceOnEventListRestricted)
    i.vTaskPriorityInherit                   0x0800dd04   Section        0  tasks.o(i.vTaskPriorityInherit)
    i.vTaskSetTimeOutState                   0x0800ddb4   Section        0  tasks.o(i.vTaskSetTimeOutState)
    i.vTaskStartScheduler                    0x0800dde4   Section        0  tasks.o(i.vTaskStartScheduler)
    i.vTaskSuspendAll                        0x0800de60   Section        0  tasks.o(i.vTaskSuspendAll)
    i.vTaskSwitchContext                     0x0800de70   Section        0  tasks.o(i.vTaskSwitchContext)
    i.xPortStartScheduler                    0x0800defc   Section        0  port.o(i.xPortStartScheduler)
    i.xPortSysTickHandler                    0x0800e038   Section        0  port.o(i.xPortSysTickHandler)
    i.xQueueGenericCreate                    0x0800e06c   Section        0  queue.o(i.xQueueGenericCreate)
    i.xQueueGenericReceive                   0x0800e0f8   Section        0  queue.o(i.xQueueGenericReceive)
    i.xQueueGenericReset                     0x0800e2a4   Section        0  queue.o(i.xQueueGenericReset)
    i.xQueueGenericSend                      0x0800e338   Section        0  queue.o(i.xQueueGenericSend)
    i.xQueueGenericSendFromISR               0x0800e4d8   Section        0  queue.o(i.xQueueGenericSendFromISR)
    i.xTaskCheckForTimeOut                   0x0800e5c8   Section        0  tasks.o(i.xTaskCheckForTimeOut)
    i.xTaskGenericCreate                     0x0800e654   Section        0  tasks.o(i.xTaskGenericCreate)
    i.xTaskGenericNotify                     0x0800e7c4   Section        0  tasks.o(i.xTaskGenericNotify)
    i.xTaskGetSchedulerState                 0x0800e8c8   Section        0  tasks.o(i.xTaskGetSchedulerState)
    i.xTaskGetTickCount                      0x0800e8e8   Section        0  tasks.o(i.xTaskGetTickCount)
    i.xTaskIncrementTick                     0x0800e8f4   Section        0  tasks.o(i.xTaskIncrementTick)
    i.xTaskNotifyFromISR                     0x0800ea40   Section        0  tasks.o(i.xTaskNotifyFromISR)
    i.xTaskNotifyWait                        0x0800eb68   Section        0  tasks.o(i.xTaskNotifyWait)
    i.xTaskPriorityDisinherit                0x0800ec4c   Section        0  tasks.o(i.xTaskPriorityDisinherit)
    i.xTaskRemoveFromEventList               0x0800ed14   Section        0  tasks.o(i.xTaskRemoveFromEventList)
    i.xTaskResumeAll                         0x0800edac   Section        0  tasks.o(i.xTaskResumeAll)
    i.xTimerCreateTimerTask                  0x0800eeb0   Section        0  timers.o(i.xTimerCreateTimerTask)
    i.xTimerGenericCommand                   0x0800ef08   Section        0  timers.o(i.xTimerGenericCommand)
    .constdata                               0x0800ef74   Section      100  freertos.o(.constdata)
    .constdata                               0x0800efd8   Section       16  segger_rtt_printf.o(.constdata)
    _aV2C                                    0x0800efd8   Data          16  segger_rtt_printf.o(.constdata)
    .constdata                               0x0800efe8   Section       16  stm32f4xx_hal_rcc.o(.constdata)
    .conststring                             0x0800eff8   Section       64  freertos.o(.conststring)
    .conststring                             0x0800f038   Section        9  segger_rtt.o(.conststring)
    .data                                    0x20000000   Section        4  usart.o(.data)
    temp                                     0x20000000   Data           1  usart.o(.data)
    index                                    0x20000001   Data           1  usart.o(.data)
    command_len                              0x20000002   Data           1  usart.o(.data)
    command_start                            0x20000003   Data           1  usart.o(.data)
    .data                                    0x20000004   Section       21  freertos.o(.data)
    .data                                    0x2000001a   Section        4  g-sensor.o(.data)
    response                                 0x2000001a   Data           1  g-sensor.o(.data)
    Number_Of_Steps                          0x2000001c   Data           2  g-sensor.o(.data)
    .data                                    0x2000001e   Section        1  touch.o(.data)
    .data                                    0x20000020   Section      120  segger_rtt.o(.data)
    _SEGGER_RTT                              0x20000020   Data         120  segger_rtt.o(.data)
    .data                                    0x20000098   Section       16  comm.o(.data)
    serian_no                                0x200000a0   Data           4  comm.o(.data)
    main_ver                                 0x200000a4   Data           1  comm.o(.data)
    sec_ver                                  0x200000a5   Data           1  comm.o(.data)
    .data                                    0x200000a8   Section        4  stm32f4xx_hal.o(.data)
    .data                                    0x200000ac   Section        4  system_stm32f4xx.o(.data)
    .data                                    0x200000b0   Section       16  timers.o(.data)
    pxCurrentTimerList                       0x200000b0   Data           4  timers.o(.data)
    pxOverflowTimerList                      0x200000b4   Data           4  timers.o(.data)
    xTimerQueue                              0x200000b8   Data           4  timers.o(.data)
    xLastTime                                0x200000bc   Data           4  timers.o(.data)
    .data                                    0x200000c0   Section       56  tasks.o(.data)
    pxDelayedTaskList                        0x200000c4   Data           4  tasks.o(.data)
    pxOverflowDelayedTaskList                0x200000c8   Data           4  tasks.o(.data)
    uxTasksDeleted                           0x200000cc   Data           4  tasks.o(.data)
    uxCurrentNumberOfTasks                   0x200000d0   Data           4  tasks.o(.data)
    xTickCount                               0x200000d4   Data           4  tasks.o(.data)
    uxTopReadyPriority                       0x200000d8   Data           4  tasks.o(.data)
    xSchedulerRunning                        0x200000dc   Data           4  tasks.o(.data)
    uxPendedTicks                            0x200000e0   Data           4  tasks.o(.data)
    xYieldPending                            0x200000e4   Data           4  tasks.o(.data)
    xNumOfOverflows                          0x200000e8   Data           4  tasks.o(.data)
    uxTaskNumber                             0x200000ec   Data           4  tasks.o(.data)
    xNextTaskUnblockTime                     0x200000f0   Data           4  tasks.o(.data)
    uxSchedulerSuspended                     0x200000f4   Data           4  tasks.o(.data)
    .data                                    0x200000f8   Section       12  port.o(.data)
    uxCriticalNesting                        0x200000f8   Data           4  port.o(.data)
    ucMaxSysCallPriority                     0x200000fc   Data           1  port.o(.data)
    ulMaxPRIGROUPValue                       0x20000100   Data           4  port.o(.data)
    .data                                    0x20000104   Section       24  heap_4.o(.data)
    xStart                                   0x20000104   Data           8  heap_4.o(.data)
    pxEnd                                    0x2000010c   Data           4  heap_4.o(.data)
    xFreeBytesRemaining                      0x20000110   Data           4  heap_4.o(.data)
    xMinimumEverFreeBytesRemaining           0x20000114   Data           4  heap_4.o(.data)
    xBlockAllocatedBit                       0x20000118   Data           4  heap_4.o(.data)
    .bss                                     0x2000011c   Section       60  tim.o(.bss)
    .bss                                     0x20000158   Section       72  adc.o(.bss)
    .bss                                     0x200001a0   Section      136  i2c.o(.bss)
    .bss                                     0x20000228   Section       96  usart.o(.bss)
    .bss                                     0x20000288   Section       88  spi.o(.bss)
    .bss                                     0x200002e0   Section       72  rtc.o(.bss)
    sAlarm                                   0x20000300   Data          40  rtc.o(.bss)
    .bss                                     0x20000328   Section       10  touch.o(.bss)
    data_buffer                              0x20000328   Data          10  touch.o(.bss)
    .bss                                     0x20000332   Section     1040  segger_rtt.o(.bss)
    _acUpBuffer                              0x20000332   Data        1024  segger_rtt.o(.bss)
    _acDownBuffer                            0x20000732   Data          16  segger_rtt.o(.bss)
    .bss                                     0x20000744   Section       40  timers.o(.bss)
    xActiveTimerList1                        0x20000744   Data          20  timers.o(.bss)
    xActiveTimerList2                        0x20000758   Data          20  timers.o(.bss)
    .bss                                     0x2000076c   Section      240  tasks.o(.bss)
    pxReadyTasksLists                        0x2000076c   Data         140  tasks.o(.bss)
    xDelayedTaskList1                        0x200007f8   Data          20  tasks.o(.bss)
    xDelayedTaskList2                        0x2000080c   Data          20  tasks.o(.bss)
    xPendingReadyList                        0x20000820   Data          20  tasks.o(.bss)
    xTasksWaitingTermination                 0x20000834   Data          20  tasks.o(.bss)
    xSuspendedTaskList                       0x20000848   Data          20  tasks.o(.bss)
    .bss                                     0x2000085c   Section       64  queue.o(.bss)
    .bss                                     0x2000089c   Section    15360  heap_4.o(.bss)
    ucHeap                                   0x2000089c   Data       15360  heap_4.o(.bss)
    STACK                                    0x200044a0   Section      512  startup_stm32f401xe.o(STACK)

    Global Symbols

    Symbol Name                              Value     Ov Type        Size  Object(Section)

    BuildAttributes$$THM_ISAv4$E$P$D$K$B$S$7EM$VFPi3$EXTD16$VFPS$VFMA$PE$A:L22UL41UL21$X:L11$S22US41US21$IEEE1$IW$USESV6$~STKCKD$USESV7$~SHL$OTIME$EBA8$MICROLIB$REQ8$PRES8$EABIv2 0x00000000   Number         0  anon$$obj.o ABSOLUTE
    __ARM_use_no_argv                        0x00000000   Number         0  main.o ABSOLUTE
    __cpp_initialize__aeabi_                  - Undefined Weak Reference
    __cxa_finalize                            - Undefined Weak Reference
    __decompress                              - Undefined Weak Reference
    _clock_init                               - Undefined Weak Reference
    _microlib_exit                            - Undefined Weak Reference
    __Vectors_Size                           0x00000194   Number         0  startup_stm32f401xe.o ABSOLUTE
    __Vectors                                0x08008000   Data           4  startup_stm32f401xe.o(RESET)
    __Vectors_End                            0x08008194   Data           0  startup_stm32f401xe.o(RESET)
    __main                                   0x08008195   Thumb Code     0  entry.o(.ARM.Collect$$$$00000000)
    _main_stk                                0x08008195   Thumb Code     0  entry2.o(.ARM.Collect$$$$00000001)
    _main_scatterload                        0x08008199   Thumb Code     0  entry5.o(.ARM.Collect$$$$00000004)
    __main_after_scatterload                 0x0800819d   Thumb Code     0  entry5.o(.ARM.Collect$$$$00000004)
    _main_clock                              0x0800819d   Thumb Code     0  entry7b.o(.ARM.Collect$$$$00000008)
    _main_cpp_init                           0x0800819d   Thumb Code     0  entry8b.o(.ARM.Collect$$$$0000000A)
    _main_init                               0x0800819d   Thumb Code     0  entry9a.o(.ARM.Collect$$$$0000000B)
    __rt_final_cpp                           0x080081a5   Thumb Code     0  entry10a.o(.ARM.Collect$$$$0000000D)
    __rt_final_exit                          0x080081a5   Thumb Code     0  entry11a.o(.ARM.Collect$$$$0000000F)
    SVC_Handler                              0x080081a9   Thumb Code    28  port.o(.emb_text)
    __asm___6_port_c_39a90d8d__prvStartFirstTask 0x080081c9   Thumb Code    28  port.o(.emb_text)
    __asm___6_port_c_39a90d8d__prvEnableVFP  0x080081e9   Thumb Code    16  port.o(.emb_text)
    PendSV_Handler                           0x080081fd   Thumb Code    92  port.o(.emb_text)
    vPortGetIPSR                             0x0800825d   Thumb Code     6  port.o(.emb_text)
    Reset_Handler                            0x08008265   Thumb Code     8  startup_stm32f401xe.o(.text)
    NMI_Handler                              0x0800826d   Thumb Code     2  startup_stm32f401xe.o(.text)
    HardFault_Handler                        0x0800826f   Thumb Code     2  startup_stm32f401xe.o(.text)
    MemManage_Handler                        0x08008271   Thumb Code     2  startup_stm32f401xe.o(.text)
    BusFault_Handler                         0x08008273   Thumb Code     2  startup_stm32f401xe.o(.text)
    UsageFault_Handler                       0x08008275   Thumb Code     2  startup_stm32f401xe.o(.text)
    DebugMon_Handler                         0x08008279   Thumb Code     2  startup_stm32f401xe.o(.text)
    DMA1_Stream0_IRQHandler                  0x0800827f   Thumb Code     0  startup_stm32f401xe.o(.text)
    DMA1_Stream1_IRQHandler                  0x0800827f   Thumb Code     0  startup_stm32f401xe.o(.text)
    DMA1_Stream2_IRQHandler                  0x0800827f   Thumb Code     0  startup_stm32f401xe.o(.text)
    DMA1_Stream3_IRQHandler                  0x0800827f   Thumb Code     0  startup_stm32f401xe.o(.text)
    DMA1_Stream4_IRQHandler                  0x0800827f   Thumb Code     0  startup_stm32f401xe.o(.text)
    DMA1_Stream5_IRQHandler                  0x0800827f   Thumb Code     0  startup_stm32f401xe.o(.text)
    DMA1_Stream6_IRQHandler                  0x0800827f   Thumb Code     0  startup_stm32f401xe.o(.text)
    DMA1_Stream7_IRQHandler                  0x0800827f   Thumb Code     0  startup_stm32f401xe.o(.text)
    DMA2_Stream0_IRQHandler                  0x0800827f   Thumb Code     0  startup_stm32f401xe.o(.text)
    DMA2_Stream1_IRQHandler                  0x0800827f   Thumb Code     0  startup_stm32f401xe.o(.text)
    DMA2_Stream2_IRQHandler                  0x0800827f   Thumb Code     0  startup_stm32f401xe.o(.text)
    DMA2_Stream3_IRQHandler                  0x0800827f   Thumb Code     0  startup_stm32f401xe.o(.text)
    DMA2_Stream4_IRQHandler                  0x0800827f   Thumb Code     0  startup_stm32f401xe.o(.text)
    DMA2_Stream5_IRQHandler                  0x0800827f   Thumb Code     0  startup_stm32f401xe.o(.text)
    DMA2_Stream6_IRQHandler                  0x0800827f   Thumb Code     0  startup_stm32f401xe.o(.text)
    DMA2_Stream7_IRQHandler                  0x0800827f   Thumb Code     0  startup_stm32f401xe.o(.text)
    EXTI1_IRQHandler                         0x0800827f   Thumb Code     0  startup_stm32f401xe.o(.text)
    EXTI2_IRQHandler                         0x0800827f   Thumb Code     0  startup_stm32f401xe.o(.text)
    EXTI3_IRQHandler                         0x0800827f   Thumb Code     0  startup_stm32f401xe.o(.text)
    EXTI4_IRQHandler                         0x0800827f   Thumb Code     0  startup_stm32f401xe.o(.text)
    EXTI9_5_IRQHandler                       0x0800827f   Thumb Code     0  startup_stm32f401xe.o(.text)
    FLASH_IRQHandler                         0x0800827f   Thumb Code     0  startup_stm32f401xe.o(.text)
    FPU_IRQHandler                           0x0800827f   Thumb Code     0  startup_stm32f401xe.o(.text)
    I2C1_ER_IRQHandler                       0x0800827f   Thumb Code     0  startup_stm32f401xe.o(.text)
    I2C1_EV_IRQHandler                       0x0800827f   Thumb Code     0  startup_stm32f401xe.o(.text)
    I2C2_ER_IRQHandler                       0x0800827f   Thumb Code     0  startup_stm32f401xe.o(.text)
    I2C2_EV_IRQHandler                       0x0800827f   Thumb Code     0  startup_stm32f401xe.o(.text)
    I2C3_ER_IRQHandler                       0x0800827f   Thumb Code     0  startup_stm32f401xe.o(.text)
    I2C3_EV_IRQHandler                       0x0800827f   Thumb Code     0  startup_stm32f401xe.o(.text)
    OTG_FS_IRQHandler                        0x0800827f   Thumb Code     0  startup_stm32f401xe.o(.text)
    OTG_FS_WKUP_IRQHandler                   0x0800827f   Thumb Code     0  startup_stm32f401xe.o(.text)
    PVD_IRQHandler                           0x0800827f   Thumb Code     0  startup_stm32f401xe.o(.text)
    RCC_IRQHandler                           0x0800827f   Thumb Code     0  startup_stm32f401xe.o(.text)
    RTC_WKUP_IRQHandler                      0x0800827f   Thumb Code     0  startup_stm32f401xe.o(.text)
    SDIO_IRQHandler                          0x0800827f   Thumb Code     0  startup_stm32f401xe.o(.text)
    SPI1_IRQHandler                          0x0800827f   Thumb Code     0  startup_stm32f401xe.o(.text)
    SPI2_IRQHandler                          0x0800827f   Thumb Code     0  startup_stm32f401xe.o(.text)
    SPI3_IRQHandler                          0x0800827f   Thumb Code     0  startup_stm32f401xe.o(.text)
    SPI4_IRQHandler                          0x0800827f   Thumb Code     0  startup_stm32f401xe.o(.text)
    TAMP_STAMP_IRQHandler                    0x0800827f   Thumb Code     0  startup_stm32f401xe.o(.text)
    TIM1_BRK_TIM9_IRQHandler                 0x0800827f   Thumb Code     0  startup_stm32f401xe.o(.text)
    TIM1_CC_IRQHandler                       0x0800827f   Thumb Code     0  startup_stm32f401xe.o(.text)
    TIM1_TRG_COM_TIM11_IRQHandler            0x0800827f   Thumb Code     0  startup_stm32f401xe.o(.text)
    TIM1_UP_TIM10_IRQHandler                 0x0800827f   Thumb Code     0  startup_stm32f401xe.o(.text)
    TIM2_IRQHandler                          0x0800827f   Thumb Code     0  startup_stm32f401xe.o(.text)
    TIM3_IRQHandler                          0x0800827f   Thumb Code     0  startup_stm32f401xe.o(.text)
    TIM4_IRQHandler                          0x0800827f   Thumb Code     0  startup_stm32f401xe.o(.text)
    TIM5_IRQHandler                          0x0800827f   Thumb Code     0  startup_stm32f401xe.o(.text)
    USART1_IRQHandler                        0x0800827f   Thumb Code     0  startup_stm32f401xe.o(.text)
    USART6_IRQHandler                        0x0800827f   Thumb Code     0  startup_stm32f401xe.o(.text)
    WWDG_IRQHandler                          0x0800827f   Thumb Code     0  startup_stm32f401xe.o(.text)
    ___aeabi_memcpy8$move                    0x08008289   Thumb Code     0  memmovea.o(.text)
    __aeabi_memcpy                           0x08008289   Thumb Code    64  memmovea.o(.text)
    __aeabi_memcpy4                          0x08008289   Thumb Code     0  memmovea.o(.text)
    __aeabi_memmove                          0x08008289   Thumb Code     0  memmovea.o(.text)
    __aeabi_memmove4                         0x08008289   Thumb Code     0  memmovea.o(.text)
    __aeabi_memmove8                         0x08008289   Thumb Code     0  memmovea.o(.text)
    __aeabi_memset                           0x080082c9   Thumb Code    14  memseta.o(.text)
    __aeabi_memset4                          0x080082c9   Thumb Code     0  memseta.o(.text)
    __aeabi_memset8                          0x080082c9   Thumb Code     0  memseta.o(.text)
    __aeabi_memclr                           0x080082d7   Thumb Code     4  memseta.o(.text)
    __aeabi_memclr4                          0x080082d7   Thumb Code     0  memseta.o(.text)
    __aeabi_memclr8                          0x080082d7   Thumb Code     0  memseta.o(.text)
    _memset$wrapper                          0x080082db   Thumb Code    18  memseta.o(.text)
    __scatterload                            0x080082ed   Thumb Code    28  init.o(.text)
    __scatterload_rt2                        0x080082ed   Thumb Code     0  init.o(.text)
    ADC_IRQHandler                           0x08008311   Thumb Code    10  stm32f4xx_it.o(i.ADC_IRQHandler)
    EXTI0_IRQHandler                         0x08008499   Thumb Code    10  stm32f4xx_it.o(i.EXTI0_IRQHandler)
    EXTI15_10_IRQHandler                     0x080084a3   Thumb Code    28  stm32f4xx_it.o(i.EXTI15_10_IRQHandler)
    Error_Handler                            0x080084c1   Thumb Code    16  freertos.o(i.Error_Handler)
    HAL_ADCEx_InjectedConvCpltCallback       0x080084dd   Thumb Code     2  stm32f4xx_hal_adc_ex.o(i.HAL_ADCEx_InjectedConvCpltCallback)
    HAL_ADC_ConfigChannel                    0x080084e1   Thumb Code   386  stm32f4xx_hal_adc.o(i.HAL_ADC_ConfigChannel)
    HAL_ADC_ConvCpltCallback                 0x08008675   Thumb Code    16  power.o(i.HAL_ADC_ConvCpltCallback)
    HAL_ADC_ErrorCallback                    0x08008685   Thumb Code     2  stm32f4xx_hal_adc.o(i.HAL_ADC_ErrorCallback)
    HAL_ADC_GetValue                         0x08008687   Thumb Code     8  stm32f4xx_hal_adc.o(i.HAL_ADC_GetValue)
    HAL_ADC_IRQHandler                       0x0800868f   Thumb Code   372  stm32f4xx_hal_adc.o(i.HAL_ADC_IRQHandler)
    HAL_ADC_Init                             0x08008805   Thumb Code   100  stm32f4xx_hal_adc.o(i.HAL_ADC_Init)
    HAL_ADC_LevelOutOfWindowCallback         0x0800886d   Thumb Code     2  stm32f4xx_hal_adc.o(i.HAL_ADC_LevelOutOfWindowCallback)
    HAL_ADC_MspInit                          0x08008871   Thumb Code    86  adc.o(i.HAL_ADC_MspInit)
    HAL_GPIO_EXTI_Callback                   0x080088d5   Thumb Code    76  gpio.o(i.HAL_GPIO_EXTI_Callback)
    HAL_GPIO_EXTI_IRQHandler                 0x08008955   Thumb Code    24  stm32f4xx_hal_gpio.o(i.HAL_GPIO_EXTI_IRQHandler)
    HAL_GPIO_Init                            0x08008971   Thumb Code   436  stm32f4xx_hal_gpio.o(i.HAL_GPIO_Init)
    HAL_GPIO_WritePin                        0x08008b45   Thumb Code    12  stm32f4xx_hal_gpio.o(i.HAL_GPIO_WritePin)
    HAL_GetTick                              0x08008b51   Thumb Code     6  stm32f4xx_hal.o(i.HAL_GetTick)
    HAL_I2C_GetError                         0x08008b5d   Thumb Code     6  stm32f4xx_hal_i2c.o(i.HAL_I2C_GetError)
    HAL_I2C_Init                             0x08008b65   Thumb Code   286  stm32f4xx_hal_i2c.o(i.HAL_I2C_Init)
    HAL_I2C_Master_Receive                   0x08008c8d   Thumb Code   618  stm32f4xx_hal_i2c.o(i.HAL_I2C_Master_Receive)
    HAL_I2C_Master_Transmit                  0x08008f05   Thumb Code   320  stm32f4xx_hal_i2c.o(i.HAL_I2C_Master_Transmit)
    HAL_I2C_MspInit                          0x0800904d   Thumb Code   176  i2c.o(i.HAL_I2C_MspInit)
    HAL_IncTick                              0x0800910d   Thumb Code    12  stm32f4xx_hal.o(i.HAL_IncTick)
    HAL_Init                                 0x0800911d   Thumb Code    54  stm32f4xx_hal.o(i.HAL_Init)
    HAL_InitTick                             0x08009159   Thumb Code    36  stm32f4xx_hal.o(i.HAL_InitTick)
    HAL_MspInit                              0x0800917d   Thumb Code    20  stm32f4xx_hal_msp.o(i.HAL_MspInit)
    HAL_NVIC_EnableIRQ                       0x08009191   Thumb Code    26  stm32f4xx_hal_cortex.o(i.HAL_NVIC_EnableIRQ)
    HAL_NVIC_SetPriority                     0x080091ab   Thumb Code   124  stm32f4xx_hal_cortex.o(i.HAL_NVIC_SetPriority)
    HAL_NVIC_SetPriorityGrouping             0x08009229   Thumb Code    32  stm32f4xx_hal_cortex.o(i.HAL_NVIC_SetPriorityGrouping)
    HAL_RCCEx_PeriphCLKConfig                0x08009251   Thumb Code   408  stm32f4xx_hal_rcc_ex.o(i.HAL_RCCEx_PeriphCLKConfig)
    HAL_RCC_ClockConfig                      0x080093fd   Thumb Code   412  stm32f4xx_hal_rcc.o(i.HAL_RCC_ClockConfig)
    HAL_RCC_GetHCLKFreq                      0x080095a1   Thumb Code    42  stm32f4xx_hal_rcc.o(i.HAL_RCC_GetHCLKFreq)
    HAL_RCC_GetPCLK1Freq                     0x080095d9   Thumb Code    36  stm32f4xx_hal_rcc.o(i.HAL_RCC_GetPCLK1Freq)
    HAL_RCC_GetPCLK2Freq                     0x08009605   Thumb Code    36  stm32f4xx_hal_rcc.o(i.HAL_RCC_GetPCLK2Freq)
    HAL_RCC_GetSysClockFreq                  0x08009631   Thumb Code   168  stm32f4xx_hal_rcc.o(i.HAL_RCC_GetSysClockFreq)
    HAL_RCC_OscConfig                        0x080096e5   Thumb Code   906  stm32f4xx_hal_rcc.o(i.HAL_RCC_OscConfig)
    HAL_RTCEx_AlarmBEventCallback            0x08009a81   Thumb Code     2  stm32f4xx_hal_rtc_ex.o(i.HAL_RTCEx_AlarmBEventCallback)
    HAL_RTC_AlarmAEventCallback              0x08009a85   Thumb Code    18  rtc.o(i.HAL_RTC_AlarmAEventCallback)
    HAL_RTC_AlarmIRQHandler                  0x08009aa1   Thumb Code   102  stm32f4xx_hal_rtc.o(i.HAL_RTC_AlarmIRQHandler)
    HAL_RTC_DeactivateAlarm                  0x08009b0d   Thumb Code   244  stm32f4xx_hal_rtc.o(i.HAL_RTC_DeactivateAlarm)
    HAL_RTC_GetDate                          0x08009c01   Thumb Code    72  stm32f4xx_hal_rtc.o(i.HAL_RTC_GetDate)
    HAL_RTC_GetState                         0x08009c4d   Thumb Code     6  stm32f4xx_hal_rtc.o(i.HAL_RTC_GetState)
    HAL_RTC_GetTime                          0x08009c55   Thumb Code    92  stm32f4xx_hal_rtc.o(i.HAL_RTC_GetTime)
    HAL_RTC_Init                             0x08009cb5   Thumb Code   176  stm32f4xx_hal_rtc.o(i.HAL_RTC_Init)
    HAL_RTC_MspInit                          0x08009d69   Thumb Code    36  rtc.o(i.HAL_RTC_MspInit)
    HAL_RTC_SetAlarm_IT                      0x08009d95   Thumb Code   548  stm32f4xx_hal_rtc.o(i.HAL_RTC_SetAlarm_IT)
    HAL_RTC_SetDate                          0x08009fbd   Thumb Code   270  stm32f4xx_hal_rtc.o(i.HAL_RTC_SetDate)
    HAL_RTC_SetTime                          0x0800a0d1   Thumb Code   304  stm32f4xx_hal_rtc.o(i.HAL_RTC_SetTime)
    HAL_RTC_WaitForSynchro                   0x0800a205   Thumb Code    58  stm32f4xx_hal_rtc.o(i.HAL_RTC_WaitForSynchro)
    HAL_SPI_Init                             0x0800a23f   Thumb Code   160  stm32f4xx_hal_spi.o(i.HAL_SPI_Init)
    HAL_SPI_MspInit                          0x0800a2e1   Thumb Code   106  spi.o(i.HAL_SPI_MspInit)
    HAL_SYSTICK_CLKSourceConfig              0x0800a35d   Thumb Code    40  stm32f4xx_hal_cortex.o(i.HAL_SYSTICK_CLKSourceConfig)
    HAL_SYSTICK_Config                       0x0800a385   Thumb Code    52  stm32f4xx_hal_cortex.o(i.HAL_SYSTICK_Config)
    HAL_TIMEx_MasterConfigSynchronization    0x0800a3b9   Thumb Code    98  stm32f4xx_hal_tim_ex.o(i.HAL_TIMEx_MasterConfigSynchronization)
    HAL_TIM_MspPostInit                      0x0800a41d   Thumb Code    44  tim.o(i.HAL_TIM_MspPostInit)
    HAL_TIM_PWM_ConfigChannel                0x0800a451   Thumb Code   264  stm32f4xx_hal_tim.o(i.HAL_TIM_PWM_ConfigChannel)
    HAL_TIM_PWM_Init                         0x0800a559   Thumb Code    52  stm32f4xx_hal_tim.o(i.HAL_TIM_PWM_Init)
    HAL_TIM_PWM_MspInit                      0x0800a58d   Thumb Code    44  tim.o(i.HAL_TIM_PWM_MspInit)
    HAL_UART_ErrorCallback                   0x0800a5c1   Thumb Code     2  stm32f4xx_hal_uart.o(i.HAL_UART_ErrorCallback)
    HAL_UART_IRQHandler                      0x0800a5c3   Thumb Code   308  stm32f4xx_hal_uart.o(i.HAL_UART_IRQHandler)
    HAL_UART_Init                            0x0800a6f7   Thumb Code   114  stm32f4xx_hal_uart.o(i.HAL_UART_Init)
    HAL_UART_MspInit                         0x0800a769   Thumb Code    94  usart.o(i.HAL_UART_MspInit)
    HAL_UART_Receive_IT                      0x0800a7d5   Thumb Code   112  stm32f4xx_hal_uart.o(i.HAL_UART_Receive_IT)
    HAL_UART_RxCpltCallback                  0x0800a845   Thumb Code   290  usart.o(i.HAL_UART_RxCpltCallback)
    HAL_UART_Transmit                        0x0800a9cd   Thumb Code   196  stm32f4xx_hal_uart.o(i.HAL_UART_Transmit)
    HAL_UART_TxCpltCallback                  0x0800aa91   Thumb Code     2  stm32f4xx_hal_uart.o(i.HAL_UART_TxCpltCallback)
    Info_Handler                             0x0800af6d   Thumb Code    16  freertos.o(i.Info_Handler)
    LIS2DS12_ACC_GYRO_Pedo_Callback          0x0800af89   Thumb Code    36  g-sensor.o(i.LIS2DS12_ACC_GYRO_Pedo_Callback)
    LIS2DS12_ACC_Get_StepCounter             0x0800afc9   Thumb Code    64  g-sensor.o(i.LIS2DS12_ACC_Get_StepCounter)
    LIS2DS12_ACC_R_STEP_DETECT               0x0800b009   Thumb Code    30  g-sensor.o(i.LIS2DS12_ACC_R_STEP_DETECT)
    LIS2DS12_ACC_R_TAP_IA                    0x0800b027   Thumb Code    30  g-sensor.o(i.LIS2DS12_ACC_R_TAP_IA)
    LIS2DS12_ACC_R_WHO_AM_I_BIT              0x0800b045   Thumb Code    30  g-sensor.o(i.LIS2DS12_ACC_R_WHO_AM_I_BIT)
    LIS2DS12_ACC_ReadReg                     0x0800b065   Thumb Code   100  g-sensor.o(i.LIS2DS12_ACC_ReadReg)
    LIS2DS12_ACC_Tap_Callback                0x0800b0fd   Thumb Code    22  g-sensor.o(i.LIS2DS12_ACC_Tap_Callback)
    LIS2DS12_ACC_W_LIR                       0x0800b113   Thumb Code    56  g-sensor.o(i.LIS2DS12_ACC_W_LIR)
    LIS2DS12_ACC_W_ODR                       0x0800b14b   Thumb Code    56  g-sensor.o(i.LIS2DS12_ACC_W_ODR)
    LIS2DS12_ACC_W_RST_NSTEP                 0x0800b183   Thumb Code    56  g-sensor.o(i.LIS2DS12_ACC_W_RST_NSTEP)
    LIS2DS12_ACC_W_SOFT_RESET                0x0800b1bb   Thumb Code    56  g-sensor.o(i.LIS2DS12_ACC_W_SOFT_RESET)
    LIS2DS12_ACC_W_STEP_CNT_ON               0x0800b1f3   Thumb Code    56  g-sensor.o(i.LIS2DS12_ACC_W_STEP_CNT_ON)
    LIS2DS12_ACC_WriteReg                    0x0800b22d   Thumb Code    62  g-sensor.o(i.LIS2DS12_ACC_WriteReg)
    Loop_Test_Pedometer                      0x0800b289   Thumb Code    14  g-sensor.o(i.Loop_Test_Pedometer)
    MX_ADC1_Init                             0x0800b299   Thumb Code    66  adc.o(i.MX_ADC1_Init)
    MX_FREERTOS_Init                         0x0800b2e5   Thumb Code    30  freertos.o(i.MX_FREERTOS_Init)
    MX_GPIO_Init                             0x0800b30d   Thumb Code   328  gpio.o(i.MX_GPIO_Init)
    MX_I2C1_Init                             0x0800b46d   Thumb Code    42  i2c.o(i.MX_I2C1_Init)
    MX_I2C2_Init                             0x0800b4a5   Thumb Code    42  i2c.o(i.MX_I2C2_Init)
    MX_RTC_Init                              0x0800b4dd   Thumb Code   160  rtc.o(i.MX_RTC_Init)
    MX_SPI1_Init                             0x0800b585   Thumb Code    52  spi.o(i.MX_SPI1_Init)
    MX_TIM3_Init                             0x0800b5c1   Thumb Code    78  tim.o(i.MX_TIM3_Init)
    MX_USART2_UART_Init                      0x0800b619   Thumb Code    40  usart.o(i.MX_USART2_UART_Init)
    RTC_AlarmConfig                          0x0800b681   Thumb Code    72  rtc.o(i.RTC_AlarmConfig)
    RTC_Alarm_IRQHandler                     0x0800b6d1   Thumb Code    10  stm32f4xx_it.o(i.RTC_Alarm_IRQHandler)
    RTC_Bcd2ToByte                           0x0800b6e1   Thumb Code    22  stm32f4xx_hal_rtc.o(i.RTC_Bcd2ToByte)
    RTC_ByteToBcd2                           0x0800b6f7   Thumb Code    26  stm32f4xx_hal_rtc.o(i.RTC_ByteToBcd2)
    RTC_EnterInitMode                        0x0800b711   Thumb Code    62  stm32f4xx_hal_rtc.o(i.RTC_EnterInitMode)
    RTC_Read_datetime                        0x0800b751   Thumb Code    92  rtc.o(i.RTC_Read_datetime)
    SEGGER_RTT_Init                          0x0800b7b1   Thumb Code     8  segger_rtt.o(i.SEGGER_RTT_Init)
    SEGGER_RTT_Write                         0x0800b7b9   Thumb Code   364  segger_rtt.o(i.SEGGER_RTT_Write)
    SEGGER_RTT_printf                        0x0800b929   Thumb Code    26  segger_rtt_printf.o(i.SEGGER_RTT_printf)
    SEGGER_RTT_vprintf                       0x0800b943   Thumb Code   504  segger_rtt_printf.o(i.SEGGER_RTT_vprintf)
    StartDefaultTask                         0x0800bb55   Thumb Code   148  freertos.o(i.StartDefaultTask)
    SysTick_Handler                          0x0800bc29   Thumb Code    12  stm32f4xx_it.o(i.SysTick_Handler)
    SystemClock_Config                       0x0800bc35   Thumb Code   170  main.o(i.SystemClock_Config)
    SystemInit                               0x0800bce9   Thumb Code    82  system_stm32f4xx.o(i.SystemInit)
    TIM_Base_SetConfig                       0x0800bd4d   Thumb Code   148  stm32f4xx_hal_tim.o(i.TIM_Base_SetConfig)
    TIM_OC2_SetConfig                        0x0800be61   Thumb Code   106  stm32f4xx_hal_tim.o(i.TIM_OC2_SetConfig)
    USART2_IRQHandler                        0x0800c531   Thumb Code    10  stm32f4xx_it.o(i.USART2_IRQHandler)
    __scatterload_copy                       0x0800c765   Thumb Code    14  handlers.o(i.__scatterload_copy)
    __scatterload_null                       0x0800c773   Thumb Code     2  handlers.o(i.__scatterload_null)
    __scatterload_zeroinit                   0x0800c775   Thumb Code    14  handlers.o(i.__scatterload_zeroinit)
    as7000_init                              0x0800c783   Thumb Code    12  hrs.o(i.as7000_init)
    check_sum                                0x0800c7c9   Thumb Code    26  comm.o(i.check_sum)
    flickLeft                                0x0800c7e5   Thumb Code    14  touch.o(i.flickLeft)
    flickRight                               0x0800c805   Thumb Code    14  touch.o(i.flickRight)
    func_DispTask                            0x0800c825   Thumb Code    12  freertos.o(i.func_DispTask)
    func_sensorTask                          0x0800c831   Thumb Code    94  freertos.o(i.func_sensorTask)
    func_touchTask                           0x0800c8a5   Thumb Code    34  freertos.o(i.func_touchTask)
    func_uartTask                            0x0800c8cd   Thumb Code    28  freertos.o(i.func_uartTask)
    handleEvents                             0x0800c8e9   Thumb Code   228  touch.o(i.handleEvents)
    lis2ds12_init                            0x0800caa1   Thumb Code    30  g-sensor.o(i.lis2ds12_init)
    main                                     0x0800cac1   Thumb Code    66  main.o(i.main)
    movementEvent                            0x0800cb1d   Thumb Code     6  touch.o(i.movementEvent)
    osDelay                                  0x0800cb29   Thumb Code    24  cmsis_os.o(i.osDelay)
    osKernelStart                            0x0800cb41   Thumb Code    10  cmsis_os.o(i.osKernelStart)
    osSignalSet                              0x0800cb4d   Thumb Code    82  cmsis_os.o(i.osSignalSet)
    osSignalWait                             0x0800cba5   Thumb Code   100  cmsis_os.o(i.osSignalWait)
    osSystickHandler                         0x0800cc09   Thumb Code    16  cmsis_os.o(i.osSystickHandler)
    osThreadCreate                           0x0800cc19   Thumb Code    58  cmsis_os.o(i.osThreadCreate)
    osThreadTerminate                        0x0800cc53   Thumb Code    14  cmsis_os.o(i.osThreadTerminate)
    proxEvent                                0x0800cc61   Thumb Code    14  touch.o(i.proxEvent)
    pvPortMalloc                             0x0800d4d9   Thumb Code   296  heap_4.o(i.pvPortMalloc)
    pvTaskIncrementMutexHeldCount            0x0800d615   Thumb Code    26  tasks.o(i.pvTaskIncrementMutexHeldCount)
    pxPortInitialiseStack                    0x0800d635   Thumb Code    34  port.o(i.pxPortInitialiseStack)
    read_rtc_status                          0x0800d65d   Thumb Code    16  rtc.o(i.read_rtc_status)
    send_message                             0x0800d671   Thumb Code    52  freertos.o(i.send_message)
    send_sensor_data                         0x0800d6b1   Thumb Code    82  comm.o(i.send_sensor_data)
    slideEvent                               0x0800d70d   Thumb Code    52  touch.o(i.slideEvent)
    tapEvent                                 0x0800d751   Thumb Code    14  touch.o(i.tapEvent)
    touchEvent                               0x0800d771   Thumb Code    18  touch.o(i.touchEvent)
    uart2_read                               0x0800d795   Thumb Code    30  usart.o(i.uart2_read)
    uart2_send                               0x0800d7d5   Thumb Code    22  usart.o(i.uart2_send)
    uxListRemove                             0x0800d7f1   Thumb Code    40  list.o(i.uxListRemove)
    vListInitialise                          0x0800d819   Thumb Code    26  list.o(i.vListInitialise)
    vListInitialiseItem                      0x0800d833   Thumb Code     6  list.o(i.vListInitialiseItem)
    vListInsert                              0x0800d839   Thumb Code    52  list.o(i.vListInsert)
    vListInsertEnd                           0x0800d86d   Thumb Code    24  list.o(i.vListInsertEnd)
    vPortEnterCritical                       0x0800d885   Thumb Code    76  port.o(i.vPortEnterCritical)
    vPortExitCritical                        0x0800d8d9   Thumb Code    56  port.o(i.vPortExitCritical)
    vPortFree                                0x0800d915   Thumb Code   140  heap_4.o(i.vPortFree)
    vPortSetupTimerInterrupt                 0x0800d9a9   Thumb Code    26  port.o(i.vPortSetupTimerInterrupt)
    vPortValidateInterruptPriority           0x0800d9c9   Thumb Code   106  port.o(i.vPortValidateInterruptPriority)
    vQueueAddToRegistry                      0x0800da41   Thumb Code    38  queue.o(i.vQueueAddToRegistry)
    vQueueWaitForMessageRestricted           0x0800da6d   Thumb Code    58  queue.o(i.vQueueWaitForMessageRestricted)
    vTaskDelay                               0x0800daa9   Thumb Code   120  tasks.o(i.vTaskDelay)
    vTaskDelete                              0x0800db35   Thumb Code   186  tasks.o(i.vTaskDelete)
    vTaskMissedYield                         0x0800dc15   Thumb Code     8  tasks.o(i.vTaskMissedYield)
    vTaskPlaceOnEventList                    0x0800dc21   Thumb Code   108  tasks.o(i.vTaskPlaceOnEventList)
    vTaskPlaceOnEventListRestricted          0x0800dc9d   Thumb Code    90  tasks.o(i.vTaskPlaceOnEventListRestricted)
    vTaskPriorityInherit                     0x0800dd05   Thumb Code   164  tasks.o(i.vTaskPriorityInherit)
    vTaskSetTimeOutState                     0x0800ddb5   Thumb Code    38  tasks.o(i.vTaskSetTimeOutState)
    vTaskStartScheduler                      0x0800dde5   Thumb Code   102  tasks.o(i.vTaskStartScheduler)
    vTaskSuspendAll                          0x0800de61   Thumb Code    12  tasks.o(i.vTaskSuspendAll)
    vTaskSwitchContext                       0x0800de71   Thumb Code   118  tasks.o(i.vTaskSwitchContext)
    xPortStartScheduler                      0x0800defd   Thumb Code   288  port.o(i.xPortStartScheduler)
    xPortSysTickHandler                      0x0800e039   Thumb Code    48  port.o(i.xPortSysTickHandler)
    xQueueGenericCreate                      0x0800e06d   Thumb Code   140  queue.o(i.xQueueGenericCreate)
    xQueueGenericReceive                     0x0800e0f9   Thumb Code   424  queue.o(i.xQueueGenericReceive)
    xQueueGenericReset                       0x0800e2a5   Thumb Code   144  queue.o(i.xQueueGenericReset)
    xQueueGenericSend                        0x0800e339   Thumb Code   412  queue.o(i.xQueueGenericSend)
    xQueueGenericSendFromISR                 0x0800e4d9   Thumb Code   240  queue.o(i.xQueueGenericSendFromISR)
    xTaskCheckForTimeOut                     0x0800e5c9   Thumb Code   132  tasks.o(i.xTaskCheckForTimeOut)
    xTaskGenericCreate                       0x0800e655   Thumb Code   340  tasks.o(i.xTaskGenericCreate)
    xTaskGenericNotify                       0x0800e7c5   Thumb Code   242  tasks.o(i.xTaskGenericNotify)
    xTaskGetSchedulerState                   0x0800e8c9   Thumb Code    24  tasks.o(i.xTaskGetSchedulerState)
    xTaskGetTickCount                        0x0800e8e9   Thumb Code     6  tasks.o(i.xTaskGetTickCount)
    xTaskIncrementTick                       0x0800e8f5   Thumb Code   286  tasks.o(i.xTaskIncrementTick)
    xTaskNotifyFromISR                       0x0800ea41   Thumb Code   274  tasks.o(i.xTaskNotifyFromISR)
    xTaskNotifyWait                          0x0800eb69   Thumb Code   208  tasks.o(i.xTaskNotifyWait)
    xTaskPriorityDisinherit                  0x0800ec4d   Thumb Code   188  tasks.o(i.xTaskPriorityDisinherit)
    xTaskRemoveFromEventList                 0x0800ed15   Thumb Code   128  tasks.o(i.xTaskRemoveFromEventList)
    xTaskResumeAll                           0x0800edad   Thumb Code   224  tasks.o(i.xTaskResumeAll)
    xTimerCreateTimerTask                    0x0800eeb1   Thumb Code    72  timers.o(i.xTimerCreateTimerTask)
    xTimerGenericCommand                     0x0800ef09   Thumb Code   102  timers.o(i.xTimerGenericCommand)
    APBAHBPrescTable                         0x0800efe8   Data          16  stm32f4xx_hal_rcc.o(.constdata)
    Region$$Table$$Base                      0x0800f044   Number         0  anon$$obj.o(Region$$Table)
    Region$$Table$$Limit                     0x0800f064   Number         0  anon$$obj.o(Region$$Table)
    defaultTaskHandle                        0x20000004   Data           4  freertos.o(.data)
    Lcd_disp_TaskHandle                      0x20000008   Data           4  freertos.o(.data)
    touch_TaskHandle                         0x2000000c   Data           4  freertos.o(.data)
    sensor_TaskHandle                        0x20000010   Data           4  freertos.o(.data)
    uart_TaskHandle                          0x20000014   Data           4  freertos.o(.data)
    init_finish                              0x20000018   Data           1  freertos.o(.data)
    work_flag                                0x2000001e   Data           1  touch.o(.data)
    current_sensor_data                      0x20000098   Data           8  comm.o(.data)
    curr_mode                                0x200000a6   Data           1  comm.o(.data)
    bat_upload                               0x200000a7   Data           1  comm.o(.data)
    uwTick                                   0x200000a8   Data           4  stm32f4xx_hal.o(.data)
    SystemCoreClock                          0x200000ac   Data           4  system_stm32f4xx.o(.data)
    pxCurrentTCB                             0x200000c0   Data           4  tasks.o(.data)
    htim3                                    0x2000011c   Data          60  tim.o(.bss)
    hadc1                                    0x20000158   Data          72  adc.o(.bss)
    hi2c1                                    0x200001a0   Data          68  i2c.o(.bss)
    hi2c2                                    0x200001e4   Data          68  i2c.o(.bss)
    buffer                                   0x20000228   Data          32  usart.o(.bss)
    huart2                                   0x20000248   Data          64  usart.o(.bss)
    hspi1                                    0x20000288   Data          88  spi.o(.bss)
    hrtc                                     0x200002e0   Data          32  rtc.o(.bss)
    xQueueRegistry                           0x2000085c   Data          64  queue.o(.bss)
    __initial_sp                             0x200046a0   Data           0  startup_stm32f401xe.o(STACK)



==============================================================================

Memory Map of the image

  Image Entry point : 0x08008195

  Load Region LR_IROM1 (Base: 0x08008000, Size: 0x00007180, Max: 0x00038000, ABSOLUTE)

    Execution Region ER_IROM1 (Base: 0x08008000, Size: 0x00007064, Max: 0x00038000, ABSOLUTE)

    Base Addr    Size         Type   Attr      Idx    E Section Name        Object

    0x08008000   0x00000194   Data   RO         2628    RESET               startup_stm32f401xe.o
    0x08008194   0x00000000   Code   RO         7454  * .ARM.Collect$$$$00000000  mc_w.l(entry.o)
    0x08008194   0x00000004   Code   RO         7469    .ARM.Collect$$$$00000001  mc_w.l(entry2.o)
    0x08008198   0x00000004   Code   RO         7472    .ARM.Collect$$$$00000004  mc_w.l(entry5.o)
    0x0800819c   0x00000000   Code   RO         7474    .ARM.Collect$$$$00000008  mc_w.l(entry7b.o)
    0x0800819c   0x00000000   Code   RO         7476    .ARM.Collect$$$$0000000A  mc_w.l(entry8b.o)
    0x0800819c   0x00000008   Code   RO         7477    .ARM.Collect$$$$0000000B  mc_w.l(entry9a.o)
    0x080081a4   0x00000000   Code   RO         7479    .ARM.Collect$$$$0000000D  mc_w.l(entry10a.o)
    0x080081a4   0x00000000   Code   RO         7481    .ARM.Collect$$$$0000000F  mc_w.l(entry11a.o)
    0x080081a4   0x00000004   Code   RO         7470    .ARM.Collect$$$$00002712  mc_w.l(entry2.o)
    0x080081a8   0x000000ba   Code   RO         7150    .emb_text           port.o
    0x08008262   0x00000002   PAD
    0x08008264   0x00000024   Code   RO         2629    .text               startup_stm32f401xe.o
    0x08008288   0x00000040   Code   RO         7461    .text               mc_w.l(memmovea.o)
    0x080082c8   0x00000024   Code   RO         7463    .text               mc_w.l(memseta.o)
    0x080082ec   0x00000024   Code   RO         7485    .text               mc_w.l(init.o)
    0x08008310   0x00000010   Code   RO          166    i.ADC_IRQHandler    stm32f4xx_it.o
    0x08008320   0x00000178   Code   RO         4943    i.ADC_Init          stm32f4xx_hal_adc.o
    0x08008498   0x0000000a   Code   RO          167    i.EXTI0_IRQHandler  stm32f4xx_it.o
    0x080084a2   0x0000001c   Code   RO          168    i.EXTI15_10_IRQHandler  stm32f4xx_it.o
    0x080084be   0x00000002   PAD
    0x080084c0   0x0000001c   Code   RO          495    i.Error_Handler     freertos.o
    0x080084dc   0x00000002   Code   RO         3659    i.HAL_ADCEx_InjectedConvCpltCallback  stm32f4xx_hal_adc_ex.o
    0x080084de   0x00000002   PAD
    0x080084e0   0x00000194   Code   RO         4945    i.HAL_ADC_ConfigChannel  stm32f4xx_hal_adc.o
    0x08008674   0x00000010   Code   RO         2056    i.HAL_ADC_ConvCpltCallback  power.o
    0x08008684   0x00000002   Code   RO         4949    i.HAL_ADC_ErrorCallback  stm32f4xx_hal_adc.o
    0x08008686   0x00000008   Code   RO         4952    i.HAL_ADC_GetValue  stm32f4xx_hal_adc.o
    0x0800868e   0x00000174   Code   RO         4953    i.HAL_ADC_IRQHandler  stm32f4xx_hal_adc.o
    0x08008802   0x00000002   PAD
    0x08008804   0x00000068   Code   RO         4954    i.HAL_ADC_Init      stm32f4xx_hal_adc.o
    0x0800886c   0x00000002   Code   RO         4955    i.HAL_ADC_LevelOutOfWindowCallback  stm32f4xx_hal_adc.o
    0x0800886e   0x00000002   PAD
    0x08008870   0x00000064   Code   RO          270    i.HAL_ADC_MspInit   adc.o
    0x080088d4   0x00000080   Code   RO          314    i.HAL_GPIO_EXTI_Callback  gpio.o
    0x08008954   0x0000001c   Code   RO         5454    i.HAL_GPIO_EXTI_IRQHandler  stm32f4xx_hal_gpio.o
    0x08008970   0x000001d4   Code   RO         5455    i.HAL_GPIO_Init     stm32f4xx_hal_gpio.o
    0x08008b44   0x0000000c   Code   RO         5459    i.HAL_GPIO_WritePin  stm32f4xx_hal_gpio.o
    0x08008b50   0x0000000c   Code   RO         2905    i.HAL_GetTick       stm32f4xx_hal.o
    0x08008b5c   0x00000006   Code   RO         5525    i.HAL_I2C_GetError  stm32f4xx_hal_i2c.o
    0x08008b62   0x00000002   PAD
    0x08008b64   0x00000128   Code   RO         5528    i.HAL_I2C_Init      stm32f4xx_hal_i2c.o
    0x08008c8c   0x00000278   Code   RO         5534    i.HAL_I2C_Master_Receive  stm32f4xx_hal_i2c.o
    0x08008f04   0x00000148   Code   RO         5539    i.HAL_I2C_Master_Transmit  stm32f4xx_hal_i2c.o
    0x0800904c   0x000000c0   Code   RO          349    i.HAL_I2C_MspInit   i2c.o
    0x0800910c   0x00000010   Code   RO         2906    i.HAL_IncTick       stm32f4xx_hal.o
    0x0800911c   0x0000003c   Code   RO         2907    i.HAL_Init          stm32f4xx_hal.o
    0x08009158   0x00000024   Code   RO         2908    i.HAL_InitTick      stm32f4xx_hal.o
    0x0800917c   0x00000014   Code   RO          472    i.HAL_MspInit       stm32f4xx_hal_msp.o
    0x08009190   0x0000001a   Code   RO         6109    i.HAL_NVIC_EnableIRQ  stm32f4xx_hal_cortex.o
    0x080091aa   0x0000007c   Code   RO         6115    i.HAL_NVIC_SetPriority  stm32f4xx_hal_cortex.o
    0x08009226   0x00000002   PAD
    0x08009228   0x00000028   Code   RO         6116    i.HAL_NVIC_SetPriorityGrouping  stm32f4xx_hal_cortex.o
    0x08009250   0x000001ac   Code   RO         5111    i.HAL_RCCEx_PeriphCLKConfig  stm32f4xx_hal_rcc_ex.o
    0x080093fc   0x000001a4   Code   RO         3279    i.HAL_RCC_ClockConfig  stm32f4xx_hal_rcc.o
    0x080095a0   0x00000038   Code   RO         3284    i.HAL_RCC_GetHCLKFreq  stm32f4xx_hal_rcc.o
    0x080095d8   0x0000002c   Code   RO         3286    i.HAL_RCC_GetPCLK1Freq  stm32f4xx_hal_rcc.o
    0x08009604   0x0000002c   Code   RO         3287    i.HAL_RCC_GetPCLK2Freq  stm32f4xx_hal_rcc.o
    0x08009630   0x000000b4   Code   RO         3288    i.HAL_RCC_GetSysClockFreq  stm32f4xx_hal_rcc.o
    0x080096e4   0x0000039c   Code   RO         3291    i.HAL_RCC_OscConfig  stm32f4xx_hal_rcc.o
    0x08009a80   0x00000002   Code   RO         5224    i.HAL_RTCEx_AlarmBEventCallback  stm32f4xx_hal_rtc_ex.o
    0x08009a82   0x00000002   PAD
    0x08009a84   0x0000001c   Code   RO          692    i.HAL_RTC_AlarmAEventCallback  rtc.o
    0x08009aa0   0x0000006c   Code   RO         2755    i.HAL_RTC_AlarmIRQHandler  stm32f4xx_hal_rtc.o
    0x08009b0c   0x000000f4   Code   RO         2757    i.HAL_RTC_DeactivateAlarm  stm32f4xx_hal_rtc.o
    0x08009c00   0x0000004c   Code   RO         2759    i.HAL_RTC_GetDate   stm32f4xx_hal_rtc.o
    0x08009c4c   0x00000006   Code   RO         2760    i.HAL_RTC_GetState  stm32f4xx_hal_rtc.o
    0x08009c52   0x00000002   PAD
    0x08009c54   0x00000060   Code   RO         2761    i.HAL_RTC_GetTime   stm32f4xx_hal_rtc.o
    0x08009cb4   0x000000b4   Code   RO         2762    i.HAL_RTC_Init      stm32f4xx_hal_rtc.o
    0x08009d68   0x0000002c   Code   RO          694    i.HAL_RTC_MspInit   rtc.o
    0x08009d94   0x00000228   Code   RO         2767    i.HAL_RTC_SetAlarm_IT  stm32f4xx_hal_rtc.o
    0x08009fbc   0x00000114   Code   RO         2768    i.HAL_RTC_SetDate   stm32f4xx_hal_rtc.o
    0x0800a0d0   0x00000134   Code   RO         2769    i.HAL_RTC_SetTime   stm32f4xx_hal_rtc.o
    0x0800a204   0x0000003a   Code   RO         2770    i.HAL_RTC_WaitForSynchro  stm32f4xx_hal_rtc.o
    0x0800a23e   0x000000a0   Code   RO         4649    i.HAL_SPI_Init      stm32f4xx_hal_spi.o
    0x0800a2de   0x00000002   PAD
    0x0800a2e0   0x0000007c   Code   RO          651    i.HAL_SPI_MspInit   spi.o
    0x0800a35c   0x00000028   Code   RO         6118    i.HAL_SYSTICK_CLKSourceConfig  stm32f4xx_hal_cortex.o
    0x0800a384   0x00000034   Code   RO         6120    i.HAL_SYSTICK_Config  stm32f4xx_hal_cortex.o
    0x0800a3b8   0x00000062   Code   RO         3056    i.HAL_TIMEx_MasterConfigSynchronization  stm32f4xx_hal_tim_ex.o
    0x0800a41a   0x00000002   PAD
    0x0800a41c   0x00000034   Code   RO            4    i.HAL_TIM_MspPostInit  tim.o
    0x0800a450   0x00000108   Code   RO         3985    i.HAL_TIM_PWM_ConfigChannel  stm32f4xx_hal_tim.o
    0x0800a558   0x00000034   Code   RO         3988    i.HAL_TIM_PWM_Init  stm32f4xx_hal_tim.o
    0x0800a58c   0x00000034   Code   RO            6    i.HAL_TIM_PWM_MspInit  tim.o
    0x0800a5c0   0x00000002   Code   RO         3395    i.HAL_UART_ErrorCallback  stm32f4xx_hal_uart.o
    0x0800a5c2   0x00000134   Code   RO         3398    i.HAL_UART_IRQHandler  stm32f4xx_hal_uart.o
    0x0800a6f6   0x00000072   Code   RO         3399    i.HAL_UART_Init     stm32f4xx_hal_uart.o
    0x0800a768   0x0000006c   Code   RO          412    i.HAL_UART_MspInit  usart.o
    0x0800a7d4   0x00000070   Code   RO         3404    i.HAL_UART_Receive_IT  stm32f4xx_hal_uart.o
    0x0800a844   0x00000188   Code   RO          413    i.HAL_UART_RxCpltCallback  usart.o
    0x0800a9cc   0x000000c4   Code   RO         3407    i.HAL_UART_Transmit  stm32f4xx_hal_uart.o
    0x0800aa90   0x00000002   Code   RO         3410    i.HAL_UART_TxCpltCallback  stm32f4xx_hal_uart.o
    0x0800aa92   0x00000034   Code   RO         5569    i.I2C_IsAcknowledgeFailed  stm32f4xx_hal_i2c.o
    0x0800aac6   0x00000002   PAD
    0x0800aac8   0x00000130   Code   RO         5572    i.I2C_MasterRequestRead  stm32f4xx_hal_i2c.o
    0x0800abf8   0x000000b4   Code   RO         5573    i.I2C_MasterRequestWrite  stm32f4xx_hal_i2c.o
    0x0800acac   0x0000005a   Code   RO         5585    i.I2C_WaitOnBTFFlagUntilTimeout  stm32f4xx_hal_i2c.o
    0x0800ad06   0x000000e6   Code   RO         5586    i.I2C_WaitOnFlagUntilTimeout  stm32f4xx_hal_i2c.o
    0x0800adec   0x000000b2   Code   RO         5587    i.I2C_WaitOnMasterAddressFlagUntilTimeout  stm32f4xx_hal_i2c.o
    0x0800ae9e   0x00000074   Code   RO         5588    i.I2C_WaitOnRXNEFlagUntilTimeout  stm32f4xx_hal_i2c.o
    0x0800af12   0x0000005a   Code   RO         5590    i.I2C_WaitOnTXEFlagUntilTimeout  stm32f4xx_hal_i2c.o
    0x0800af6c   0x0000001c   Code   RO          496    i.Info_Handler      freertos.o
    0x0800af88   0x00000040   Code   RO          808    i.LIS2DS12_ACC_GYRO_Pedo_Callback  g-sensor.o
    0x0800afc8   0x00000040   Code   RO          812    i.LIS2DS12_ACC_Get_StepCounter  g-sensor.o
    0x0800b008   0x0000001e   Code   RO          894    i.LIS2DS12_ACC_R_STEP_DETECT  g-sensor.o
    0x0800b026   0x0000001e   Code   RO          897    i.LIS2DS12_ACC_R_TAP_IA  g-sensor.o
    0x0800b044   0x0000001e   Code   RO          907    i.LIS2DS12_ACC_R_WHO_AM_I_BIT  g-sensor.o
    0x0800b062   0x00000002   PAD
    0x0800b064   0x00000098   Code   RO          925    i.LIS2DS12_ACC_ReadReg  g-sensor.o
    0x0800b0fc   0x00000016   Code   RO          927    i.LIS2DS12_ACC_Tap_Callback  g-sensor.o
    0x0800b112   0x00000038   Code   RO          960    i.LIS2DS12_ACC_W_LIR  g-sensor.o
    0x0800b14a   0x00000038   Code   RO          964    i.LIS2DS12_ACC_W_ODR  g-sensor.o
    0x0800b182   0x00000038   Code   RO          969    i.LIS2DS12_ACC_W_RST_NSTEP  g-sensor.o
    0x0800b1ba   0x00000038   Code   RO          976    i.LIS2DS12_ACC_W_SOFT_RESET  g-sensor.o
    0x0800b1f2   0x00000038   Code   RO          978    i.LIS2DS12_ACC_W_STEP_CNT_ON  g-sensor.o
    0x0800b22a   0x00000002   PAD
    0x0800b22c   0x0000005c   Code   RO          988    i.LIS2DS12_ACC_WriteReg  g-sensor.o
    0x0800b288   0x0000000e   Code   RO          989    i.Loop_Test_Pedometer  g-sensor.o
    0x0800b296   0x00000002   PAD
    0x0800b298   0x0000004c   Code   RO          271    i.MX_ADC1_Init      adc.o
    0x0800b2e4   0x00000028   Code   RO          497    i.MX_FREERTOS_Init  freertos.o
    0x0800b30c   0x00000160   Code   RO          315    i.MX_GPIO_Init      gpio.o
    0x0800b46c   0x00000038   Code   RO          350    i.MX_I2C1_Init      i2c.o
    0x0800b4a4   0x00000038   Code   RO          351    i.MX_I2C2_Init      i2c.o
    0x0800b4dc   0x000000a8   Code   RO          695    i.MX_RTC_Init       rtc.o
    0x0800b584   0x0000003c   Code   RO          652    i.MX_SPI1_Init      spi.o
    0x0800b5c0   0x00000058   Code   RO            7    i.MX_TIM3_Init      tim.o
    0x0800b618   0x00000030   Code   RO          414    i.MX_USART2_UART_Init  usart.o
    0x0800b648   0x00000010   Code   RO         6122    i.NVIC_GetPriorityGrouping  stm32f4xx_hal_cortex.o
    0x0800b658   0x00000028   Code   RO         6123    i.NVIC_SetPriority  stm32f4xx_hal_cortex.o
    0x0800b680   0x00000050   Code   RO          696    i.RTC_AlarmConfig   rtc.o
    0x0800b6d0   0x00000010   Code   RO          169    i.RTC_Alarm_IRQHandler  stm32f4xx_it.o
    0x0800b6e0   0x00000016   Code   RO         2771    i.RTC_Bcd2ToByte    stm32f4xx_hal_rtc.o
    0x0800b6f6   0x0000001a   Code   RO         2772    i.RTC_ByteToBcd2    stm32f4xx_hal_rtc.o
    0x0800b710   0x0000003e   Code   RO         2773    i.RTC_EnterInitMode  stm32f4xx_hal_rtc.o
    0x0800b74e   0x00000002   PAD
    0x0800b750   0x00000060   Code   RO          697    i.RTC_Read_datetime  rtc.o
    0x0800b7b0   0x00000008   Code   RO         2095    i.SEGGER_RTT_Init   segger_rtt.o
    0x0800b7b8   0x00000170   Code   RO         2098    i.SEGGER_RTT_Write  segger_rtt.o
    0x0800b928   0x0000001a   Code   RO         2168    i.SEGGER_RTT_printf  segger_rtt_printf.o
    0x0800b942   0x000001f8   Code   RO         2169    i.SEGGER_RTT_vprintf  segger_rtt_printf.o
    0x0800bb3a   0x0000001a   Code   RO          991    i.SetupPedoEvent    g-sensor.o
    0x0800bb54   0x000000d4   Code   RO          498    i.StartDefaultTask  freertos.o
    0x0800bc28   0x0000000c   Code   RO          170    i.SysTick_Handler   stm32f4xx_it.o
    0x0800bc34   0x000000b4   Code   RO          596    i.SystemClock_Config  main.o
    0x0800bce8   0x00000064   Code   RO         6235    i.SystemInit        system_stm32f4xx.o
    0x0800bd4c   0x000000b0   Code   RO         4003    i.TIM_Base_SetConfig  stm32f4xx_hal_tim.o
    0x0800bdfc   0x00000064   Code   RO         4012    i.TIM_OC1_SetConfig  stm32f4xx_hal_tim.o
    0x0800be60   0x00000070   Code   RO         4013    i.TIM_OC2_SetConfig  stm32f4xx_hal_tim.o
    0x0800bed0   0x0000006c   Code   RO         4014    i.TIM_OC3_SetConfig  stm32f4xx_hal_tim.o
    0x0800bf3c   0x00000058   Code   RO         4015    i.TIM_OC4_SetConfig  stm32f4xx_hal_tim.o
    0x0800bf94   0x00000020   Code   RO         3417    i.UART_EndTransmit_IT  stm32f4xx_hal_uart.o
    0x0800bfb4   0x000000a6   Code   RO         3418    i.UART_Receive_IT   stm32f4xx_hal_uart.o
    0x0800c05a   0x00000002   PAD
    0x0800c05c   0x00000368   Code   RO         3419    i.UART_SetConfig    stm32f4xx_hal_uart.o
    0x0800c3c4   0x00000068   Code   RO         3420    i.UART_Transmit_IT  stm32f4xx_hal_uart.o
    0x0800c42c   0x00000104   Code   RO         3421    i.UART_WaitOnFlagUntilTimeout  stm32f4xx_hal_uart.o
    0x0800c530   0x00000010   Code   RO          171    i.USART2_IRQHandler  stm32f4xx_it.o
    0x0800c540   0x00000002   Code   RO         2100    i._Init             segger_rtt.o
    0x0800c542   0x000000ea   Code   RO         2170    i._PrintInt         segger_rtt_printf.o
    0x0800c62c   0x000000f4   Code   RO         2171    i._PrintUnsigned    segger_rtt_printf.o
    0x0800c720   0x00000044   Code   RO         2172    i._StoreChar        segger_rtt_printf.o
    0x0800c764   0x0000000e   Code   RO         7493    i.__scatterload_copy  mc_w.l(handlers.o)
    0x0800c772   0x00000002   Code   RO         7494    i.__scatterload_null  mc_w.l(handlers.o)
    0x0800c774   0x0000000e   Code   RO         7495    i.__scatterload_zeroinit  mc_w.l(handlers.o)
    0x0800c782   0x0000000c   Code   RO          761    i.as7000_init       hrs.o
    0x0800c78e   0x00000002   PAD
    0x0800c790   0x00000038   Code   RO          762    i.as7000_power      hrs.o
    0x0800c7c8   0x0000001a   Code   RO         2211    i.check_sum         comm.o
    0x0800c7e2   0x00000002   PAD
    0x0800c7e4   0x00000020   Code   RO         1963    i.flickLeft         touch.o
    0x0800c804   0x00000020   Code   RO         1964    i.flickRight        touch.o
    0x0800c824   0x0000000c   Code   RO          499    i.func_DispTask     freertos.o
    0x0800c830   0x00000074   Code   RO          500    i.func_sensorTask   freertos.o
    0x0800c8a4   0x00000028   Code   RO          501    i.func_touchTask    freertos.o
    0x0800c8cc   0x0000001c   Code   RO          502    i.func_uartTask     freertos.o
    0x0800c8e8   0x000000ec   Code   RO         1965    i.handleEvents      touch.o
    0x0800c9d4   0x00000010   Code   RO         6378    i.inHandlerMode     cmsis_os.o
    0x0800c9e4   0x00000024   Code   RO          993    i.init_LIS2DS12_Pedometer  g-sensor.o
    0x0800ca08   0x0000004c   Code   RO         1966    i.iqs263_ReadBytes  touch.o
    0x0800ca54   0x0000004c   Code   RO         1967    i.iqs263_WriteBytes  touch.o
    0x0800caa0   0x0000001e   Code   RO          995    i.lis2ds12_init     g-sensor.o
    0x0800cabe   0x00000002   PAD
    0x0800cac0   0x0000004c   Code   RO          597    i.main              main.o
    0x0800cb0c   0x0000000e   Code   RO         6380    i.makeFreeRtosPriority  cmsis_os.o
    0x0800cb1a   0x00000002   PAD
    0x0800cb1c   0x0000000c   Code   RO         1969    i.movementEvent     touch.o
    0x0800cb28   0x00000018   Code   RO         6381    i.osDelay           cmsis_os.o
    0x0800cb40   0x0000000a   Code   RO         6384    i.osKernelStart     cmsis_os.o
    0x0800cb4a   0x00000002   PAD
    0x0800cb4c   0x00000058   Code   RO         6411    i.osSignalSet       cmsis_os.o
    0x0800cba4   0x00000064   Code   RO         6412    i.osSignalWait      cmsis_os.o
    0x0800cc08   0x00000010   Code   RO         6413    i.osSystickHandler  cmsis_os.o
    0x0800cc18   0x0000003a   Code   RO         6414    i.osThreadCreate    cmsis_os.o
    0x0800cc52   0x0000000e   Code   RO         6423    i.osThreadTerminate  cmsis_os.o
    0x0800cc60   0x00000020   Code   RO         1970    i.proxEvent         touch.o
    0x0800cc80   0x00000054   Code   RO         6803    i.prvAddCurrentTaskToDelayedList  tasks.o
    0x0800ccd4   0x00000042   Code   RO         6804    i.prvAllocateTCBAndStack  tasks.o
    0x0800cd16   0x00000002   PAD
    0x0800cd18   0x00000080   Code   RO         6266    i.prvCheckForValidListAndQueue  timers.o
    0x0800cd98   0x00000064   Code   RO         6805    i.prvCheckTasksWaitingTermination  tasks.o
    0x0800cdfc   0x0000002a   Code   RO         7215    i.prvCopyDataFromQueue  queue.o
    0x0800ce26   0x00000080   Code   RO         7216    i.prvCopyDataToQueue  queue.o
    0x0800cea6   0x00000012   Code   RO         6806    i.prvDeleteTCB      tasks.o
    0x0800ceb8   0x00000028   Code   RO         6267    i.prvGetNextExpireTime  timers.o
    0x0800cee0   0x0000007c   Code   RO         7393    i.prvHeapInit       heap_4.o
    0x0800cf5c   0x00000028   Code   RO         6807    i.prvIdleTask       tasks.o
    0x0800cf84   0x00000062   Code   RO         6808    i.prvInitialiseTCBVariables  tasks.o
    0x0800cfe6   0x00000002   PAD
    0x0800cfe8   0x00000068   Code   RO         6809    i.prvInitialiseTaskLists  tasks.o
    0x0800d050   0x00000068   Code   RO         7394    i.prvInsertBlockIntoFreeList  heap_4.o
    0x0800d0b8   0x00000058   Code   RO         6268    i.prvInsertTimerInActiveList  timers.o
    0x0800d110   0x0000001a   Code   RO         7217    i.prvIsQueueEmpty   queue.o
    0x0800d12a   0x0000001e   Code   RO         7218    i.prvIsQueueFull    queue.o
    0x0800d148   0x00000064   Code   RO         6269    i.prvProcessExpiredTimer  timers.o
    0x0800d1ac   0x000000f8   Code   RO         6270    i.prvProcessReceivedCommands  timers.o
    0x0800d2a4   0x0000005c   Code   RO         6271    i.prvProcessTimerOrBlockTask  timers.o
    0x0800d300   0x00000034   Code   RO         6811    i.prvResetNextTaskUnblockTime  tasks.o
    0x0800d334   0x0000002c   Code   RO         6272    i.prvSampleTimeNow  timers.o
    0x0800d360   0x000000a0   Code   RO         6273    i.prvSwitchTimerLists  timers.o
    0x0800d400   0x00000040   Code   RO         7151    i.prvTaskExitError  port.o
    0x0800d440   0x0000001a   Code   RO         6274    i.prvTimerTask      timers.o
    0x0800d45a   0x0000007e   Code   RO         7219    i.prvUnlockQueue    queue.o
    0x0800d4d8   0x0000013c   Code   RO         7395    i.pvPortMalloc      heap_4.o
    0x0800d614   0x00000020   Code   RO         6814    i.pvTaskIncrementMutexHeldCount  tasks.o
    0x0800d634   0x00000028   Code   RO         7152    i.pxPortInitialiseStack  port.o
    0x0800d65c   0x00000014   Code   RO          698    i.read_rtc_status   rtc.o
    0x0800d670   0x00000040   Code   RO          503    i.send_message      freertos.o
    0x0800d6b0   0x0000005c   Code   RO         2216    i.send_sensor_data  comm.o
    0x0800d70c   0x00000044   Code   RO         1971    i.slideEvent        touch.o
    0x0800d750   0x00000020   Code   RO         1972    i.tapEvent          touch.o
    0x0800d770   0x00000024   Code   RO         1973    i.touchEvent        touch.o
    0x0800d794   0x00000040   Code   RO          415    i.uart2_read        usart.o
    0x0800d7d4   0x0000001c   Code   RO          416    i.uart2_send        usart.o
    0x0800d7f0   0x00000028   Code   RO         7114    i.uxListRemove      list.o
    0x0800d818   0x0000001a   Code   RO         7115    i.vListInitialise   list.o
    0x0800d832   0x00000006   Code   RO         7116    i.vListInitialiseItem  list.o
    0x0800d838   0x00000034   Code   RO         7117    i.vListInsert       list.o
    0x0800d86c   0x00000018   Code   RO         7118    i.vListInsertEnd    list.o
    0x0800d884   0x00000054   Code   RO         7154    i.vPortEnterCritical  port.o
    0x0800d8d8   0x0000003c   Code   RO         7155    i.vPortExitCritical  port.o
    0x0800d914   0x00000094   Code   RO         7396    i.vPortFree         heap_4.o
    0x0800d9a8   0x00000020   Code   RO         7156    i.vPortSetupTimerInterrupt  port.o
    0x0800d9c8   0x00000078   Code   RO         7157    i.vPortValidateInterruptPriority  port.o
    0x0800da40   0x0000002c   Code   RO         7225    i.vQueueAddToRegistry  queue.o
    0x0800da6c   0x0000003a   Code   RO         7229    i.vQueueWaitForMessageRestricted  queue.o
    0x0800daa6   0x00000002   PAD
    0x0800daa8   0x0000008c   Code   RO         6822    i.vTaskDelay        tasks.o
    0x0800db34   0x000000e0   Code   RO         6823    i.vTaskDelete       tasks.o
    0x0800dc14   0x0000000c   Code   RO         6825    i.vTaskMissedYield  tasks.o
    0x0800dc20   0x0000007c   Code   RO         6827    i.vTaskPlaceOnEventList  tasks.o
    0x0800dc9c   0x00000068   Code   RO         6828    i.vTaskPlaceOnEventListRestricted  tasks.o
    0x0800dd04   0x000000b0   Code   RO         6830    i.vTaskPriorityInherit  tasks.o
    0x0800ddb4   0x00000030   Code   RO         6834    i.vTaskSetTimeOutState  tasks.o
    0x0800dde4   0x0000007c   Code   RO         6835    i.vTaskStartScheduler  tasks.o
    0x0800de60   0x00000010   Code   RO         6837    i.vTaskSuspendAll   tasks.o
    0x0800de70   0x0000008c   Code   RO         6838    i.vTaskSwitchContext  tasks.o
    0x0800defc   0x0000013c   Code   RO         7158    i.xPortStartScheduler  port.o
    0x0800e038   0x00000034   Code   RO         7159    i.xPortSysTickHandler  port.o
    0x0800e06c   0x0000008c   Code   RO         7232    i.xQueueGenericCreate  queue.o
    0x0800e0f8   0x000001ac   Code   RO         7233    i.xQueueGenericReceive  queue.o
    0x0800e2a4   0x00000094   Code   RO         7234    i.xQueueGenericReset  queue.o
    0x0800e338   0x000001a0   Code   RO         7235    i.xQueueGenericSend  queue.o
    0x0800e4d8   0x000000f0   Code   RO         7236    i.xQueueGenericSendFromISR  queue.o
    0x0800e5c8   0x0000008c   Code   RO         6839    i.xTaskCheckForTimeOut  tasks.o
    0x0800e654   0x00000170   Code   RO         6840    i.xTaskGenericCreate  tasks.o
    0x0800e7c4   0x00000104   Code   RO         6841    i.xTaskGenericNotify  tasks.o
    0x0800e8c8   0x00000020   Code   RO         6843    i.xTaskGetSchedulerState  tasks.o
    0x0800e8e8   0x0000000c   Code   RO         6844    i.xTaskGetTickCount  tasks.o
    0x0800e8f4   0x0000014c   Code   RO         6846    i.xTaskIncrementTick  tasks.o
    0x0800ea40   0x00000128   Code   RO         6847    i.xTaskNotifyFromISR  tasks.o
    0x0800eb68   0x000000e4   Code   RO         6848    i.xTaskNotifyWait   tasks.o
    0x0800ec4c   0x000000c8   Code   RO         6849    i.xTaskPriorityDisinherit  tasks.o
    0x0800ed14   0x00000098   Code   RO         6850    i.xTaskRemoveFromEventList  tasks.o
    0x0800edac   0x00000104   Code   RO         6852    i.xTaskResumeAll    tasks.o
    0x0800eeb0   0x00000058   Code   RO         6278    i.xTimerCreateTimerTask  timers.o
    0x0800ef08   0x0000006c   Code   RO         6279    i.xTimerGenericCommand  timers.o
    0x0800ef74   0x00000064   Data   RO          504    .constdata          freertos.o
    0x0800efd8   0x00000010   Data   RO         2173    .constdata          segger_rtt_printf.o
    0x0800efe8   0x00000010   Data   RO         3292    .constdata          stm32f4xx_hal_rcc.o
    0x0800eff8   0x00000040   Data   RO          505    .conststring        freertos.o
    0x0800f038   0x00000009   Data   RO         2103    .conststring        segger_rtt.o
    0x0800f041   0x00000003   PAD
    0x0800f044   0x00000020   Data   RO         7491    Region$$Table       anon$$obj.o


    Execution Region RW_IRAM1 (Base: 0x20000000, Size: 0x000046a0, Max: 0x00018000, ABSOLUTE)

    Base Addr    Size         Type   Attr      Idx    E Section Name        Object

    0x20000000   0x00000004   Data   RW          418    .data               usart.o
    0x20000004   0x00000015   Data   RW          506    .data               freertos.o
    0x20000019   0x00000001   PAD
    0x2000001a   0x00000004   Data   RW          998    .data               g-sensor.o
    0x2000001e   0x00000001   Data   RW         1975    .data               touch.o
    0x2000001f   0x00000001   PAD
    0x20000020   0x00000078   Data   RW         2104    .data               segger_rtt.o
    0x20000098   0x00000010   Data   RW         2219    .data               comm.o
    0x200000a8   0x00000004   Data   RW         2913    .data               stm32f4xx_hal.o
    0x200000ac   0x00000004   Data   RW         6237    .data               system_stm32f4xx.o
    0x200000b0   0x00000010   Data   RW         6282    .data               timers.o
    0x200000c0   0x00000038   Data   RW         6855    .data               tasks.o
    0x200000f8   0x0000000c   Data   RW         7160    .data               port.o
    0x20000104   0x00000018   Data   RW         7401    .data               heap_4.o
    0x2000011c   0x0000003c   Zero   RW            8    .bss                tim.o
    0x20000158   0x00000048   Zero   RW          272    .bss                adc.o
    0x200001a0   0x00000088   Zero   RW          352    .bss                i2c.o
    0x20000228   0x00000060   Zero   RW          417    .bss                usart.o
    0x20000288   0x00000058   Zero   RW          653    .bss                spi.o
    0x200002e0   0x00000048   Zero   RW          699    .bss                rtc.o
    0x20000328   0x0000000a   Zero   RW         1974    .bss                touch.o
    0x20000332   0x00000410   Zero   RW         2102    .bss                segger_rtt.o
    0x20000742   0x00000002   PAD
    0x20000744   0x00000028   Zero   RW         6281    .bss                timers.o
    0x2000076c   0x000000f0   Zero   RW         6854    .bss                tasks.o
    0x2000085c   0x00000040   Zero   RW         7244    .bss                queue.o
    0x2000089c   0x00003c00   Zero   RW         7400    .bss                heap_4.o
    0x2000449c   0x00000004   PAD
    0x200044a0   0x00000200   Zero   RW         2626    STACK               startup_stm32f401xe.o


==============================================================================

Image component sizes


      Code (inc. data)   RO Data    RW Data    ZI Data      Debug   Object Name

       176         24          0          0         72       1673   adc.o
       340          6          0          0          0      17535   cmsis_os.o
       118         10          0         16          0       2091   comm.o
         0          0          0          0          0       7944   event_groups.o
       568        138        164         21          0       6291   freertos.o
       870        116          0          4          0      29529   g-sensor.o
       480         76          0          0          0       1714   gpio.o
       692         62          0         24      15360       4867   heap_4.o
        68          4          0          0          0       1034   hrs.o
       304         44          0          0        136       2262   i2c.o
       148          0          0          0          0       3662   list.o
       256         20          0          0          0       1804   main.o
       954         90          0         12          0       9637   port.o
        16          0          0          0          0       1047   power.o
      1826         18          0          0         64      13465   queue.o
       436         42          0          0         72       4049   rtc.o
       378          4          9        120       1040       3033   segger_rtt.o
      1076          4         16          0          0       7677   segger_rtt_printf.o
       184         26          0          0         88       1669   spi.o
        36          8        404          0        512        820   startup_stm32f401xe.o
       124         16          0          4          0       3719   stm32f4xx_hal.o
      1268         36          0          0          0       5442   stm32f4xx_hal_adc.o
         2          0          0          0          0       1041   stm32f4xx_hal_adc_ex.o
       338         22          0          0          0      31621   stm32f4xx_hal_cortex.o
       508         36          0          0          0       3067   stm32f4xx_hal_gpio.o
      2502         42          0          0          0      11457   stm32f4xx_hal_i2c.o
        20          0          0          0          0        506   stm32f4xx_hal_msp.o
      1668         68         16          0          0       5827   stm32f4xx_hal_rcc.o
       428         20          0          0          0       1412   stm32f4xx_hal_rcc_ex.o
      2014         32          0          0          0      10631   stm32f4xx_hal_rtc.o
         2          0          0          0          0       1016   stm32f4xx_hal_rtc_ex.o
       160          0          0          0          0       1183   stm32f4xx_hal_spi.o
       900         48          0          0          0       5740   stm32f4xx_hal_tim.o
        98          0          0          0          0       1196   stm32f4xx_hal_tim_ex.o
      2168          8          0          0          0       8835   stm32f4xx_hal_uart.o
        98         18          0          0          0      23492   stm32f4xx_it.o
       100         18          0          4          0       1389   system_stm32f4xx.o
      3982        496          0         56        240      28442   tasks.o
       192         26          0          0         60     304667   tim.o
      1122        104          0         16         40      15347   timers.o
       632        168          0          1         10       6633   touch.o
       640        164          0          4         96       3629   usart.o

    ----------------------------------------------------------------------
     27942       2014        644        284      17796     598095   Object Totals
         0          0         32          0          0          0   (incl. Generated)
        50          0          3          2          6          0   (incl. Padding)

    ----------------------------------------------------------------------

      Code (inc. data)   RO Data    RW Data    ZI Data      Debug   Library Member Name

         0          0          0          0          0          0   entry.o
         0          0          0          0          0          0   entry10a.o
         0          0          0          0          0          0   entry11a.o
         8          4          0          0          0          0   entry2.o
         4          0          0          0          0          0   entry5.o
         0          0          0          0          0          0   entry7b.o
         0          0          0          0          0          0   entry8b.o
         8          4          0          0          0          0   entry9a.o
        30          0          0          0          0          0   handlers.o
        36          8          0          0          0         68   init.o
        64          0          0          0          0         76   memmovea.o
        36          0          0          0          0        108   memseta.o

    ----------------------------------------------------------------------
       186         16          0          0          0        252   Library Totals
         0          0          0          0          0          0   (incl. Padding)

    ----------------------------------------------------------------------

      Code (inc. data)   RO Data    RW Data    ZI Data      Debug   Library Name

       186         16          0          0          0        252   mc_w.l

    ----------------------------------------------------------------------
       186         16          0          0          0        252   Library Totals

    ----------------------------------------------------------------------

==============================================================================


      Code (inc. data)   RO Data    RW Data    ZI Data      Debug   

     28128       2030        644        284      17796     575199   Grand Totals
     28128       2030        644        284      17796     575199   ELF Image Totals
     28128       2030        644        284          0          0   ROM Totals

==============================================================================

    Total RO  Size (Code + RO Data)                28772 (  28.10kB)
    Total RW  Size (RW Data + ZI Data)             18080 (  17.66kB)
    Total ROM Size (Code + RO Data + RW Data)      29056 (  28.38kB)

==============================================================================

