Component: ARM Compiler 5.05 update 1 (build 106) Tool: armlink [4d0efa]

==============================================================================

Section Cross References

    tim.o(i.HAL_TIM_MspPostInit) refers to stm32f4xx_hal_gpio.o(i.HAL_GPIO_Init) for HAL_GPIO_Init
    tim.o(i.MX_TIM3_Init) refers to stm32f4xx_hal_tim.o(i.HAL_TIM_PWM_Init) for HAL_TIM_PWM_Init
    tim.o(i.MX_TIM3_Init) refers to stm32f4xx_hal_tim_ex.o(i.HAL_TIMEx_MasterConfigSynchronization) for HAL_TIMEx_MasterConfigSynchronization
    tim.o(i.MX_TIM3_Init) refers to stm32f4xx_hal_tim.o(i.HAL_TIM_PWM_ConfigChannel) for HAL_TIM_PWM_ConfigChannel
    tim.o(i.MX_TIM3_Init) refers to tim.o(i.HAL_TIM_MspPostInit) for HAL_TIM_MspPostInit
    tim.o(i.MX_TIM3_Init) refers to tim.o(.bss) for htim3
    stm32f4xx_it.o(i.ADC_IRQHandler) refers to stm32f4xx_hal_adc.o(i.HAL_ADC_IRQHandler) for HAL_ADC_IRQHandler
    stm32f4xx_it.o(i.ADC_IRQHandler) refers to adc.o(.bss) for hadc1
    stm32f4xx_it.o(i.EXTI0_IRQHandler) refers to stm32f4xx_hal_gpio.o(i.HAL_GPIO_EXTI_IRQHandler) for HAL_GPIO_EXTI_IRQHandler
    stm32f4xx_it.o(i.EXTI15_10_IRQHandler) refers to stm32f4xx_hal_gpio.o(i.HAL_GPIO_EXTI_IRQHandler) for HAL_GPIO_EXTI_IRQHandler
    stm32f4xx_it.o(i.EXTI9_5_IRQHandler) refers to stm32f4xx_hal_gpio.o(i.HAL_GPIO_EXTI_IRQHandler) for HAL_GPIO_EXTI_IRQHandler
    stm32f4xx_it.o(i.RTC_Alarm_IRQHandler) refers to stm32f4xx_hal_rtc.o(i.HAL_RTC_AlarmIRQHandler) for HAL_RTC_AlarmIRQHandler
    stm32f4xx_it.o(i.RTC_Alarm_IRQHandler) refers to rtc_1.o(.bss) for hrtc
    stm32f4xx_it.o(i.SysTick_Handler) refers to stm32f4xx_hal.o(i.HAL_IncTick) for HAL_IncTick
    stm32f4xx_it.o(i.SysTick_Handler) refers to cmsis_os.o(i.osSystickHandler) for osSystickHandler
    stm32f4xx_it.o(i.USART2_IRQHandler) refers to stm32f4xx_hal_uart.o(i.HAL_UART_IRQHandler) for HAL_UART_IRQHandler
    stm32f4xx_it.o(i.USART2_IRQHandler) refers to usart.o(.bss) for huart2
    adc.o(i.HAL_ADC_MspDeInit) refers to stm32f4xx_hal_gpio.o(i.HAL_GPIO_DeInit) for HAL_GPIO_DeInit
    adc.o(i.HAL_ADC_MspDeInit) refers to stm32f4xx_hal_cortex.o(i.HAL_NVIC_DisableIRQ) for HAL_NVIC_DisableIRQ
    adc.o(i.HAL_ADC_MspInit) refers to stm32f4xx_hal_gpio.o(i.HAL_GPIO_Init) for HAL_GPIO_Init
    adc.o(i.HAL_ADC_MspInit) refers to stm32f4xx_hal_cortex.o(i.HAL_NVIC_SetPriority) for HAL_NVIC_SetPriority
    adc.o(i.HAL_ADC_MspInit) refers to stm32f4xx_hal_cortex.o(i.HAL_NVIC_EnableIRQ) for HAL_NVIC_EnableIRQ
    adc.o(i.MX_ADC1_Init) refers to stm32f4xx_hal_adc.o(i.HAL_ADC_Init) for HAL_ADC_Init
    adc.o(i.MX_ADC1_Init) refers to stm32f4xx_hal_adc.o(i.HAL_ADC_ConfigChannel) for HAL_ADC_ConfigChannel
    adc.o(i.MX_ADC1_Init) refers to adc.o(.bss) for hadc1
    gpio.o(i.HAL_GPIO_EXTI_Callback) refers to g-sensor.o(i.LIS2DS12_ACC_Tap_Callback) for LIS2DS12_ACC_Tap_Callback
    gpio.o(i.HAL_GPIO_EXTI_Callback) refers to freertos.o(i.Info_Handler) for Info_Handler
    gpio.o(i.HAL_GPIO_EXTI_Callback) refers to g-sensor.o(i.LIS2DS12_ACC_GYRO_Pedo_Callback) for LIS2DS12_ACC_GYRO_Pedo_Callback
    gpio.o(i.HAL_GPIO_EXTI_Callback) refers to freertos.o(i.send_message) for send_message
    gpio.o(i.HAL_GPIO_EXTI_Callback) refers to freertos.o(.data) for init_finish
    gpio.o(i.MX_GPIO_Init) refers to stm32f4xx_hal_gpio.o(i.HAL_GPIO_Init) for HAL_GPIO_Init
    gpio.o(i.MX_GPIO_Init) refers to stm32f4xx_hal_gpio.o(i.HAL_GPIO_WritePin) for HAL_GPIO_WritePin
    gpio.o(i.MX_GPIO_Init) refers to stm32f4xx_hal_cortex.o(i.HAL_NVIC_SetPriority) for HAL_NVIC_SetPriority
    gpio.o(i.MX_GPIO_Init) refers to stm32f4xx_hal_cortex.o(i.HAL_NVIC_EnableIRQ) for HAL_NVIC_EnableIRQ
    i2c.o(i.HAL_I2C_MspDeInit) refers to stm32f4xx_hal_gpio.o(i.HAL_GPIO_DeInit) for HAL_GPIO_DeInit
    i2c.o(i.HAL_I2C_MspInit) refers to stm32f4xx_hal_gpio.o(i.HAL_GPIO_Init) for HAL_GPIO_Init
    i2c.o(i.MX_I2C1_Init) refers to stm32f4xx_hal_i2c.o(i.HAL_I2C_Init) for HAL_I2C_Init
    i2c.o(i.MX_I2C1_Init) refers to i2c.o(.bss) for hi2c1
    i2c.o(i.MX_I2C2_Init) refers to stm32f4xx_hal_i2c.o(i.HAL_I2C_Init) for HAL_I2C_Init
    i2c.o(i.MX_I2C2_Init) refers to i2c.o(.bss) for hi2c2
    usart.o(i.HAL_UART_MspDeInit) refers to stm32f4xx_hal_gpio.o(i.HAL_GPIO_DeInit) for HAL_GPIO_DeInit
    usart.o(i.HAL_UART_MspDeInit) refers to stm32f4xx_hal_cortex.o(i.HAL_NVIC_DisableIRQ) for HAL_NVIC_DisableIRQ
    usart.o(i.HAL_UART_MspInit) refers to stm32f4xx_hal_gpio.o(i.HAL_GPIO_Init) for HAL_GPIO_Init
    usart.o(i.HAL_UART_MspInit) refers to stm32f4xx_hal_cortex.o(i.HAL_NVIC_SetPriority) for HAL_NVIC_SetPriority
    usart.o(i.HAL_UART_MspInit) refers to stm32f4xx_hal_cortex.o(i.HAL_NVIC_EnableIRQ) for HAL_NVIC_EnableIRQ
    usart.o(i.HAL_UART_RxCpltCallback) refers to segger_rtt_printf.o(i.SEGGER_RTT_printf) for SEGGER_RTT_printf
    usart.o(i.HAL_UART_RxCpltCallback) refers to freertos.o(i.send_message) for send_message
    usart.o(i.HAL_UART_RxCpltCallback) refers to usart.o(.bss) for huart2
[...]
    ulMaxPRIGROUPValue                       0x20001f6c   Data           4  port.o(.data)
    .data                                    0x20001f70   Section       24  heap_4.o(.data)
    xStart                                   0x20001f70   Data           8  heap_4.o(.data)
    pxEnd                                    0x20001f78   Data           4  heap_4.o(.data)
    xFreeBytesRemaining                      0x20001f7c   Data           4  heap_4.o(.data)
    xMinimumEverFreeBytesRemaining           0x20001f80   Data           4  heap_4.o(.data)
    xBlockAllocatedBit                       0x20001f84   Data           4  heap_4.o(.data)
    .data                                    0x20001f88   Section        8  epd_driver.o(.data)
    _scanlineT                               0x20001f88   Data           4  epd_driver.o(.data)
    g_drvHal                                 0x20001f8c   Data           4  epd_driver.o(.data)
    .bss                                     0x20001f90   Section       60  tim.o(.bss)
    .bss                                     0x20001fcc   Section       72  adc.o(.bss)
    .bss                                     0x20002014   Section      136  i2c.o(.bss)
    .bss                                     0x2000209c   Section       96  usart.o(.bss)
    .bss                                     0x200020fc   Section       12  freertos.o(.bss)
    .bss                                     0x20002108   Section       88  spi.o(.bss)
    .bss                                     0x20002160   Section       72  rtc_1.o(.bss)
    sAlarm                                   0x20002180   Data          40  rtc_1.o(.bss)
    .bss                                     0x200021a8   Section       10  touch.o(.bss)
    data_buffer                              0x200021a8   Data          10  touch.o(.bss)
    .bss                                     0x200021b2   Section     1040  segger_rtt.o(.bss)
    _acUpBuffer                              0x200021b2   Data        1024  segger_rtt.o(.bss)
    _acDownBuffer                            0x200025b2   Data          16  segger_rtt.o(.bss)
    .bss                                     0x200025c4   Section      404  graphics_2bpp.o(.bss)
    _data                                    0x200025c4   Data         404  graphics_2bpp.o(.bss)
    .bss                                     0x20002758   Section      200  eric_flash.o(.bss)
    EraseInitStruct                          0x20002758   Data          20  eric_flash.o(.bss)
    .bss                                     0x20002820   Section       32  stm32f4xx_hal_flash.o(.bss)
    .bss                                     0x20002840   Section       40  timers.o(.bss)
    xActiveTimerList1                        0x20002840   Data          20  timers.o(.bss)
    xActiveTimerList2                        0x20002854   Data          20  timers.o(.bss)
    .bss                                     0x20002868   Section      240  tasks.o(.bss)
    pxReadyTasksLists                        0x20002868   Data         140  tasks.o(.bss)
    xDelayedTaskList1                        0x200028f4   Data          20  tasks.o(.bss)
    xDelayedTaskList2                        0x20002908   Data          20  tasks.o(.bss)
    xPendingReadyList                        0x2000291c   Data          20  tasks.o(.bss)
    xTasksWaitingTermination                 0x20002930   Data          20  tasks.o(.bss)
    xSuspendedTaskList                       0x20002944   Data          20  tasks.o(.bss)
    .bss                                     0x20002958   Section       64  queue.o(.bss)
    .bss                                     0x20002998   Section    15360  heap_4.o(.bss)
    ucHeap                                   0x20002998   Data       15360  heap_4.o(.bss)
    .bss                                     0x20006598   Section    38196  epd_tcon.o(.bss)
    _context                                 0x20006598   Data          20  epd_tcon.o(.bss)
    _updateBuffer                            0x200065ac   Data       37888  epd_tcon.o(.bss)
    _scanLineBuffer                          0x2000f9ac   Data          32  epd_tcon.o(.bss)
    _lut                                     0x2000f9cc   Data         256  epd_tcon.o(.bss)
    .bss                                     0x2000facc   Section      128  epd_driver.o(.bss)
    _txBuffer                                0x2000facc   Data         128  epd_driver.o(.bss)
    .bss                                     0x2000fb4c   Section       12  epd_waveform.o(.bss)
    _wf_info                                 0x2000fb4c   Data          12  epd_waveform.o(.bss)
    STACK                                    0x2000fb58   Section      512  startup_stm32f401xe.o(STACK)

    Global Symbols

    Symbol Name                              Value     Ov Type        Size  Object(Section)

    BuildAttributes$$THM_ISAv4$E$P$D$K$B$S$7EM$VFPi3$EXTD16$VFPS$VFMA$PE$A:L22UL41UL21$X:L11$S22US41US21$IEEE1$IW$USESV6$~STKCKD$USESV7$~SHL$OTIME$ROPI$EBA8$MICROLIB$REQ8$PRES8$EABIv2 0x00000000   Number         0  anon$$obj.o ABSOLUTE
    __ARM_use_no_argv                        0x00000000   Number         0  main.o ABSOLUTE
    _printf_a                                0x00000000   Number         0  stubs.o ABSOLUTE
    _printf_c                                0x00000000   Number         0  stubs.o ABSOLUTE
    _printf_charcount                        0x00000000   Number         0  stubs.o ABSOLUTE
    _printf_d                                0x00000000   Number         0  stubs.o ABSOLUTE
    _printf_e                                0x00000000   Number         0  stubs.o ABSOLUTE
    _printf_f                                0x00000000   Number         0  stubs.o ABSOLUTE
    _printf_flags                            0x00000000   Number         0  stubs.o ABSOLUTE
    _printf_fp_dec                           0x00000000   Number         0  stubs.o ABSOLUTE
    _printf_fp_hex                           0x00000000   Number         0  stubs.o ABSOLUTE
    _printf_g                                0x00000000   Number         0  stubs.o ABSOLUTE
    _printf_i                                0x00000000   Number         0  stubs.o ABSOLUTE
    _printf_int_dec                          0x00000000   Number         0  stubs.o ABSOLUTE
    _printf_l                                0x00000000   Number         0  stubs.o ABSOLUTE
    _printf_lc                               0x00000000   Number         0  stubs.o ABSOLUTE
    _printf_ll                               0x00000000   Number         0  stubs.o ABSOLUTE
    _printf_lld                              0x00000000   Number         0  stubs.o ABSOLUTE
    _printf_lli                              0x00000000   Number         0  stubs.o ABSOLUTE
    _printf_llo                              0x00000000   Number         0  stubs.o ABSOLUTE
    _printf_llu                              0x00000000   Number         0  stubs.o ABSOLUTE
    _printf_llx                              0x00000000   Number         0  stubs.o ABSOLUTE
    _printf_longlong_dec                     0x00000000   Number         0  stubs.o ABSOLUTE
    _printf_longlong_hex                     0x00000000   Number         0  stubs.o ABSOLUTE
    _printf_longlong_oct                     0x00000000   Number         0  stubs.o ABSOLUTE
    _printf_ls                               0x00000000   Number         0  stubs.o ABSOLUTE
    _printf_mbtowc                           0x00000000   Number         0  stubs.o ABSOLUTE
    _printf_n                                0x00000000   Number         0  stubs.o ABSOLUTE
    _printf_o                                0x00000000   Number         0  stubs.o ABSOLUTE
    _printf_p                                0x00000000   Number         0  stubs.o ABSOLUTE
    _printf_percent                          0x00000000   Number         0  stubs.o ABSOLUTE
    _printf_pre_padding                      0x00000000   Number         0  stubs.o ABSOLUTE
    _printf_return_value                     0x00000000   Number         0  stubs.o ABSOLUTE
    _printf_s                                0x00000000   Number         0  stubs.o ABSOLUTE
    _printf_sizespec                         0x00000000   Number         0  stubs.o ABSOLUTE
    _printf_str                              0x00000000   Number         0  stubs.o ABSOLUTE
    _printf_truncate_signed                  0x00000000   Number         0  stubs.o ABSOLUTE
    _printf_truncate_unsigned                0x00000000   Number         0  stubs.o ABSOLUTE
    _printf_u                                0x00000000   Number         0  stubs.o ABSOLUTE
    _printf_wc                               0x00000000   Number         0  stubs.o ABSOLUTE
    _printf_wctomb                           0x00000000   Number         0  stubs.o ABSOLUTE
    _printf_widthprec                        0x00000000   Number         0  stubs.o ABSOLUTE
    _printf_x                                0x00000000   Number         0  stubs.o ABSOLUTE
    __cpp_initialize__aeabi_                  - Undefined Weak Reference
    __cxa_finalize                            - Undefined Weak Reference
    _clock_init                               - Undefined Weak Reference
    _microlib_exit                            - Undefined Weak Reference
    __Vectors_Size                           0x00000194   Number         0  startup_stm32f401xe.o ABSOLUTE
    __Vectors                                0x08008000   Data           4  startup_stm32f401xe.o(RESET)
    __Vectors_End                            0x08008194   Data           0  startup_stm32f401xe.o(RESET)
    __main                                   0x08008195   Thumb Code     0  entry.o(.ARM.Collect$$$$00000000)
    _main_stk                                0x08008195   Thumb Code     0  entry2.o(.ARM.Collect$$$$00000001)
    _main_scatterload                        0x08008199   Thumb Code     0  entry5.o(.ARM.Collect$$$$00000004)
    __main_after_scatterload                 0x0800819d   Thumb Code     0  entry5.o(.ARM.Collect$$$$00000004)
    _main_clock                              0x0800819d   Thumb Code     0  entry7b.o(.ARM.Collect$$$$00000008)
    _main_cpp_init                           0x0800819d   Thumb Code     0  entry8b.o(.ARM.Collect$$$$0000000A)
    _main_init                               0x0800819d   Thumb Code     0  entry9a.o(.ARM.Collect$$$$0000000B)
    __rt_final_cpp                           0x080081a5   Thumb Code     0  entry10a.o(.ARM.Collect$$$$0000000D)
    __rt_final_exit                          0x080081a5   Thumb Code     0  entry11a.o(.ARM.Collect$$$$0000000F)
    SVC_Handler                              0x080081a9   Thumb Code    28  port.o(.emb_text)
    __asm___6_port_c_39a90d8d__prvStartFirstTask 0x080081c9   Thumb Code    28  port.o(.emb_text)
    __asm___6_port_c_39a90d8d__prvEnableVFP  0x080081e9   Thumb Code    16  port.o(.emb_text)
    PendSV_Handler                           0x080081fd   Thumb Code    92  port.o(.emb_text)
    vPortGetIPSR                             0x0800825d   Thumb Code     6  port.o(.emb_text)
    Reset_Handler                            0x08008265   Thumb Code     8  startup_stm32f401xe.o(.text)
    NMI_Handler                              0x0800826d   Thumb Code     2  startup_stm32f401xe.o(.text)
    HardFault_Handler                        0x0800826f   Thumb Code     2  startup_stm32f401xe.o(.text)
    MemManage_Handler                        0x08008271   Thumb Code     2  startup_stm32f401xe.o(.text)
    BusFault_Handler                         0x08008273   Thumb Code     2  startup_stm32f401xe.o(.text)
    UsageFault_Handler                       0x08008275   Thumb Code     2  startup_stm32f401xe.o(.text)
    DebugMon_Handler                         0x08008279   Thumb Code     2  startup_stm32f401xe.o(.text)
    DMA1_Stream0_IRQHandler                  0x0800827f   Thumb Code     0  startup_stm32f401xe.o(.text)
    DMA1_Stream1_IRQHandler                  0x0800827f   Thumb Code     0  startup_stm32f401xe.o(.text)
    DMA1_Stream2_IRQHandler                  0x0800827f   Thumb Code     0  startup_stm32f401xe.o(.text)
    DMA1_Stream3_IRQHandler                  0x0800827f   Thumb Code     0  startup_stm32f401xe.o(.text)
    DMA1_Stream4_IRQHandler                  0x0800827f   Thumb Code     0  startup_stm32f401xe.o(.text)
    DMA1_Stream5_IRQHandler                  0x0800827f   Thumb Code     0  startup_stm32f401xe.o(.text)
    DMA1_Stream6_IRQHandler                  0x0800827f   Thumb Code     0  startup_stm32f401xe.o(.text)
    DMA1_Stream7_IRQHandler                  0x0800827f   Thumb Code     0  startup_stm32f401xe.o(.text)
    DMA2_Stream0_IRQHandler                  0x0800827f   Thumb Code     0  startup_stm32f401xe.o(.text)
    DMA2_Stream1_IRQHandler                  0x0800827f   Thumb Code     0  startup_stm32f401xe.o(.text)
    DMA2_Stream2_IRQHandler                  0x0800827f   Thumb Code     0  startup_stm32f401xe.o(.text)
    DMA2_Stream3_IRQHandler                  0x0800827f   Thumb Code     0  startup_stm32f401xe.o(.text)
    DMA2_Stream4_IRQHandler                  0x0800827f   Thumb Code     0  startup_stm32f401xe.o(.text)
    DMA2_Stream5_IRQHandler                  0x0800827f   Thumb Code     0  startup_stm32f401xe.o(.text)
    DMA2_Stream6_IRQHandler                  0x0800827f   Thumb Code     0  startup_stm32f401xe.o(.text)
    DMA2_Stream7_IRQHandler                  0x0800827f   Thumb Code     0  startup_stm32f401xe.o(.text)
    EXTI1_IRQHandler                         0x0800827f   Thumb Code     0  startup_stm32f401xe.o(.text)
    EXTI2_IRQHandler                         0x0800827f   Thumb Code     0  startup_stm32f401xe.o(.text)
    EXTI3_IRQHandler                         0x0800827f   Thumb Code     0  startup_stm32f401xe.o(.text)
    EXTI4_IRQHandler                         0x0800827f   Thumb Code     0  startup_stm32f401xe.o(.text)
    FLASH_IRQHandler                         0x0800827f   Thumb Code     0  startup_stm32f401xe.o(.text)
    FPU_IRQHandler                           0x0800827f   Thumb Code     0  startup_stm32f401xe.o(.text)
    I2C1_ER_IRQHandler                       0x0800827f   Thumb Code     0  startup_stm32f401xe.o(.text)
    I2C1_EV_IRQHandler                       0x0800827f   Thumb Code     0  startup_stm32f401xe.o(.text)
    I2C2_ER_IRQHandler                       0x0800827f   Thumb Code     0  startup_stm32f401xe.o(.text)
    I2C2_EV_IRQHandler                       0x0800827f   Thumb Code     0  startup_stm32f401xe.o(.text)
    I2C3_ER_IRQHandler                       0x0800827f   Thumb Code     0  startup_stm32f401xe.o(.text)
    I2C3_EV_IRQHandler                       0x0800827f   Thumb Code     0  startup_stm32f401xe.o(.text)
    OTG_FS_IRQHandler                        0x0800827f   Thumb Code     0  startup_stm32f401xe.o(.text)
    OTG_FS_WKUP_IRQHandler                   0x0800827f   Thumb Code     0  startup_stm32f401xe.o(.text)
    PVD_IRQHandler                           0x0800827f   Thumb Code     0  startup_stm32f401xe.o(.text)
    RCC_IRQHandler                           0x0800827f   Thumb Code     0  startup_stm32f401xe.o(.text)
    RTC_WKUP_IRQHandler                      0x0800827f   Thumb Code     0  startup_stm32f401xe.o(.text)
    SDIO_IRQHandler                          0x0800827f   Thumb Code     0  startup_stm32f401xe.o(.text)
    SPI1_IRQHandler                          0x0800827f   Thumb Code     0  startup_stm32f401xe.o(.text)
    SPI2_IRQHandler                          0x0800827f   Thumb Code     0  startup_stm32f401xe.o(.text)
    SPI3_IRQHandler                          0x0800827f   Thumb Code     0  startup_stm32f401xe.o(.text)
    SPI4_IRQHandler                          0x0800827f   Thumb Code     0  startup_stm32f401xe.o(.text)
    TAMP_STAMP_IRQHandler                    0x0800827f   Thumb Code     0  startup_stm32f401xe.o(.text)
    TIM1_BRK_TIM9_IRQHandler                 0x0800827f   Thumb Code     0  startup_stm32f401xe.o(.text)
    TIM1_CC_IRQHandler                       0x0800827f   Thumb Code     0  startup_stm32f401xe.o(.text)
    TIM1_TRG_COM_TIM11_IRQHandler            0x0800827f   Thumb Code     0  startup_stm32f401xe.o(.text)
    TIM1_UP_TIM10_IRQHandler                 0x0800827f   Thumb Code     0  startup_stm32f401xe.o(.text)
    TIM2_IRQHandler                          0x0800827f   Thumb Code     0  startup_stm32f401xe.o(.text)
    TIM3_IRQHandler                          0x0800827f   Thumb Code     0  startup_stm32f401xe.o(.text)
    TIM4_IRQHandler                          0x0800827f   Thumb Code     0  startup_stm32f401xe.o(.text)
    TIM5_IRQHandler                          0x0800827f   Thumb Code     0  startup_stm32f401xe.o(.text)
    USART1_IRQHandler                        0x0800827f   Thumb Code     0  startup_stm32f401xe.o(.text)
    USART6_IRQHandler                        0x0800827f   Thumb Code     0  startup_stm32f401xe.o(.text)
    WWDG_IRQHandler                          0x0800827f   Thumb Code     0  startup_stm32f401xe.o(.text)
    EPD_TCON_Init                            0x08008289   Thumb Code   160  epd_tcon.o(.text)
    EPD_TCON_Set_Border                      0x08008329   Thumb Code    34  epd_tcon.o(.text)
    EPD_TCON_Update                          0x0800834b   Thumb Code   734  epd_tcon.o(.text)
    EPD_TCON_UpdateWithReagl                 0x08008629   Thumb Code    16  epd_tcon.o(.text)
    EPD_TCON_GetUpdateBuffer                 0x08008639   Thumb Code     4  epd_tcon.o(.text)
    EPD_TCON_PanelClear                      0x0800863d   Thumb Code    36  epd_tcon.o(.text)
    EPD_TCON_PowerOn                         0x08008661   Thumb Code     8  epd_tcon.o(.text)
    EPD_TCON_PowerOff                        0x08008669   Thumb Code     4  epd_tcon.o(.text)
    EPD_TCON_LoadWaveform                    0x0800866d   Thumb Code     4  epd_tcon.o(.text)
    EPD_TCON_SetVcom                         0x08008671   Thumb Code    44  epd_tcon.o(.text)
    EPD_TCON_GetPanelInfo                    0x0800869d   Thumb Code     4  epd_tcon.o(.text)
    EPD_TCON_SetFrameRate                    0x080086a1   Thumb Code     8  epd_tcon.o(.text)
    EPD_TCON_GetFrameRate                    0x080086a9   Thumb Code     6  epd_tcon.o(.text)
    EPD_TCON_ReadTemperature                 0x080086af   Thumb Code     4  epd_tcon.o(.text)
    EPD_DRV_CheckConnect                     0x08008bfd   Thumb Code    72  epd_driver.o(.text)
    EPD_DRV_Init                             0x08008c45   Thumb Code   176  epd_driver.o(.text)
    EPD_DRV_PowerOn                          0x08008cf5   Thumb Code   290  epd_driver.o(.text)
    EPD_DRV_ResetOutput                      0x08008e17   Thumb Code    52  epd_driver.o(.text)
    EPD_DRV_SetBorderBlack                   0x08008e4b   Thumb Code   324  epd_driver.o(.text)
    EPD_DRV_SetBorderWhite                   0x08008f8f   Thumb Code   362  epd_driver.o(.text)
    EPD_DRV_PowerOff                         0x080090f9   Thumb Code   126  epd_driver.o(.text)
    EPD_DRV_SendScanLine                     0x08009177   Thumb Code   218  epd_driver.o(.text)
    EPD_DRV_ReadTemperature                  0x08009251   Thumb Code   114  epd_driver.o(.text)
    EPD_DRV_SetFrameRate                     0x080092c3   Thumb Code    36  epd_driver.o(.text)
    EPD_WF_Version                           0x08009331   Thumb Code     8  epd_waveform.o(.text)
    EPD_WF_DataSize                          0x08009339   Thumb Code     8  epd_waveform.o(.text)
    EPD_WF_SrcDataMode                       0x08009341   Thumb Code     8  epd_waveform.o(.text)
    EPD_WF_Init                              0x08009349   Thumb Code   206  epd_waveform.o(.text)
    EPD_WF_GetData                           0x08009417   Thumb Code   160  epd_waveform.o(.text)
    ___aeabi_memcpy8$move                    0x080094bd   Thumb Code     0  memmovea.o(.text)
    __aeabi_memcpy                           0x080094bd   Thumb Code    64  memmovea.o(.text)
    __aeabi_memcpy4                          0x080094bd   Thumb Code     0  memmovea.o(.text)
    __aeabi_memmove                          0x080094bd   Thumb Code     0  memmovea.o(.text)
    __aeabi_memmove4                         0x080094bd   Thumb Code     0  memmovea.o(.text)
    __aeabi_memmove8                         0x080094bd   Thumb Code     0  memmovea.o(.text)
    __aeabi_memset                           0x080094fd   Thumb Code    14  memseta.o(.text)
    __aeabi_memset4                          0x080094fd   Thumb Code     0  memseta.o(.text)
    __aeabi_memset8                          0x080094fd   Thumb Code     0  memseta.o(.text)
    __aeabi_memclr                           0x0800950b   Thumb Code     4  memseta.o(.text)
    __aeabi_memclr4                          0x0800950b   Thumb Code     0  memseta.o(.text)
    __aeabi_memclr8                          0x0800950b   Thumb Code     0  memseta.o(.text)
    _memset$wrapper                          0x0800950f   Thumb Code    18  memseta.o(.text)
    strlen                                   0x08009521   Thumb Code    14  strlen.o(.text)
    __aeabi_uidiv                            0x0800952f   Thumb Code     0  uidiv.o(.text)
    __aeabi_uidivmod                         0x0800952f   Thumb Code    44  uidiv.o(.text)
    __scatterload                            0x0800955d   Thumb Code    28  init.o(.text)
    __scatterload_rt2                        0x0800955d   Thumb Code     0  init.o(.text)
    __decompress                             0x08009581   Thumb Code     0  __dczerorl2.o(.text)
    __decompress1                            0x08009581   Thumb Code    86  __dczerorl2.o(.text)
    ADC_IRQHandler                           0x080095d9   Thumb Code    10  stm32f4xx_it.o(i.ADC_IRQHandler)
    EXTI0_IRQHandler                         0x08009761   Thumb Code    10  stm32f4xx_it.o(i.EXTI0_IRQHandler)
    EXTI15_10_IRQHandler                     0x0800976b   Thumb Code    28  stm32f4xx_it.o(i.EXTI15_10_IRQHandler)
    EXTI9_5_IRQHandler                       0x08009787   Thumb Code    18  stm32f4xx_it.o(i.EXTI9_5_IRQHandler)
    Error_Handler                            0x08009799   Thumb Code    16  freertos.o(i.Error_Handler)
    FLASH_Erase_Sector                       0x080097b5   Thumb Code    98  stm32f4xx_hal_flash_ex.o(i.FLASH_Erase_Sector)
    FLASH_FlushCaches                        0x0800981d   Thumb Code   114  stm32f4xx_hal_flash_ex.o(i.FLASH_FlushCaches)
    FLASH_WaitForLastOperation               0x08009a19   Thumb Code   102  stm32f4xx_hal_flash.o(i.FLASH_WaitForLastOperation)
    GR_DrawPixel                             0x08009c25   Thumb Code    98  graphics_2bpp.o(i.GR_DrawPixel)
    GR_DrawRectangle                         0x08009c8d   Thumb Code   180  graphics_2bpp.o(i.GR_DrawRectangle)
    GR_FillRectangle                         0x08009dd1   Thumb Code   154  graphics_2bpp.o(i.GR_FillRectangle)
    GR_Initial                               0x08009e71   Thumb Code    82  graphics_2bpp.o(i.GR_Initial)
    HAL_ADCEx_InjectedConvCpltCallback       0x08009f61   Thumb Code     2  stm32f4xx_hal_adc_ex.o(i.HAL_ADCEx_InjectedConvCpltCallback)
    HAL_ADC_ConfigChannel                    0x08009f65   Thumb Code   386  stm32f4xx_hal_adc.o(i.HAL_ADC_ConfigChannel)
    HAL_ADC_ConvCpltCallback                 0x0800a0f9   Thumb Code     2  power.o(i.HAL_ADC_ConvCpltCallback)
    HAL_ADC_ErrorCallback                    0x0800a0fb   Thumb Code     2  stm32f4xx_hal_adc.o(i.HAL_ADC_ErrorCallback)
    HAL_ADC_GetState                         0x0800a0fd   Thumb Code     6  stm32f4xx_hal_adc.o(i.HAL_ADC_GetState)
    HAL_ADC_GetValue                         0x0800a103   Thumb Code     8  stm32f4xx_hal_adc.o(i.HAL_ADC_GetValue)
    HAL_ADC_IRQHandler                       0x0800a10b   Thumb Code   372  stm32f4xx_hal_adc.o(i.HAL_ADC_IRQHandler)
    HAL_ADC_Init                             0x0800a281   Thumb Code   100  stm32f4xx_hal_adc.o(i.HAL_ADC_Init)
    HAL_ADC_LevelOutOfWindowCallback         0x0800a2e9   Thumb Code     2  stm32f4xx_hal_adc.o(i.HAL_ADC_LevelOutOfWindowCallback)
    HAL_ADC_MspInit                          0x0800a2ed   Thumb Code    86  adc.o(i.HAL_ADC_MspInit)
    HAL_ADC_PollForConversion                0x0800a351   Thumb Code   186  stm32f4xx_hal_adc.o(i.HAL_ADC_PollForConversion)
    HAL_ADC_Start                            0x0800a40d   Thumb Code   236  stm32f4xx_hal_adc.o(i.HAL_ADC_Start)
    HAL_ADC_Stop                             0x0800a509   Thumb Code    72  stm32f4xx_hal_adc.o(i.HAL_ADC_Stop)
    HAL_FLASHEx_Erase                        0x0800a551   Thumb Code   164  stm32f4xx_hal_flash_ex.o(i.HAL_FLASHEx_Erase)
    HAL_FLASH_Lock                           0x0800a5fd   Thumb Code    16  stm32f4xx_hal_flash.o(i.HAL_FLASH_Lock)
    HAL_FLASH_Program                        0x0800a611   Thumb Code   142  stm32f4xx_hal_flash.o(i.HAL_FLASH_Program)
    HAL_FLASH_Unlock                         0x0800a6a9   Thumb Code    32  stm32f4xx_hal_flash.o(i.HAL_FLASH_Unlock)
    HAL_GPIO_DeInit                          0x0800a6d5   Thumb Code   282  stm32f4xx_hal_gpio.o(i.HAL_GPIO_DeInit)
    HAL_GPIO_EXTI_Callback                   0x0800a80d   Thumb Code    72  gpio.o(i.HAL_GPIO_EXTI_Callback)
    HAL_GPIO_EXTI_IRQHandler                 0x0800a889   Thumb Code    24  stm32f4xx_hal_gpio.o(i.HAL_GPIO_EXTI_IRQHandler)
    HAL_GPIO_Init                            0x0800a8a5   Thumb Code   436  stm32f4xx_hal_gpio.o(i.HAL_GPIO_Init)
    HAL_GPIO_ReadPin                         0x0800aa79   Thumb Code    16  stm32f4xx_hal_gpio.o(i.HAL_GPIO_ReadPin)
    HAL_GPIO_WritePin                        0x0800aa89   Thumb Code    12  stm32f4xx_hal_gpio.o(i.HAL_GPIO_WritePin)
    HAL_GetTick                              0x0800aa95   Thumb Code     6  stm32f4xx_hal.o(i.HAL_GetTick)
    HAL_I2C_GetError                         0x0800aaa1   Thumb Code     6  stm32f4xx_hal_i2c.o(i.HAL_I2C_GetError)
    HAL_I2C_Init                             0x0800aaa9   Thumb Code   286  stm32f4xx_hal_i2c.o(i.HAL_I2C_Init)
    HAL_I2C_Master_Receive                   0x0800abd1   Thumb Code   618  stm32f4xx_hal_i2c.o(i.HAL_I2C_Master_Receive)
    HAL_I2C_Master_Transmit                  0x0800ae49   Thumb Code   320  stm32f4xx_hal_i2c.o(i.HAL_I2C_Master_Transmit)
    HAL_I2C_MspInit                          0x0800af91   Thumb Code   176  i2c.o(i.HAL_I2C_MspInit)
    HAL_IncTick                              0x0800b051   Thumb Code    12  stm32f4xx_hal.o(i.HAL_IncTick)
    HAL_Init                                 0x0800b061   Thumb Code    54  stm32f4xx_hal.o(i.HAL_Init)
    HAL_InitTick                             0x0800b09d   Thumb Code    36  stm32f4xx_hal.o(i.HAL_InitTick)
    HAL_MspInit                              0x0800b0c1   Thumb Code    20  stm32f4xx_hal_msp.o(i.HAL_MspInit)
    HAL_NVIC_EnableIRQ                       0x0800b0d5   Thumb Code    26  stm32f4xx_hal_cortex.o(i.HAL_NVIC_EnableIRQ)
    HAL_NVIC_SetPriority                     0x0800b0ef   Thumb Code   124  stm32f4xx_hal_cortex.o(i.HAL_NVIC_SetPriority)
    HAL_NVIC_SetPriorityGrouping             0x0800b16d   Thumb Code    32  stm32f4xx_hal_cortex.o(i.HAL_NVIC_SetPriorityGrouping)
    HAL_RCCEx_PeriphCLKConfig                0x0800b195   Thumb Code   408  stm32f4xx_hal_rcc_ex.o(i.HAL_RCCEx_PeriphCLKConfig)
    HAL_RCC_ClockConfig                      0x0800b341   Thumb Code   412  stm32f4xx_hal_rcc.o(i.HAL_RCC_ClockConfig)
    HAL_RCC_GetHCLKFreq                      0x0800b4e5   Thumb Code    42  stm32f4xx_hal_rcc.o(i.HAL_RCC_GetHCLKFreq)
    HAL_RCC_GetPCLK1Freq                     0x0800b51d   Thumb Code    36  stm32f4xx_hal_rcc.o(i.HAL_RCC_GetPCLK1Freq)
    HAL_RCC_GetPCLK2Freq                     0x0800b549   Thumb Code    36  stm32f4xx_hal_rcc.o(i.HAL_RCC_GetPCLK2Freq)
    HAL_RCC_GetSysClockFreq                  0x0800b575   Thumb Code   168  stm32f4xx_hal_rcc.o(i.HAL_RCC_GetSysClockFreq)
    HAL_RCC_OscConfig                        0x0800b629   Thumb Code   906  stm32f4xx_hal_rcc.o(i.HAL_RCC_OscConfig)
    HAL_RTCEx_AlarmBEventCallback            0x0800b9c5   Thumb Code     2  stm32f4xx_hal_rtc_ex.o(i.HAL_RTCEx_AlarmBEventCallback)
    HAL_RTC_AlarmAEventCallback              0x0800b9c9   Thumb Code    18  rtc_1.o(i.HAL_RTC_AlarmAEventCallback)
    HAL_RTC_AlarmIRQHandler                  0x0800b9e5   Thumb Code   102  stm32f4xx_hal_rtc.o(i.HAL_RTC_AlarmIRQHandler)
    HAL_RTC_DeactivateAlarm                  0x0800ba51   Thumb Code   244  stm32f4xx_hal_rtc.o(i.HAL_RTC_DeactivateAlarm)
    HAL_RTC_GetDate                          0x0800bb45   Thumb Code    72  stm32f4xx_hal_rtc.o(i.HAL_RTC_GetDate)
    HAL_RTC_GetState                         0x0800bb91   Thumb Code     6  stm32f4xx_hal_rtc.o(i.HAL_RTC_GetState)
    HAL_RTC_GetTime                          0x0800bb99   Thumb Code    92  stm32f4xx_hal_rtc.o(i.HAL_RTC_GetTime)
    HAL_RTC_Init                             0x0800bbf9   Thumb Code   176  stm32f4xx_hal_rtc.o(i.HAL_RTC_Init)
    HAL_RTC_MspInit                          0x0800bcad   Thumb Code    36  rtc_1.o(i.HAL_RTC_MspInit)
    HAL_RTC_SetAlarm_IT                      0x0800bcd9   Thumb Code   548  stm32f4xx_hal_rtc.o(i.HAL_RTC_SetAlarm_IT)
    HAL_RTC_SetDate                          0x0800bf01   Thumb Code   270  stm32f4xx_hal_rtc.o(i.HAL_RTC_SetDate)
    HAL_RTC_SetTime                          0x0800c015   Thumb Code   304  stm32f4xx_hal_rtc.o(i.HAL_RTC_SetTime)
    HAL_RTC_WaitForSynchro                   0x0800c149   Thumb Code    58  stm32f4xx_hal_rtc.o(i.HAL_RTC_WaitForSynchro)
    HAL_SPI_DeInit                           0x0800c183   Thumb Code    54  stm32f4xx_hal_spi.o(i.HAL_SPI_DeInit)
    HAL_SPI_Init                             0x0800c1b9   Thumb Code   160  stm32f4xx_hal_spi.o(i.HAL_SPI_Init)
    HAL_SPI_MspDeInit                        0x0800c259   Thumb Code    42  spi.o(i.HAL_SPI_MspDeInit)
    HAL_SPI_MspInit                          0x0800c295   Thumb Code   106  spi.o(i.HAL_SPI_MspInit)
    HAL_SPI_Receive                          0x0800c311   Thumb Code   552  stm32f4xx_hal_spi.o(i.HAL_SPI_Receive)
    HAL_SPI_Transmit                         0x0800c539   Thumb Code   406  stm32f4xx_hal_spi.o(i.HAL_SPI_Transmit)
    HAL_SPI_TransmitReceive                  0x0800c6cf   Thumb Code   576  stm32f4xx_hal_spi.o(i.HAL_SPI_TransmitReceive)
    HAL_SYSTICK_CLKSourceConfig              0x0800c90f   Thumb Code    40  stm32f4xx_hal_cortex.o(i.HAL_SYSTICK_CLKSourceConfig)
    HAL_SYSTICK_Config                       0x0800c937   Thumb Code    52  stm32f4xx_hal_cortex.o(i.HAL_SYSTICK_Config)
    HAL_TIMEx_MasterConfigSynchronization    0x0800c96b   Thumb Code    98  stm32f4xx_hal_tim_ex.o(i.HAL_TIMEx_MasterConfigSynchronization)
    HAL_TIM_MspPostInit                      0x0800c9cd   Thumb Code    44  tim.o(i.HAL_TIM_MspPostInit)
    HAL_TIM_PWM_ConfigChannel                0x0800ca01   Thumb Code   264  stm32f4xx_hal_tim.o(i.HAL_TIM_PWM_ConfigChannel)
    HAL_TIM_PWM_Init                         0x0800cb09   Thumb Code    52  stm32f4xx_hal_tim.o(i.HAL_TIM_PWM_Init)
    HAL_TIM_PWM_MspInit                      0x0800cb3d   Thumb Code    44  tim.o(i.HAL_TIM_PWM_MspInit)
    HAL_UART_ErrorCallback                   0x0800cb71   Thumb Code     2  stm32f4xx_hal_uart.o(i.HAL_UART_ErrorCallback)
    HAL_UART_IRQHandler                      0x0800cb73   Thumb Code   308  stm32f4xx_hal_uart.o(i.HAL_UART_IRQHandler)
    HAL_UART_Init                            0x0800cca7   Thumb Code   114  stm32f4xx_hal_uart.o(i.HAL_UART_Init)
    HAL_UART_MspInit                         0x0800cd19   Thumb Code    94  usart.o(i.HAL_UART_MspInit)
    HAL_UART_Receive_IT                      0x0800cd85   Thumb Code   112  stm32f4xx_hal_uart.o(i.HAL_UART_Receive_IT)
    HAL_UART_RxCpltCallback                  0x0800cdf5   Thumb Code   290  usart.o(i.HAL_UART_RxCpltCallback)
    HAL_UART_Transmit                        0x0800cf7d   Thumb Code   196  stm32f4xx_hal_uart.o(i.HAL_UART_Transmit)
    HAL_UART_TxCpltCallback                  0x0800d041   Thumb Code     2  stm32f4xx_hal_uart.o(i.HAL_UART_TxCpltCallback)
    Info_Handler                             0x0800d615   Thumb Code    16  freertos.o(i.Info_Handler)
    LIS2DS12_ACC_GYRO_Pedo_Callback          0x0800d631   Thumb Code    36  g-sensor.o(i.LIS2DS12_ACC_GYRO_Pedo_Callback)
    LIS2DS12_ACC_Get_StepCounter             0x0800d671   Thumb Code    64  g-sensor.o(i.LIS2DS12_ACC_Get_StepCounter)
    LIS2DS12_ACC_R_STEP_DETECT               0x0800d6b1   Thumb Code    30  g-sensor.o(i.LIS2DS12_ACC_R_STEP_DETECT)
    LIS2DS12_ACC_R_TAP_IA                    0x0800d6cf   Thumb Code    30  g-sensor.o(i.LIS2DS12_ACC_R_TAP_IA)
    LIS2DS12_ACC_R_WHO_AM_I_BIT              0x0800d6ed   Thumb Code    30  g-sensor.o(i.LIS2DS12_ACC_R_WHO_AM_I_BIT)
    LIS2DS12_ACC_ReadReg                     0x0800d70d   Thumb Code   100  g-sensor.o(i.LIS2DS12_ACC_ReadReg)
    LIS2DS12_ACC_Tap_Callback                0x0800d7a5   Thumb Code    22  g-sensor.o(i.LIS2DS12_ACC_Tap_Callback)
    LIS2DS12_ACC_W_LIR                       0x0800d7bb   Thumb Code    56  g-sensor.o(i.LIS2DS12_ACC_W_LIR)
    LIS2DS12_ACC_W_ODR                       0x0800d7f3   Thumb Code    56  g-sensor.o(i.LIS2DS12_ACC_W_ODR)
    LIS2DS12_ACC_W_RST_NSTEP                 0x0800d82b   Thumb Code    56  g-sensor.o(i.LIS2DS12_ACC_W_RST_NSTEP)
    LIS2DS12_ACC_W_SOFT_RESET                0x0800d863   Thumb Code    56  g-sensor.o(i.LIS2DS12_ACC_W_SOFT_RESET)
    LIS2DS12_ACC_W_STEP_CNT_ON               0x0800d89b   Thumb Code    56  g-sensor.o(i.LIS2DS12_ACC_W_STEP_CNT_ON)
    LIS2DS12_ACC_WriteReg                    0x0800d8d5   Thumb Code    62  g-sensor.o(i.LIS2DS12_ACC_WriteReg)
    Loop_Test_Pedometer                      0x0800d931   Thumb Code    14  g-sensor.o(i.Loop_Test_Pedometer)
    MX_ADC1_Init                             0x0800d941   Thumb Code    66  adc.o(i.MX_ADC1_Init)
    MX_FREERTOS_Init                         0x0800d98d   Thumb Code    30  freertos.o(i.MX_FREERTOS_Init)
    MX_GPIO_Init                             0x0800d9b5   Thumb Code   368  gpio.o(i.MX_GPIO_Init)
    MX_I2C1_Init                             0x0800db3d   Thumb Code    42  i2c.o(i.MX_I2C1_Init)
    MX_I2C2_Init                             0x0800db75   Thumb Code    42  i2c.o(i.MX_I2C2_Init)
    MX_RTC_Init                              0x0800dbad   Thumb Code   156  rtc_1.o(i.MX_RTC_Init)
    MX_SPI1_Init                             0x0800dc51   Thumb Code    52  spi.o(i.MX_SPI1_Init)
    MX_TIM3_Init                             0x0800dc8d   Thumb Code    78  tim.o(i.MX_TIM3_Init)
    MX_USART2_UART_Init                      0x0800dce5   Thumb Code    40  usart.o(i.MX_USART2_UART_Init)
    RTC_AlarmConfig                          0x0800dd4d   Thumb Code    72  rtc_1.o(i.RTC_AlarmConfig)
    RTC_Alarm_IRQHandler                     0x0800dd9d   Thumb Code    10  stm32f4xx_it.o(i.RTC_Alarm_IRQHandler)
    RTC_Bcd2ToByte                           0x0800ddad   Thumb Code    22  stm32f4xx_hal_rtc.o(i.RTC_Bcd2ToByte)
    RTC_ByteToBcd2                           0x0800ddc3   Thumb Code    26  stm32f4xx_hal_rtc.o(i.RTC_ByteToBcd2)
    RTC_EnterInitMode                        0x0800dddd   Thumb Code    62  stm32f4xx_hal_rtc.o(i.RTC_EnterInitMode)
    RTC_Read_datetime                        0x0800de1d   Thumb Code   126  rtc_1.o(i.RTC_Read_datetime)
    SEGGER_RTT_Init                          0x0800dea5   Thumb Code     8  segger_rtt.o(i.SEGGER_RTT_Init)
    SEGGER_RTT_Write                         0x0800dead   Thumb Code   364  segger_rtt.o(i.SEGGER_RTT_Write)
    SEGGER_RTT_printf                        0x0800e01d   Thumb Code    26  segger_rtt_printf.o(i.SEGGER_RTT_printf)
    SEGGER_RTT_vprintf                       0x0800e037   Thumb Code   504  segger_rtt_printf.o(i.SEGGER_RTT_vprintf)
    StartDefaultTask                         0x0800e33d   Thumb Code   172  freertos.o(i.StartDefaultTask)
    SysTick_Handler                          0x0800e445   Thumb Code    12  stm32f4xx_it.o(i.SysTick_Handler)
    SystemClock_Config                       0x0800e451   Thumb Code   196  main.o(i.SystemClock_Config)
    SystemInit                               0x0800e51d   Thumb Code    82  system_stm32f4xx.o(i.SystemInit)
    TIM_Base_SetConfig                       0x0800e581   Thumb Code   148  stm32f4xx_hal_tim.o(i.TIM_Base_SetConfig)
    TIM_OC2_SetConfig                        0x0800e695   Thumb Code   106  stm32f4xx_hal_tim.o(i.TIM_OC2_SetConfig)
    USART2_IRQHandler                        0x0800ed65   Thumb Code    10  stm32f4xx_it.o(i.USART2_IRQHandler)
    _SetPowerOnPin                           0x0800efd9   Thumb Code    14  epd_tcon_hal_imp.o(i._SetPowerOnPin)
    __0sprintf$6                             0x0800f111   Thumb Code    34  printf6.o(i.__0sprintf$6)
    __1sprintf$6                             0x0800f111   Thumb Code     0  printf6.o(i.__0sprintf$6)
    __2sprintf                               0x0800f111   Thumb Code     0  printf6.o(i.__0sprintf$6)
    __scatterload_copy                       0x0800f139   Thumb Code    14  handlers.o(i.__scatterload_copy)
    __scatterload_null                       0x0800f147   Thumb Code     2  handlers.o(i.__scatterload_null)
    __scatterload_zeroinit                   0x0800f149   Thumb Code    14  handlers.o(i.__scatterload_zeroinit)
    check_sum                                0x0800f4a5   Thumb Code    26  comm.o(i.check_sum)
    flash_init                               0x0800f60d   Thumb Code   266  eric_flash.o(i.flash_init)
    flash_write_movedata                     0x0800f761   Thumb Code   362  eric_flash.o(i.flash_write_movedata)
    flickLeft                                0x0800f909   Thumb Code    14  touch.o(i.flickLeft)
    flickRight                               0x0800f929   Thumb Code    14  touch.o(i.flickRight)
    func_DispTask                            0x0800f949   Thumb Code   438  freertos.o(i.func_DispTask)
    func_sensorTask                          0x0800fb31   Thumb Code   126  freertos.o(i.func_sensorTask)
    func_touchTask                           0x0800fbc5   Thumb Code   102  freertos.o(i.func_touchTask)
    func_uartTask                            0x0800fc35   Thumb Code    28  freertos.o(i.func_uartTask)
    handleEvents                             0x0800fc51   Thumb Code   152  touch.o(i.handleEvents)
    iqs263_init                              0x0800fdc5   Thumb Code    96  touch.o(i.iqs263_init)
    lcd_disp_battery                         0x0800fe91   Thumb Code    86  disp.o(i.lcd_disp_battery)
    lcd_disp_bmp                             0x0800fee9   Thumb Code   104  disp.o(i.lcd_disp_bmp)
    lcd_disp_clear                           0x0800ff5d   Thumb Code    22  disp.o(i.lcd_disp_clear)
    lcd_disp_date                            0x0800ff75   Thumb Code   272  disp.o(i.lcd_disp_date)
    lcd_disp_font                            0x0801008d   Thumb Code   274  disp.o(i.lcd_disp_font)
    lcd_disp_number                          0x080101b5   Thumb Code   130  disp.o(i.lcd_disp_number)
    lcd_disp_time                            0x0801023d   Thumb Code   176  disp.o(i.lcd_disp_time)
    lcd_display_on                           0x080102f1   Thumb Code    20  disp.o(i.lcd_display_on)
    lcd_display_update                       0x08010305   Thumb Code    12  disp.o(i.lcd_display_update)
    lcd_init                                 0x08010311   Thumb Code    64  disp.o(i.lcd_init)
    lis2ds12_init                            0x080103e7   Thumb Code    30  g-sensor.o(i.lis2ds12_init)
    main                                     0x08010405   Thumb Code    62  main.o(i.main)
    osDelay                                  0x0801045b   Thumb Code    24  cmsis_os.o(i.osDelay)
    osKernelStart                            0x08010473   Thumb Code    10  cmsis_os.o(i.osKernelStart)
    osSignalSet                              0x0801047d   Thumb Code    82  cmsis_os.o(i.osSignalSet)
    osSignalWait                             0x080104d5   Thumb Code   100  cmsis_os.o(i.osSignalWait)
    osSystickHandler                         0x08010539   Thumb Code    16  cmsis_os.o(i.osSystickHandler)
    osThreadCreate                           0x08010549   Thumb Code    58  cmsis_os.o(i.osThreadCreate)
    osThreadTerminate                        0x08010583   Thumb Code    14  cmsis_os.o(i.osThreadTerminate)
    pvPortMalloc                             0x08010de9   Thumb Code   296  heap_4.o(i.pvPortMalloc)
    pvTaskIncrementMutexHeldCount            0x08010f25   Thumb Code    26  tasks.o(i.pvTaskIncrementMutexHeldCount)
    pxPortInitialiseStack                    0x08010f45   Thumb Code    34  port.o(i.pxPortInitialiseStack)
    read_batt                                0x08010f6d   Thumb Code   170  power.o(i.read_batt)
    read_rtc_status                          0x08011035   Thumb Code    16  rtc_1.o(i.read_rtc_status)
    send_message                             0x08011049   Thumb Code    68  freertos.o(i.send_message)
    send_sensor_data                         0x0801109d   Thumb Code    94  comm.o(i.send_sensor_data)
    tapEvent                                 0x0801110d   Thumb Code    14  touch.o(i.tapEvent)
    uart2_read                               0x0801112d   Thumb Code    30  usart.o(i.uart2_read)
    uart2_send                               0x0801116d   Thumb Code    22  usart.o(i.uart2_send)
    uxListRemove                             0x08011189   Thumb Code    40  list.o(i.uxListRemove)
    vListInitialise                          0x080111b1   Thumb Code    26  list.o(i.vListInitialise)
    vListInitialiseItem                      0x080111cb   Thumb Code     6  list.o(i.vListInitialiseItem)
    vListInsert                              0x080111d1   Thumb Code    52  list.o(i.vListInsert)
    vListInsertEnd                           0x08011205   Thumb Code    24  list.o(i.vListInsertEnd)
    vPortEnterCritical                       0x0801121d   Thumb Code    76  port.o(i.vPortEnterCritical)
    vPortExitCritical                        0x08011271   Thumb Code    56  port.o(i.vPortExitCritical)
    vPortFree                                0x080112ad   Thumb Code   140  heap_4.o(i.vPortFree)
    vPortSetupTimerInterrupt                 0x08011341   Thumb Code    26  port.o(i.vPortSetupTimerInterrupt)
    vPortValidateInterruptPriority           0x08011361   Thumb Code   106  port.o(i.vPortValidateInterruptPriority)
    vQueueAddToRegistry                      0x080113d9   Thumb Code    38  queue.o(i.vQueueAddToRegistry)
    vQueueWaitForMessageRestricted           0x08011405   Thumb Code    58  queue.o(i.vQueueWaitForMessageRestricted)
    vTaskDelay                               0x08011441   Thumb Code   120  tasks.o(i.vTaskDelay)
    vTaskDelete                              0x080114cd   Thumb Code   186  tasks.o(i.vTaskDelete)
    vTaskMissedYield                         0x080115ad   Thumb Code     8  tasks.o(i.vTaskMissedYield)
    vTaskPlaceOnEventList                    0x080115b9   Thumb Code   108  tasks.o(i.vTaskPlaceOnEventList)
    vTaskPlaceOnEventListRestricted          0x08011635   Thumb Code    90  tasks.o(i.vTaskPlaceOnEventListRestricted)
    vTaskPriorityInherit                     0x0801169d   Thumb Code   164  tasks.o(i.vTaskPriorityInherit)
    vTaskSetTimeOutState                     0x0801174d   Thumb Code    38  tasks.o(i.vTaskSetTimeOutState)
    vTaskStartScheduler                      0x0801177d   Thumb Code   102  tasks.o(i.vTaskStartScheduler)
    vTaskSuspendAll                          0x080117f9   Thumb Code    12  tasks.o(i.vTaskSuspendAll)
    vTaskSwitchContext                       0x08011809   Thumb Code   118  tasks.o(i.vTaskSwitchContext)
    xPortStartScheduler                      0x08011895   Thumb Code   288  port.o(i.xPortStartScheduler)
    xPortSysTickHandler                      0x080119d1   Thumb Code    48  port.o(i.xPortSysTickHandler)
    xQueueGenericCreate                      0x08011a05   Thumb Code   140  queue.o(i.xQueueGenericCreate)
    xQueueGenericReceive                     0x08011a91   Thumb Code   424  queue.o(i.xQueueGenericReceive)
    xQueueGenericReset                       0x08011c3d   Thumb Code   144  queue.o(i.xQueueGenericReset)
    xQueueGenericSend                        0x08011cd1   Thumb Code   412  queue.o(i.xQueueGenericSend)
    xQueueGenericSendFromISR                 0x08011e71   Thumb Code   240  queue.o(i.xQueueGenericSendFromISR)
    xTaskCheckForTimeOut                     0x08011f61   Thumb Code   132  tasks.o(i.xTaskCheckForTimeOut)
    xTaskGenericCreate                       0x08011fed   Thumb Code   340  tasks.o(i.xTaskGenericCreate)
    xTaskGenericNotify                       0x0801215d   Thumb Code   242  tasks.o(i.xTaskGenericNotify)
    xTaskGetSchedulerState                   0x08012261   Thumb Code    24  tasks.o(i.xTaskGetSchedulerState)
    xTaskGetTickCount                        0x08012281   Thumb Code     6  tasks.o(i.xTaskGetTickCount)
    xTaskIncrementTick                       0x0801228d   Thumb Code   286  tasks.o(i.xTaskIncrementTick)
    xTaskNotifyFromISR                       0x080123d9   Thumb Code   274  tasks.o(i.xTaskNotifyFromISR)
    xTaskNotifyWait                          0x08012501   Thumb Code   208  tasks.o(i.xTaskNotifyWait)
    xTaskPriorityDisinherit                  0x080125e5   Thumb Code   188  tasks.o(i.xTaskPriorityDisinherit)
    xTaskRemoveFromEventList                 0x080126ad   Thumb Code   128  tasks.o(i.xTaskRemoveFromEventList)
    xTaskResumeAll                           0x08012745   Thumb Code   224  tasks.o(i.xTaskResumeAll)
    xTimerCreateTimerTask                    0x08012849   Thumb Code    72  timers.o(i.xTimerCreateTimerTask)
    xTimerGenericCommand                     0x080128a1   Thumb Code   102  timers.o(i.xTimerGenericCommand)
    g_TCON_HAL                               0x08012980   Data          64  epd_tcon_hal_imp.o(.constdata)
    g_WaveformData                           0x080129c0   Data       74472  waveformdata.o(.constdata)
    APBAHBPrescTable                         0x08024ca8   Data          16  stm32f4xx_hal_rcc.o(.constdata)
    Region$$Table$$Base                      0x08024ed4   Number         0  anon$$obj.o(Region$$Table)
    Region$$Table$$Limit                     0x08024ef4   Number         0  anon$$obj.o(Region$$Table)
    defaultTaskHandle                        0x20000004   Data           4  freertos.o(.data)
    Lcd_disp_TaskHandle                      0x20000008   Data           4  freertos.o(.data)
    touch_TaskHandle                         0x2000000c   Data           4  freertos.o(.data)
    sensor_TaskHandle                        0x20000010   Data           4  freertos.o(.data)
    uart_TaskHandle                          0x20000014   Data           4  freertos.o(.data)
    init_finish                              0x20000018   Data           1  freertos.o(.data)
    sensor_flag                              0x20000019   Data           1  freertos.o(.data)
    current_mode                             0x2000001a   Data           1  freertos.o(.data)
    batt_status                              0x2000001b   Data           1  freertos.o(.data)
    disp_sort                                0x2000001c   Data           1  freertos.o(.data)
    step_len                                 0x2000001d   Data           1  freertos.o(.data)
    disp_flag                                0x2000001e   Data           1  freertos.o(.data)
    current_datetime                         0x2000001f   Data           7  rtc_1.o(.data)
    number22                                 0x200000a8   Data         580  disp.o(.data)
    f_time                                   0x200002ec   Data        4000  disp.o(.data)
    f_step                                   0x2000128c   Data         232  disp.o(.data)
    f_distance                               0x20001374   Data         232  disp.o(.data)
    f_date                                   0x2000145c   Data         348  disp.o(.data)
    f_cal                                    0x200015b8   Data         348  disp.o(.data)
    f_hrs_rate                               0x20001714   Data         232  disp.o(.data)
    b_step                                   0x200017fc   Data         450  disp.o(.data)
    b_consume                                0x200019be   Data         532  disp.o(.data)
    b_hrs_rate                               0x20001bd2   Data         730  disp.o(.data)
    f_meter                                  0x20001eac   Data          72  disp.o(.data)
    sys_para                                 0x20001f0c   Data           4  eric_flash.o(.data)
    uwTick                                   0x20001f14   Data           4  stm32f4xx_hal.o(.data)
    SystemCoreClock                          0x20001f18   Data           4  system_stm32f4xx.o(.data)
    pxCurrentTCB                             0x20001f2c   Data           4  tasks.o(.data)
    htim3                                    0x20001f90   Data          60  tim.o(.bss)
    hadc1                                    0x20001fcc   Data          72  adc.o(.bss)
    hi2c1                                    0x20002014   Data          68  i2c.o(.bss)
    hi2c2                                    0x20002058   Data          68  i2c.o(.bss)
    buffer                                   0x2000209c   Data          32  usart.o(.bss)
    huart2                                   0x200020bc   Data          64  usart.o(.bss)
    current_sensor_data                      0x200020fc   Data          12  freertos.o(.bss)
    hspi1                                    0x20002108   Data          88  spi.o(.bss)
    hrtc                                     0x20002160   Data          32  rtc_1.o(.bss)
    data_region                              0x2000276c   Data          12  eric_flash.o(.bss)
    data_header                              0x20002778   Data         168  eric_flash.o(.bss)
    pFlash                                   0x20002820   Data          32  stm32f4xx_hal_flash.o(.bss)
    xQueueRegistry                           0x20002958   Data          64  queue.o(.bss)
    __initial_sp                             0x2000fd58   Data           0  startup_stm32f401xe.o(STACK)



==============================================================================

Memory Map of the image

  Image Entry point : 0x08008195

  Load Region LR_IROM1 (Base: 0x08008000, Size: 0x0001ee84, Max: 0x00038000, ABSOLUTE, COMPRESSED[0x0001dc8c])

    Execution Region ER_IROM1 (Base: 0x08008000, Size: 0x0001cef4, Max: 0x00038000, ABSOLUTE)

    Base Addr    Size         Type   Attr      Idx    E Section Name        Object

    0x08008000   0x00000194   Data   RO         2810    RESET               startup_stm32f401xe.o
    0x08008194   0x00000000   Code   RO         7636  * .ARM.Collect$$$$00000000  mc_w.l(entry.o)
    0x08008194   0x00000004   Code   RO         7914    .ARM.Collect$$$$00000001  mc_w.l(entry2.o)
    0x08008198   0x00000004   Code   RO         7917    .ARM.Collect$$$$00000004  mc_w.l(entry5.o)
    0x0800819c   0x00000000   Code   RO         7919    .ARM.Collect$$$$00000008  mc_w.l(entry7b.o)
    0x0800819c   0x00000000   Code   RO         7921    .ARM.Collect$$$$0000000A  mc_w.l(entry8b.o)
    0x0800819c   0x00000008   Code   RO         7922    .ARM.Collect$$$$0000000B  mc_w.l(entry9a.o)
    0x080081a4   0x00000000   Code   RO         7924    .ARM.Collect$$$$0000000D  mc_w.l(entry10a.o)
    0x080081a4   0x00000000   Code   RO         7926    .ARM.Collect$$$$0000000F  mc_w.l(entry11a.o)
    0x080081a4   0x00000004   Code   RO         7915    .ARM.Collect$$$$00002712  mc_w.l(entry2.o)
    0x080081a8   0x000000ba   Code   RO         7332    .emb_text           port.o
    0x08008262   0x00000002   PAD
    0x08008264   0x00000024   Code   RO         2811    .text               startup_stm32f401xe.o
    0x08008288   0x00000972   Code   RO         7624    .text               SWTCON2_Cortex-M4.lib(epd_tcon.o)
    0x08008bfa   0x00000002   PAD
    0x08008bfc   0x00000734   Code   RO         7628    .text               SWTCON2_Cortex-M4.lib(epd_driver.o)
    0x08009330   0x0000018c   Code   RO         7633    .text               SWTCON2_Cortex-M4.lib(epd_waveform.o)
    0x080094bc   0x00000040   Code   RO         7643    .text               mc_w.l(memmovea.o)
    0x080094fc   0x00000024   Code   RO         7645    .text               mc_w.l(memseta.o)
    0x08009520   0x0000000e   Code   RO         7647    .text               mc_w.l(strlen.o)
    0x0800952e   0x0000002c   Code   RO         7931    .text               mc_w.l(uidiv.o)
    0x0800955a   0x00000002   PAD
    0x0800955c   0x00000024   Code   RO         7946    .text               mc_w.l(init.o)
    0x08009580   0x00000056   Code   RO         7966    .text               mc_w.l(__dczerorl2.o)
    0x080095d6   0x00000002   PAD
    0x080095d8   0x00000010   Code   RO          166    i.ADC_IRQHandler    stm32f4xx_it.o
    0x080095e8   0x00000178   Code   RO         5125    i.ADC_Init          stm32f4xx_hal_adc.o
    0x08009760   0x0000000a   Code   RO          167    i.EXTI0_IRQHandler  stm32f4xx_it.o
    0x0800976a   0x0000001c   Code   RO          168    i.EXTI15_10_IRQHandler  stm32f4xx_it.o
    0x08009786   0x00000012   Code   RO          169    i.EXTI9_5_IRQHandler  stm32f4xx_it.o
    0x08009798   0x0000001c   Code   RO          501    i.Error_Handler     freertos.o
    0x080097b4   0x00000068   Code   RO         3960    i.FLASH_Erase_Sector  stm32f4xx_hal_flash_ex.o
    0x0800981c   0x00000078   Code   RO         3961    i.FLASH_FlushCaches  stm32f4xx_hal_flash_ex.o
    0x08009894   0x00000030   Code   RO         3962    i.FLASH_MassErase   stm32f4xx_hal_flash_ex.o
    0x080098c4   0x00000024   Code   RO         2818    i.FLASH_Program_Byte  stm32f4xx_hal_flash.o
    0x080098e8   0x0000002c   Code   RO         2819    i.FLASH_Program_DoubleWord  stm32f4xx_hal_flash.o
    0x08009914   0x00000028   Code   RO         2820    i.FLASH_Program_HalfWord  stm32f4xx_hal_flash.o
    0x0800993c   0x00000028   Code   RO         2821    i.FLASH_Program_Word  stm32f4xx_hal_flash.o
    0x08009964   0x000000b4   Code   RO         2822    i.FLASH_SetErrorCode  stm32f4xx_hal_flash.o
    0x08009a18   0x00000070   Code   RO         2823    i.FLASH_WaitForLastOperation  stm32f4xx_hal_flash.o
    0x08009a88   0x0000019c   Code   RO         2576    i.GR_DrawHLine      graphics_2bpp.o
    0x08009c24   0x00000068   Code   RO         2700    i.GR_DrawPixel      graphics_2bpp.o
    0x08009c8c   0x000000b8   Code   RO         2578    i.GR_DrawRectangle  graphics_2bpp.o
    0x08009d44   0x0000008c   Code   RO         2581    i.GR_DrawVLine      graphics_2bpp.o
    0x08009dd0   0x000000a0   Code   RO         2582    i.GR_FillRectangle  graphics_2bpp.o
    0x08009e70   0x00000058   Code   RO         2585    i.GR_Initial        graphics_2bpp.o
    0x08009ec8   0x00000098   Code   RO         2722    i.GetSector         eric_flash.o
    0x08009f60   0x00000002   Code   RO         3841    i.HAL_ADCEx_InjectedConvCpltCallback  stm32f4xx_hal_adc_ex.o
    0x08009f62   0x00000002   PAD
    0x08009f64   0x00000194   Code   RO         5127    i.HAL_ADC_ConfigChannel  stm32f4xx_hal_adc.o
    0x0800a0f8   0x00000002   Code   RO         2080    i.HAL_ADC_ConvCpltCallback  power.o
    0x0800a0fa   0x00000002   Code   RO         5131    i.HAL_ADC_ErrorCallback  stm32f4xx_hal_adc.o
    0x0800a0fc   0x00000006   Code   RO         5133    i.HAL_ADC_GetState  stm32f4xx_hal_adc.o
    0x0800a102   0x00000008   Code   RO         5134    i.HAL_ADC_GetValue  stm32f4xx_hal_adc.o
    0x0800a10a   0x00000174   Code   RO         5135    i.HAL_ADC_IRQHandler  stm32f4xx_hal_adc.o
    0x0800a27e   0x00000002   PAD
    0x0800a280   0x00000068   Code   RO         5136    i.HAL_ADC_Init      stm32f4xx_hal_adc.o
    0x0800a2e8   0x00000002   Code   RO         5137    i.HAL_ADC_LevelOutOfWindowCallback  stm32f4xx_hal_adc.o
    0x0800a2ea   0x00000002   PAD
    0x0800a2ec   0x00000064   Code   RO          276    i.HAL_ADC_MspInit   adc.o
    0x0800a350   0x000000ba   Code   RO         5140    i.HAL_ADC_PollForConversion  stm32f4xx_hal_adc.o
    0x0800a40a   0x00000002   PAD
    0x0800a40c   0x000000fc   Code   RO         5142    i.HAL_ADC_Start     stm32f4xx_hal_adc.o
    0x0800a508   0x00000048   Code   RO         5145    i.HAL_ADC_Stop      stm32f4xx_hal_adc.o
    0x0800a550   0x000000ac   Code   RO         3976    i.HAL_FLASHEx_Erase  stm32f4xx_hal_flash_ex.o
    0x0800a5fc   0x00000014   Code   RO         2827    i.HAL_FLASH_Lock    stm32f4xx_hal_flash.o
    0x0800a610   0x00000098   Code   RO         2832    i.HAL_FLASH_Program  stm32f4xx_hal_flash.o
    0x0800a6a8   0x0000002c   Code   RO         2834    i.HAL_FLASH_Unlock  stm32f4xx_hal_flash.o
    0x0800a6d4   0x00000138   Code   RO         5634    i.HAL_GPIO_DeInit   stm32f4xx_hal_gpio.o
    0x0800a80c   0x0000007c   Code   RO          320    i.HAL_GPIO_EXTI_Callback  gpio.o
    0x0800a888   0x0000001c   Code   RO         5636    i.HAL_GPIO_EXTI_IRQHandler  stm32f4xx_hal_gpio.o
    0x0800a8a4   0x000001d4   Code   RO         5637    i.HAL_GPIO_Init     stm32f4xx_hal_gpio.o
    0x0800aa78   0x00000010   Code   RO         5639    i.HAL_GPIO_ReadPin  stm32f4xx_hal_gpio.o
    0x0800aa88   0x0000000c   Code   RO         5641    i.HAL_GPIO_WritePin  stm32f4xx_hal_gpio.o
    0x0800aa94   0x0000000c   Code   RO         3087    i.HAL_GetTick       stm32f4xx_hal.o
    0x0800aaa0   0x00000006   Code   RO         5707    i.HAL_I2C_GetError  stm32f4xx_hal_i2c.o
    0x0800aaa6   0x00000002   PAD
    0x0800aaa8   0x00000128   Code   RO         5710    i.HAL_I2C_Init      stm32f4xx_hal_i2c.o
    0x0800abd0   0x00000278   Code   RO         5716    i.HAL_I2C_Master_Receive  stm32f4xx_hal_i2c.o
    0x0800ae48   0x00000148   Code   RO         5721    i.HAL_I2C_Master_Transmit  stm32f4xx_hal_i2c.o
    0x0800af90   0x000000c0   Code   RO          355    i.HAL_I2C_MspInit   i2c.o
    0x0800b050   0x00000010   Code   RO         3088    i.HAL_IncTick       stm32f4xx_hal.o
    0x0800b060   0x0000003c   Code   RO         3089    i.HAL_Init          stm32f4xx_hal.o
    0x0800b09c   0x00000024   Code   RO         3090    i.HAL_InitTick      stm32f4xx_hal.o
    0x0800b0c0   0x00000014   Code   RO          478    i.HAL_MspInit       stm32f4xx_hal_msp.o
    0x0800b0d4   0x0000001a   Code   RO         6291    i.HAL_NVIC_EnableIRQ  stm32f4xx_hal_cortex.o
    0x0800b0ee   0x0000007c   Code   RO         6297    i.HAL_NVIC_SetPriority  stm32f4xx_hal_cortex.o
    0x0800b16a   0x00000002   PAD
    0x0800b16c   0x00000028   Code   RO         6298    i.HAL_NVIC_SetPriorityGrouping  stm32f4xx_hal_cortex.o
    0x0800b194   0x000001ac   Code   RO         5293    i.HAL_RCCEx_PeriphCLKConfig  stm32f4xx_hal_rcc_ex.o
    0x0800b340   0x000001a4   Code   RO         3461    i.HAL_RCC_ClockConfig  stm32f4xx_hal_rcc.o
    0x0800b4e4   0x00000038   Code   RO         3466    i.HAL_RCC_GetHCLKFreq  stm32f4xx_hal_rcc.o
    0x0800b51c   0x0000002c   Code   RO         3468    i.HAL_RCC_GetPCLK1Freq  stm32f4xx_hal_rcc.o
    0x0800b548   0x0000002c   Code   RO         3469    i.HAL_RCC_GetPCLK2Freq  stm32f4xx_hal_rcc.o
    0x0800b574   0x000000b4   Code   RO         3470    i.HAL_RCC_GetSysClockFreq  stm32f4xx_hal_rcc.o
    0x0800b628   0x0000039c   Code   RO         3473    i.HAL_RCC_OscConfig  stm32f4xx_hal_rcc.o
    0x0800b9c4   0x00000002   Code   RO         5406    i.HAL_RTCEx_AlarmBEventCallback  stm32f4xx_hal_rtc_ex.o
    0x0800b9c6   0x00000002   PAD
    0x0800b9c8   0x0000001c   Code   RO          702    i.HAL_RTC_AlarmAEventCallback  rtc_1.o
    0x0800b9e4   0x0000006c   Code   RO         2937    i.HAL_RTC_AlarmIRQHandler  stm32f4xx_hal_rtc.o
    0x0800ba50   0x000000f4   Code   RO         2939    i.HAL_RTC_DeactivateAlarm  stm32f4xx_hal_rtc.o
    0x0800bb44   0x0000004c   Code   RO         2941    i.HAL_RTC_GetDate   stm32f4xx_hal_rtc.o
    0x0800bb90   0x00000006   Code   RO         2942    i.HAL_RTC_GetState  stm32f4xx_hal_rtc.o
    0x0800bb96   0x00000002   PAD
    0x0800bb98   0x00000060   Code   RO         2943    i.HAL_RTC_GetTime   stm32f4xx_hal_rtc.o
    0x0800bbf8   0x000000b4   Code   RO         2944    i.HAL_RTC_Init      stm32f4xx_hal_rtc.o
    0x0800bcac   0x0000002c   Code   RO          704    i.HAL_RTC_MspInit   rtc_1.o
    0x0800bcd8   0x00000228   Code   RO         2949    i.HAL_RTC_SetAlarm_IT  stm32f4xx_hal_rtc.o
    0x0800bf00   0x00000114   Code   RO         2950    i.HAL_RTC_SetDate   stm32f4xx_hal_rtc.o
    0x0800c014   0x00000134   Code   RO         2951    i.HAL_RTC_SetTime   stm32f4xx_hal_rtc.o
    0x0800c148   0x0000003a   Code   RO         2952    i.HAL_RTC_WaitForSynchro  stm32f4xx_hal_rtc.o
    0x0800c182   0x00000036   Code   RO         4826    i.HAL_SPI_DeInit    stm32f4xx_hal_spi.o
    0x0800c1b8   0x000000a0   Code   RO         4831    i.HAL_SPI_Init      stm32f4xx_hal_spi.o
    0x0800c258   0x0000003c   Code   RO          660    i.HAL_SPI_MspDeInit  spi.o
    0x0800c294   0x0000007c   Code   RO          661    i.HAL_SPI_MspInit   spi.o
    0x0800c310   0x00000228   Code   RO         4834    i.HAL_SPI_Receive   stm32f4xx_hal_spi.o
    0x0800c538   0x00000196   Code   RO         4839    i.HAL_SPI_Transmit  stm32f4xx_hal_spi.o
    0x0800c6ce   0x00000240   Code   RO         4840    i.HAL_SPI_TransmitReceive  stm32f4xx_hal_spi.o
    0x0800c90e   0x00000028   Code   RO         6300    i.HAL_SYSTICK_CLKSourceConfig  stm32f4xx_hal_cortex.o
    0x0800c936   0x00000034   Code   RO         6302    i.HAL_SYSTICK_Config  stm32f4xx_hal_cortex.o
    0x0800c96a   0x00000062   Code   RO         3238    i.HAL_TIMEx_MasterConfigSynchronization  stm32f4xx_hal_tim_ex.o
    0x0800c9cc   0x00000034   Code   RO            4    i.HAL_TIM_MspPostInit  tim.o
    0x0800ca00   0x00000108   Code   RO         4167    i.HAL_TIM_PWM_ConfigChannel  stm32f4xx_hal_tim.o
    0x0800cb08   0x00000034   Code   RO         4170    i.HAL_TIM_PWM_Init  stm32f4xx_hal_tim.o
    0x0800cb3c   0x00000034   Code   RO            6    i.HAL_TIM_PWM_MspInit  tim.o
    0x0800cb70   0x00000002   Code   RO         3577    i.HAL_UART_ErrorCallback  stm32f4xx_hal_uart.o
    0x0800cb72   0x00000134   Code   RO         3580    i.HAL_UART_IRQHandler  stm32f4xx_hal_uart.o
    0x0800cca6   0x00000072   Code   RO         3581    i.HAL_UART_Init     stm32f4xx_hal_uart.o
    0x0800cd18   0x0000006c   Code   RO          418    i.HAL_UART_MspInit  usart.o
    0x0800cd84   0x00000070   Code   RO         3586    i.HAL_UART_Receive_IT  stm32f4xx_hal_uart.o
    0x0800cdf4   0x00000188   Code   RO          419    i.HAL_UART_RxCpltCallback  usart.o
    0x0800cf7c   0x000000c4   Code   RO         3589    i.HAL_UART_Transmit  stm32f4xx_hal_uart.o
    0x0800d040   0x00000002   Code   RO         3592    i.HAL_UART_TxCpltCallback  stm32f4xx_hal_uart.o
    0x0800d042   0x00000034   Code   RO         5751    i.I2C_IsAcknowledgeFailed  stm32f4xx_hal_i2c.o
    0x0800d076   0x00000002   PAD
    0x0800d078   0x00000130   Code   RO         5754    i.I2C_MasterRequestRead  stm32f4xx_hal_i2c.o
    0x0800d1a8   0x000000b4   Code   RO         5755    i.I2C_MasterRequestWrite  stm32f4xx_hal_i2c.o
    0x0800d25c   0x0000005a   Code   RO         5767    i.I2C_WaitOnBTFFlagUntilTimeout  stm32f4xx_hal_i2c.o
    0x0800d2b6   0x000000e6   Code   RO         5768    i.I2C_WaitOnFlagUntilTimeout  stm32f4xx_hal_i2c.o
    0x0800d39c   0x000000b2   Code   RO         5769    i.I2C_WaitOnMasterAddressFlagUntilTimeout  stm32f4xx_hal_i2c.o
    0x0800d44e   0x00000074   Code   RO         5770    i.I2C_WaitOnRXNEFlagUntilTimeout  stm32f4xx_hal_i2c.o
    0x0800d4c2   0x0000005a   Code   RO         5772    i.I2C_WaitOnTXEFlagUntilTimeout  stm32f4xx_hal_i2c.o
    0x0800d51c   0x000000f8   Code   RO         1978    i.IQS263DeviceSettings  touch.o
    0x0800d614   0x0000001c   Code   RO          502    i.Info_Handler      freertos.o
    0x0800d630   0x00000040   Code   RO          824    i.LIS2DS12_ACC_GYRO_Pedo_Callback  g-sensor.o
    0x0800d670   0x00000040   Code   RO          828    i.LIS2DS12_ACC_Get_StepCounter  g-sensor.o
    0x0800d6b0   0x0000001e   Code   RO          910    i.LIS2DS12_ACC_R_STEP_DETECT  g-sensor.o
    0x0800d6ce   0x0000001e   Code   RO          913    i.LIS2DS12_ACC_R_TAP_IA  g-sensor.o
    0x0800d6ec   0x0000001e   Code   RO          923    i.LIS2DS12_ACC_R_WHO_AM_I_BIT  g-sensor.o
    0x0800d70a   0x00000002   PAD
    0x0800d70c   0x00000098   Code   RO          941    i.LIS2DS12_ACC_ReadReg  g-sensor.o
    0x0800d7a4   0x00000016   Code   RO          943    i.LIS2DS12_ACC_Tap_Callback  g-sensor.o
    0x0800d7ba   0x00000038   Code   RO          976    i.LIS2DS12_ACC_W_LIR  g-sensor.o
    0x0800d7f2   0x00000038   Code   RO          980    i.LIS2DS12_ACC_W_ODR  g-sensor.o
    0x0800d82a   0x00000038   Code   RO          985    i.LIS2DS12_ACC_W_RST_NSTEP  g-sensor.o
    0x0800d862   0x00000038   Code   RO          992    i.LIS2DS12_ACC_W_SOFT_RESET  g-sensor.o
    0x0800d89a   0x00000038   Code   RO          994    i.LIS2DS12_ACC_W_STEP_CNT_ON  g-sensor.o
    0x0800d8d2   0x00000002   PAD
    0x0800d8d4   0x0000005c   Code   RO         1004    i.LIS2DS12_ACC_WriteReg  g-sensor.o
    0x0800d930   0x0000000e   Code   RO         1005    i.Loop_Test_Pedometer  g-sensor.o
    0x0800d93e   0x00000002   PAD
    0x0800d940   0x0000004c   Code   RO          277    i.MX_ADC1_Init      adc.o
    0x0800d98c   0x00000028   Code   RO          503    i.MX_FREERTOS_Init  freertos.o
    0x0800d9b4   0x00000188   Code   RO          321    i.MX_GPIO_Init      gpio.o
    0x0800db3c   0x00000038   Code   RO          356    i.MX_I2C1_Init      i2c.o
    0x0800db74   0x00000038   Code   RO          357    i.MX_I2C2_Init      i2c.o
    0x0800dbac   0x000000a4   Code   RO          705    i.MX_RTC_Init       rtc_1.o
    0x0800dc50   0x0000003c   Code   RO          662    i.MX_SPI1_Init      spi.o
    0x0800dc8c   0x00000058   Code   RO            7    i.MX_TIM3_Init      tim.o
    0x0800dce4   0x00000030   Code   RO          420    i.MX_USART2_UART_Init  usart.o
    0x0800dd14   0x00000010   Code   RO         6304    i.NVIC_GetPriorityGrouping  stm32f4xx_hal_cortex.o
    0x0800dd24   0x00000028   Code   RO         6305    i.NVIC_SetPriority  stm32f4xx_hal_cortex.o
    0x0800dd4c   0x00000050   Code   RO          706    i.RTC_AlarmConfig   rtc_1.o
    0x0800dd9c   0x00000010   Code   RO          170    i.RTC_Alarm_IRQHandler  stm32f4xx_it.o
    0x0800ddac   0x00000016   Code   RO         2953    i.RTC_Bcd2ToByte    stm32f4xx_hal_rtc.o
    0x0800ddc2   0x0000001a   Code   RO         2954    i.RTC_ByteToBcd2    stm32f4xx_hal_rtc.o
    0x0800dddc   0x0000003e   Code   RO         2955    i.RTC_EnterInitMode  stm32f4xx_hal_rtc.o
    0x0800de1a   0x00000002   PAD
    0x0800de1c   0x00000088   Code   RO          707    i.RTC_Read_datetime  rtc_1.o
    0x0800dea4   0x00000008   Code   RO         2123    i.SEGGER_RTT_Init   segger_rtt.o
    0x0800deac   0x00000170   Code   RO         2126    i.SEGGER_RTT_Write  segger_rtt.o
    0x0800e01c   0x0000001a   Code   RO         2196    i.SEGGER_RTT_printf  segger_rtt_printf.o
    0x0800e036   0x000001f8   Code   RO         2197    i.SEGGER_RTT_vprintf  segger_rtt_printf.o
    0x0800e22e   0x00000028   Code   RO         4855    i.SPI_CheckFlag_BSY  stm32f4xx_hal_spi.o
    0x0800e256   0x0000002a   Code   RO         4856    i.SPI_CheckForDisablingSPI  stm32f4xx_hal_spi.o
    0x0800e280   0x000000a0   Code   RO         4873    i.SPI_WaitFlagStateUntilTimeout  stm32f4xx_hal_spi.o
    0x0800e320   0x0000001a   Code   RO         1007    i.SetupPedoEvent    g-sensor.o
    0x0800e33a   0x00000002   PAD
    0x0800e33c   0x00000108   Code   RO          504    i.StartDefaultTask  freertos.o
    0x0800e444   0x0000000c   Code   RO          171    i.SysTick_Handler   stm32f4xx_it.o
    0x0800e450   0x000000cc   Code   RO          606    i.SystemClock_Config  main.o
    0x0800e51c   0x00000064   Code   RO         6417    i.SystemInit        system_stm32f4xx.o
    0x0800e580   0x000000b0   Code   RO         4185    i.TIM_Base_SetConfig  stm32f4xx_hal_tim.o
    0x0800e630   0x00000064   Code   RO         4194    i.TIM_OC1_SetConfig  stm32f4xx_hal_tim.o
    0x0800e694   0x00000070   Code   RO         4195    i.TIM_OC2_SetConfig  stm32f4xx_hal_tim.o
    0x0800e704   0x0000006c   Code   RO         4196    i.TIM_OC3_SetConfig  stm32f4xx_hal_tim.o
    0x0800e770   0x00000058   Code   RO         4197    i.TIM_OC4_SetConfig  stm32f4xx_hal_tim.o
    0x0800e7c8   0x00000020   Code   RO         3599    i.UART_EndTransmit_IT  stm32f4xx_hal_uart.o
    0x0800e7e8   0x000000a6   Code   RO         3600    i.UART_Receive_IT   stm32f4xx_hal_uart.o
    0x0800e88e   0x00000002   PAD
    0x0800e890   0x00000368   Code   RO         3601    i.UART_SetConfig    stm32f4xx_hal_uart.o
    0x0800ebf8   0x00000068   Code   RO         3602    i.UART_Transmit_IT  stm32f4xx_hal_uart.o
    0x0800ec60   0x00000104   Code   RO         3603    i.UART_WaitOnFlagUntilTimeout  stm32f4xx_hal_uart.o
    0x0800ed64   0x00000010   Code   RO          172    i.USART2_IRQHandler  stm32f4xx_it.o
    0x0800ed74   0x00000014   Code   RO         2430    i._ClrOEIPin        epd_tcon_hal_imp.o
    0x0800ed88   0x00000014   Code   RO         2431    i._ClrPowerOnPin    epd_tcon_hal_imp.o
    0x0800ed9c   0x00000014   Code   RO         2432    i._ClrResetPin      epd_tcon_hal_imp.o
    0x0800edb0   0x0000000c   Code   RO         2433    i._DelayMS          epd_tcon_hal_imp.o
    0x0800edbc   0x00000014   Code   RO         2434    i._GetTimerState    epd_tcon_hal_imp.o
    0x0800edd0   0x00000002   Code   RO         2128    i._Init             segger_rtt.o
    0x0800edd2   0x00000002   Code   RO         2435    i._OnFrameStartEvent  epd_tcon_hal_imp.o
    0x0800edd4   0x000000ea   Code   RO         2198    i._PrintInt         segger_rtt_printf.o
    0x0800eebe   0x00000002   PAD
    0x0800eec0   0x000000f4   Code   RO         2199    i._PrintUnsigned    segger_rtt_printf.o
    0x0800efb4   0x00000010   Code   RO         2436    i._ReadBusyPin      epd_tcon_hal_imp.o
    0x0800efc4   0x00000014   Code   RO         2437    i._SetOEIPin        epd_tcon_hal_imp.o
    0x0800efd8   0x00000014   Code   RO         2438    i._SetPowerOnPin    epd_tcon_hal_imp.o
    0x0800efec   0x00000014   Code   RO         2439    i._SetResetPin      epd_tcon_hal_imp.o
    0x0800f000   0x00000014   Code   RO         2440    i._Spi_CS_Disable   epd_tcon_hal_imp.o
    0x0800f014   0x00000014   Code   RO         2441    i._Spi_CS_Enable    epd_tcon_hal_imp.o
    0x0800f028   0x00000040   Code   RO         2442    i._Spi_ReadByte     epd_tcon_hal_imp.o
    0x0800f068   0x00000016   Code   RO         2443    i._Spi_SetClock     epd_tcon_hal_imp.o
    0x0800f07e   0x00000002   PAD
    0x0800f080   0x00000018   Code   RO         2444    i._Spi_Write        epd_tcon_hal_imp.o
    0x0800f098   0x00000034   Code   RO         2445    i._StartTimer       epd_tcon_hal_imp.o
    0x0800f0cc   0x00000044   Code   RO         2200    i._StoreChar        segger_rtt_printf.o
    0x0800f110   0x00000028   Code   RO         7810    i.__0sprintf$6      mc_w.l(printf6.o)
    0x0800f138   0x0000000e   Code   RO         7960    i.__scatterload_copy  mc_w.l(handlers.o)
    0x0800f146   0x00000002   Code   RO         7961    i.__scatterload_null  mc_w.l(handlers.o)
    0x0800f148   0x0000000e   Code   RO         7962    i.__scatterload_zeroinit  mc_w.l(handlers.o)
    0x0800f156   0x00000002   PAD
    0x0800f158   0x000002f0   Code   RO         7815    i._printf_core      mc_w.l(printf6.o)
    0x0800f448   0x00000024   Code   RO         7816    i._printf_post_padding  mc_w.l(printf6.o)
    0x0800f46c   0x0000002e   Code   RO         7817    i._printf_pre_padding  mc_w.l(printf6.o)
    0x0800f49a   0x0000000a   Code   RO         7819    i._sputc            mc_w.l(printf6.o)
    0x0800f4a4   0x0000001a   Code   RO         2239    i.check_sum         comm.o
    0x0800f4be   0x00000002   PAD
    0x0800f4c0   0x00000044   Code   RO         2447    i.eric_spi_init     epd_tcon_hal_imp.o
    0x0800f504   0x00000108   Code   RO         2724    i.flash_erase_sector_init  eric_flash.o
    0x0800f60c   0x00000154   Code   RO         2725    i.flash_init        eric_flash.o
    0x0800f760   0x000001a8   Code   RO         2727    i.flash_write_movedata  eric_flash.o
    0x0800f908   0x00000020   Code   RO         1979    i.flickLeft         touch.o
    0x0800f928   0x00000020   Code   RO         1980    i.flickRight        touch.o
    0x0800f948   0x000001e8   Code   RO          505    i.func_DispTask     freertos.o
    0x0800fb30   0x00000094   Code   RO          506    i.func_sensorTask   freertos.o
    0x0800fbc4   0x00000070   Code   RO          507    i.func_touchTask    freertos.o
    0x0800fc34   0x0000001c   Code   RO          508    i.func_uartTask     freertos.o
    0x0800fc50   0x000000a8   Code   RO         1981    i.handleEvents      touch.o
    0x0800fcf8   0x00000010   Code   RO         6560    i.inHandlerMode     cmsis_os.o
    0x0800fd08   0x00000024   Code   RO         1009    i.init_LIS2DS12_Pedometer  g-sensor.o
    0x0800fd2c   0x0000004c   Code   RO         1982    i.iqs263_ReadBytes  touch.o
    0x0800fd78   0x0000004c   Code   RO         1983    i.iqs263_WriteBytes  touch.o
    0x0800fdc4   0x00000074   Code   RO         1984    i.iqs263_init       touch.o
    0x0800fe38   0x00000048   Code   RO         1985    i.iqs263_rdy        touch.o
    0x0800fe80   0x00000010   Code   RO         1986    i.iqs263_rdy_read   touch.o
    0x0800fe90   0x00000056   Code   RO         2311    i.lcd_disp_battery  disp.o
    0x0800fee6   0x00000002   PAD
    0x0800fee8   0x00000074   Code   RO         2312    i.lcd_disp_bmp      disp.o
    0x0800ff5c   0x00000016   Code   RO         2313    i.lcd_disp_clear    disp.o
    0x0800ff72   0x00000002   PAD
    0x0800ff74   0x00000118   Code   RO         2314    i.lcd_disp_date     disp.o
    0x0801008c   0x00000128   Code   RO         2315    i.lcd_disp_font     disp.o
    0x080101b4   0x00000088   Code   RO         2316    i.lcd_disp_number   disp.o
    0x0801023c   0x000000b4   Code   RO         2317    i.lcd_disp_time     disp.o
    0x080102f0   0x00000014   Code   RO         2318    i.lcd_display_on    disp.o
    0x08010304   0x0000000c   Code   RO         2319    i.lcd_display_update  disp.o
    0x08010310   0x00000050   Code   RO         2320    i.lcd_init          disp.o
    0x08010360   0x00000086   Code   RO         2322    i.lcd_write_data    disp.o
    0x080103e6   0x0000001e   Code   RO         1011    i.lis2ds12_init     g-sensor.o
    0x08010404   0x00000048   Code   RO          607    i.main              main.o
    0x0801044c   0x0000000e   Code   RO         6562    i.makeFreeRtosPriority  cmsis_os.o
    0x0801045a   0x00000018   Code   RO         6563    i.osDelay           cmsis_os.o
    0x08010472   0x0000000a   Code   RO         6566    i.osKernelStart     cmsis_os.o
    0x0801047c   0x00000058   Code   RO         6593    i.osSignalSet       cmsis_os.o
    0x080104d4   0x00000064   Code   RO         6594    i.osSignalWait      cmsis_os.o
    0x08010538   0x00000010   Code   RO         6595    i.osSystickHandler  cmsis_os.o
    0x08010548   0x0000003a   Code   RO         6596    i.osThreadCreate    cmsis_os.o
    0x08010582   0x0000000e   Code   RO         6605    i.osThreadTerminate  cmsis_os.o
    0x08010590   0x00000054   Code   RO         6985    i.prvAddCurrentTaskToDelayedList  tasks.o
    0x080105e4   0x00000042   Code   RO         6986    i.prvAllocateTCBAndStack  tasks.o
    0x08010626   0x00000002   PAD
    0x08010628   0x00000080   Code   RO         6448    i.prvCheckForValidListAndQueue  timers.o
    0x080106a8   0x00000064   Code   RO         6987    i.prvCheckTasksWaitingTermination  tasks.o
    0x0801070c   0x0000002a   Code   RO         7397    i.prvCopyDataFromQueue  queue.o
    0x08010736   0x00000080   Code   RO         7398    i.prvCopyDataToQueue  queue.o
    0x080107b6   0x00000012   Code   RO         6988    i.prvDeleteTCB      tasks.o
    0x080107c8   0x00000028   Code   RO         6449    i.prvGetNextExpireTime  timers.o
    0x080107f0   0x0000007c   Code   RO         7575    i.prvHeapInit       heap_4.o
    0x0801086c   0x00000028   Code   RO         6989    i.prvIdleTask       tasks.o
    0x08010894   0x00000062   Code   RO         6990    i.prvInitialiseTCBVariables  tasks.o
    0x080108f6   0x00000002   PAD
    0x080108f8   0x00000068   Code   RO         6991    i.prvInitialiseTaskLists  tasks.o
    0x08010960   0x00000068   Code   RO         7576    i.prvInsertBlockIntoFreeList  heap_4.o
    0x080109c8   0x00000058   Code   RO         6450    i.prvInsertTimerInActiveList  timers.o
    0x08010a20   0x0000001a   Code   RO         7399    i.prvIsQueueEmpty   queue.o
    0x08010a3a   0x0000001e   Code   RO         7400    i.prvIsQueueFull    queue.o
    0x08010a58   0x00000064   Code   RO         6451    i.prvProcessExpiredTimer  timers.o
    0x08010abc   0x000000f8   Code   RO         6452    i.prvProcessReceivedCommands  timers.o
    0x08010bb4   0x0000005c   Code   RO         6453    i.prvProcessTimerOrBlockTask  timers.o
    0x08010c10   0x00000034   Code   RO         6993    i.prvResetNextTaskUnblockTime  tasks.o
    0x08010c44   0x0000002c   Code   RO         6454    i.prvSampleTimeNow  timers.o
    0x08010c70   0x000000a0   Code   RO         6455    i.prvSwitchTimerLists  timers.o
    0x08010d10   0x00000040   Code   RO         7333    i.prvTaskExitError  port.o
    0x08010d50   0x0000001a   Code   RO         6456    i.prvTimerTask      timers.o
    0x08010d6a   0x0000007e   Code   RO         7401    i.prvUnlockQueue    queue.o
    0x08010de8   0x0000013c   Code   RO         7577    i.pvPortMalloc      heap_4.o
    0x08010f24   0x00000020   Code   RO         6996    i.pvTaskIncrementMutexHeldCount  tasks.o
    0x08010f44   0x00000028   Code   RO         7334    i.pxPortInitialiseStack  port.o
    0x08010f6c   0x000000c8   Code   RO         2082    i.read_batt         power.o
    0x08011034   0x00000014   Code   RO          708    i.read_rtc_status   rtc_1.o
    0x08011048   0x00000054   Code   RO          509    i.send_message      freertos.o
    0x0801109c   0x00000070   Code   RO         2244    i.send_sensor_data  comm.o
    0x0801110c   0x00000020   Code   RO         1990    i.tapEvent          touch.o
    0x0801112c   0x00000040   Code   RO          421    i.uart2_read        usart.o
    0x0801116c   0x0000001c   Code   RO          422    i.uart2_send        usart.o
    0x08011188   0x00000028   Code   RO         7296    i.uxListRemove      list.o
    0x080111b0   0x0000001a   Code   RO         7297    i.vListInitialise   list.o
    0x080111ca   0x00000006   Code   RO         7298    i.vListInitialiseItem  list.o
    0x080111d0   0x00000034   Code   RO         7299    i.vListInsert       list.o
    0x08011204   0x00000018   Code   RO         7300    i.vListInsertEnd    list.o
    0x0801121c   0x00000054   Code   RO         7336    i.vPortEnterCritical  port.o
    0x08011270   0x0000003c   Code   RO         7337    i.vPortExitCritical  port.o
    0x080112ac   0x00000094   Code   RO         7578    i.vPortFree         heap_4.o
    0x08011340   0x00000020   Code   RO         7338    i.vPortSetupTimerInterrupt  port.o
    0x08011360   0x00000078   Code   RO         7339    i.vPortValidateInterruptPriority  port.o
    0x080113d8   0x0000002c   Code   RO         7407    i.vQueueAddToRegistry  queue.o
    0x08011404   0x0000003a   Code   RO         7411    i.vQueueWaitForMessageRestricted  queue.o
    0x0801143e   0x00000002   PAD
    0x08011440   0x0000008c   Code   RO         7004    i.vTaskDelay        tasks.o
    0x080114cc   0x000000e0   Code   RO         7005    i.vTaskDelete       tasks.o
    0x080115ac   0x0000000c   Code   RO         7007    i.vTaskMissedYield  tasks.o
    0x080115b8   0x0000007c   Code   RO         7009    i.vTaskPlaceOnEventList  tasks.o
    0x08011634   0x00000068   Code   RO         7010    i.vTaskPlaceOnEventListRestricted  tasks.o
    0x0801169c   0x000000b0   Code   RO         7012    i.vTaskPriorityInherit  tasks.o
    0x0801174c   0x00000030   Code   RO         7016    i.vTaskSetTimeOutState  tasks.o
    0x0801177c   0x0000007c   Code   RO         7017    i.vTaskStartScheduler  tasks.o
    0x080117f8   0x00000010   Code   RO         7019    i.vTaskSuspendAll   tasks.o
    0x08011808   0x0000008c   Code   RO         7020    i.vTaskSwitchContext  tasks.o
    0x08011894   0x0000013c   Code   RO         7340    i.xPortStartScheduler  port.o
    0x080119d0   0x00000034   Code   RO         7341    i.xPortSysTickHandler  port.o
    0x08011a04   0x0000008c   Code   RO         7414    i.xQueueGenericCreate  queue.o
    0x08011a90   0x000001ac   Code   RO         7415    i.xQueueGenericReceive  queue.o
    0x08011c3c   0x00000094   Code   RO         7416    i.xQueueGenericReset  queue.o
    0x08011cd0   0x000001a0   Code   RO         7417    i.xQueueGenericSend  queue.o
    0x08011e70   0x000000f0   Code   RO         7418    i.xQueueGenericSendFromISR  queue.o
    0x08011f60   0x0000008c   Code   RO         7021    i.xTaskCheckForTimeOut  tasks.o
    0x08011fec   0x00000170   Code   RO         7022    i.xTaskGenericCreate  tasks.o
    0x0801215c   0x00000104   Code   RO         7023    i.xTaskGenericNotify  tasks.o
    0x08012260   0x00000020   Code   RO         7025    i.xTaskGetSchedulerState  tasks.o
    0x08012280   0x0000000c   Code   RO         7026    i.xTaskGetTickCount  tasks.o
    0x0801228c   0x0000014c   Code   RO         7028    i.xTaskIncrementTick  tasks.o
    0x080123d8   0x00000128   Code   RO         7029    i.xTaskNotifyFromISR  tasks.o
    0x08012500   0x000000e4   Code   RO         7030    i.xTaskNotifyWait   tasks.o
    0x080125e4   0x000000c8   Code   RO         7031    i.xTaskPriorityDisinherit  tasks.o
    0x080126ac   0x00000098   Code   RO         7032    i.xTaskRemoveFromEventList  tasks.o
    0x08012744   0x00000104   Code   RO         7034    i.xTaskResumeAll    tasks.o
    0x08012848   0x00000058   Code   RO         6460    i.xTimerCreateTimerTask  timers.o
    0x080128a0   0x0000006c   Code   RO         6461    i.xTimerGenericCommand  timers.o
    0x0801290c   0x00000064   Data   RO          511    .constdata          freertos.o
    0x08012970   0x00000010   Data   RO         2201    .constdata          segger_rtt_printf.o
    0x08012980   0x00000040   Data   RO         2451    .constdata          epd_tcon_hal_imp.o
    0x080129c0   0x000122e8   Data   RO         2712    .constdata          waveformdata.o
    0x08024ca8   0x00000010   Data   RO         3474    .constdata          stm32f4xx_hal_rcc.o
    0x08024cb8   0x0000000c   Data   RO         7626    .constdata          SWTCON2_Cortex-M4.lib(epd_tcon.o)
    0x08024cc4   0x0000017b   Data   RO         7630    .constdata          SWTCON2_Cortex-M4.lib(epd_driver.o)
    0x08024e3f   0x00000001   PAD
    0x08024e40   0x00000040   Data   RO          512    .conststring        freertos.o
    0x08024e80   0x00000009   Data   RO         2131    .conststring        segger_rtt.o
    0x08024e89   0x00000003   PAD
    0x08024e8c   0x00000045   Data   RO         2729    .conststring        eric_flash.o
    0x08024ed1   0x00000003   PAD
    0x08024ed4   0x00000020   Data   RO         7958    Region$$Table       anon$$obj.o


    Execution Region RW_IRAM1 (Base: 0x20000000, Size: 0x0000fd58, Max: 0x00018000, ABSOLUTE, COMPRESSED[0x00000d98])

    Base Addr    Size         Type   Attr      Idx    E Section Name        Object

    0x20000000   0x00000004   Data   RW          424    .data               usart.o
    0x20000004   0x0000001b   Data   RW          513    .data               freertos.o
    0x2000001f   0x00000007   Data   RW          710    .data               rtc_1.o
    0x20000026   0x00000004   Data   RW         1014    .data               g-sensor.o
    0x2000002a   0x00000004   Data   RW         2083    .data               power.o
    0x2000002e   0x00000002   PAD
    0x20000030   0x00000078   Data   RW         2132    .data               segger_rtt.o
    0x200000a8   0x00001e50   Data   RW         2324    .data               disp.o
    0x20001ef8   0x00000004   Data   RW         2452    .data               epd_tcon_hal_imp.o
    0x20001efc   0x00000015   Data   RW         2730    .data               eric_flash.o
    0x20001f11   0x00000003   PAD
    0x20001f14   0x00000004   Data   RW         3095    .data               stm32f4xx_hal.o
    0x20001f18   0x00000004   Data   RW         6419    .data               system_stm32f4xx.o
    0x20001f1c   0x00000010   Data   RW         6464    .data               timers.o
    0x20001f2c   0x00000038   Data   RW         7037    .data               tasks.o
    0x20001f64   0x0000000c   Data   RW         7342    .data               port.o
    0x20001f70   0x00000018   Data   RW         7583    .data               heap_4.o
    0x20001f88   0x00000008   Data   RW         7631    .data               SWTCON2_Cortex-M4.lib(epd_driver.o)
    0x20001f90   0x0000003c   Zero   RW            8    .bss                tim.o
    0x20001fcc   0x00000048   Zero   RW          278    .bss                adc.o
    0x20002014   0x00000088   Zero   RW          358    .bss                i2c.o
    0x2000209c   0x00000060   Zero   RW          423    .bss                usart.o
    0x200020fc   0x0000000c   Zero   RW          510    .bss                freertos.o
    0x20002108   0x00000058   Zero   RW          663    .bss                spi.o
    0x20002160   0x00000048   Zero   RW          709    .bss                rtc_1.o
    0x200021a8   0x0000000a   Zero   RW         1992    .bss                touch.o
    0x200021b2   0x00000410   Zero   RW         2130    .bss                segger_rtt.o
    0x200025c2   0x00000002   PAD
    0x200025c4   0x00000194   Zero   RW         2595    .bss                graphics_2bpp.o
    0x20002758   0x000000c8   Zero   RW         2728    .bss                eric_flash.o
    0x20002820   0x00000020   Zero   RW         2835    .bss                stm32f4xx_hal_flash.o
    0x20002840   0x00000028   Zero   RW         6463    .bss                timers.o
    0x20002868   0x000000f0   Zero   RW         7036    .bss                tasks.o
    0x20002958   0x00000040   Zero   RW         7426    .bss                queue.o
    0x20002998   0x00003c00   Zero   RW         7582    .bss                heap_4.o
    0x20006598   0x00009534   Zero   RW         7625    .bss                SWTCON2_Cortex-M4.lib(epd_tcon.o)
    0x2000facc   0x00000080   Zero   RW         7629    .bss                SWTCON2_Cortex-M4.lib(epd_driver.o)
    0x2000fb4c   0x0000000c   Zero   RW         7634    .bss                SWTCON2_Cortex-M4.lib(epd_waveform.o)
    0x2000fb58   0x00000200   Zero   RW         2808    STACK               startup_stm32f401xe.o


==============================================================================

Image component sizes


      Code (inc. data)   RO Data    RW Data    ZI Data      Debug   Object Name

       176         24          0          0         72       1673   adc.o
       340          6          0          0          0      17535   cmsis_os.o
       138         18          0          0          0       1865   comm.o
      1362         68          0       7760          0      10779   disp.o
       440        100         64          4          0       9414   epd_tcon_hal_imp.o
      1180        246         69         21        200       4028   eric_flash.o
         0          0          0          0          0       7944   event_groups.o
      1220        224        164         27         12       7896   freertos.o
       870        116          0          4          0      29145   g-sensor.o
       516         76          0          0          0       1742   gpio.o
      1088         32          0          0        404       6854   graphics_2bpp.o
       692         62          0         24      15360       4867   heap_4.o
       304         44          0          0        136       2262   i2c.o
       148          0          0          0          0       3662   list.o
       276         18          0          0          0       1824   main.o
       954         90          0         12          0       9637   port.o
       202         30          0          4          0       1917   power.o
      1826         18          0          0         64      13465   queue.o
       472         48          0          7         72       4126   rtc_1.o
       378          4          9        120       1040       3033   segger_rtt.o
      1076          4         16          0          0       7677   segger_rtt_printf.o
       244         44          0          0         88       2213   spi.o
        36          8        404          0        512        820   startup_stm32f401xe.o
       124         16          0          4          0       3719   stm32f4xx_hal.o
      1784         52          0          0          0       8396   stm32f4xx_hal_adc.o
         2          0          0          0          0       1041   stm32f4xx_hal_adc_ex.o
       338         22          0          0          0      31621   stm32f4xx_hal_cortex.o
       668         60          0          0         32       6142   stm32f4xx_hal_flash.o
       444         26          0          0          0       3338   stm32f4xx_hal_flash_ex.o
       836         66          0          0          0       4612   stm32f4xx_hal_gpio.o
      2502         42          0          0          0      11457   stm32f4xx_hal_i2c.o
        20          0          0          0          0        506   stm32f4xx_hal_msp.o
      1668         68         16          0          0       5827   stm32f4xx_hal_rcc.o
       428         20          0          0          0       1412   stm32f4xx_hal_rcc_ex.o
      2014         32          0          0          0      10631   stm32f4xx_hal_rtc.o
         2          0          0          0          0       1016   stm32f4xx_hal_rtc_ex.o
      1990          0          0          0          0       7827   stm32f4xx_hal_spi.o
       900         48          0          0          0       5740   stm32f4xx_hal_tim.o
        98          0          0          0          0       1196   stm32f4xx_hal_tim_ex.o
      2168          8          0          0          0       8835   stm32f4xx_hal_uart.o
       116         18          0          0          0      24001   stm32f4xx_it.o
       100         18          0          4          0       1389   system_stm32f4xx.o
      3982        496          0         56        240      28442   tasks.o
       192         26          0          0         60     313939   tim.o
      1122        104          0         16         40      15347   timers.o
       868        156          0          0         10       6673   touch.o
       640        164          0          4         96       3629   usart.o
         0          0      74472          0          0        457   waveformdata.o

    ----------------------------------------------------------------------
     36992       2722      75252       8072      18440     661571   Object Totals
         0          0         32          0          0          0   (incl. Generated)
        48          0          6          5          2          0   (incl. Padding)

    ----------------------------------------------------------------------

      Code (inc. data)   RO Data    RW Data    ZI Data      Debug   Library Member Name

      1844         64        379          8        128        600   epd_driver.o
      2418         34         12          0      38196        640   epd_tcon.o
       396          6          0          0         12        364   epd_waveform.o
        86          0          0          0          0          0   __dczerorl2.o
         0          0          0          0          0          0   entry.o
         0          0          0          0          0          0   entry10a.o
         0          0          0          0          0          0   entry11a.o
         8          4          0          0          0          0   entry2.o
         4          0          0          0          0          0   entry5.o
         0          0          0          0          0          0   entry7b.o
         0          0          0          0          0          0   entry8b.o
         8          4          0          0          0          0   entry9a.o
        30          0          0          0          0          0   handlers.o
        36          8          0          0          0         68   init.o
        64          0          0          0          0         76   memmovea.o
        36          0          0          0          0        108   memseta.o
       884         10          0          0          0        420   printf6.o
        14          0          0          0          0         68   strlen.o
        44          0          0          0          0         80   uidiv.o

    ----------------------------------------------------------------------
      5880        130        392          8      38336       2424   Library Totals
         8          0          1          0          0          0   (incl. Padding)

    ----------------------------------------------------------------------

      Code (inc. data)   RO Data    RW Data    ZI Data      Debug   Library Name

      4658        104        391          8      38336       1604   SWTCON2_Cortex-M4.lib
      1214         26          0          0          0        820   mc_w.l

    ----------------------------------------------------------------------
      5880        130        392          8      38336       2424   Library Totals

    ----------------------------------------------------------------------

==============================================================================


      Code (inc. data)   RO Data    RW Data    ZI Data      Debug   

     42872       2852      75644       8080      56776     633867   Grand Totals
     42872       2852      75644       3480      56776     633867   ELF Image Totals (compressed)
     42872       2852      75644       3480          0          0   ROM Totals

==============================================================================

    Total RO  Size (Code + RO Data)               118516 ( 115.74kB)
    Total RW  Size (RW Data + ZI Data)             64856 (  63.34kB)
    Total ROM Size (Code + RO Data + RW Data)     121996 ( 119.14kB)

==============================================================================

