<html>
<body>
<pre>
<h1>礦ision Build Log</h1>
<h2>Tool Versions:</h2>
IDE-Version: μVision V5.13.0.0
Copyright (C) 2014 ARM Ltd and ARM Germany GmbH. All rights reserved.
License Information: eric Win, Win, LIC=FQQQD-89G9A-NTT3G-V1PT9-V1YVI-LRP5B
 
Tool Versions:
Toolchain:       MDK-ARM Professional  Version: 5.13.0.0
Toolchain Path:  d:\develop\Keil_v5\ARM\ARMCC\Bin
C Compiler:      Armcc.exe V5.05 update 1 (build 106)
Assembler:       Armasm.exe V5.05 update 1 (build 106)
Linker/Locator:  ArmLink.exe V5.05 update 1 (build 106)
Library Manager: ArmAr.exe V5.05 update 1 (build 106)
Hex Converter:   FromElf.exe V5.05 update 1 (build 106)
CPU DLL:         SARMCM3.DLL V5.13.0.0
Dialog DLL:      DCM.DLL V1.13.1.0
Target DLL:      Segger\JL2CM3.dll V2.99.11.0
Dialog DLL:      TCM.DLL V1.14.4.0
 
<h2>Project:</h2>
E:\项目\51822\st资料\test\51822_qfndemo\51822_st401\MDK-ARM\51822_st401.uvprojx
Project File Date:  04/23/2016

<h2>Output:</h2>
Build target '51822_st401'
compiling eric_rtc.c...
..\eric-src\eric_rtc.h(6): warning:  #1-D: last line of file ends without a newline
  #endif
..\eric-src\eric_rtc.c(77): warning:  #223-D: function "memcpy" declared implicitly
                memcpy(&current_datetime[3],temp,3);
..\eric-src\eric_rtc.c(66): warning:  #177-D: variable "status" was declared but never referenced
        HAL_RTCStateTypeDef status;
..\eric-src\eric_rtc.c(113): warning:  #223-D: function "Error_Handler" declared implicitly
                                Error_Handler("set time error"); 
..\eric-src\eric_rtc.c(124): warning:  #223-D: function "Error_Handler" declared implicitly
                                        Error_Handler("set date error"); 
..\eric-src\eric_rtc.c(144): warning:  #223-D: function "send_message" declared implicitly
                                send_message(4);
..\eric-src\eric_rtc.c(98): warning:  #177-D: variable "temp" was declared but never referenced
        uint8_t temp[3];
..\eric-src\eric_rtc.c(154): warning:  #223-D: function "Info_Handler" declared implicitly
        Info_Handler("alarm");
..\eric-src\eric_rtc.c(156): warning:  #223-D: function "send_message" declared implicitly
                send_message(2);
..\eric-src\eric_rtc.c(173): warning:  #223-D: function "send_message" declared implicitly
                send_message(2);
..\eric-src\eric_rtc.c: 10 warnings, 0 errors
linking...
Program Size: Code=48160 RO-data=75816 RW-data=8164 ZI-data=56684  
FromELF: creating hex file...
"51822_st401\51822_st401.axf" - 0 Error(s), 10 Warning(s).

<h2>Software Packages used:</h2>

Package Vendor: ARM
                http://www.keil.com/pack/ARM.CMSIS.4.5.0.pack
                ARM::CMSIS:CORE:4.3.0
                CMSIS (Cortex Microcontroller Software Interface Standard)
   * Component: CORE Version: 4.3.0

<h2>Collection of Component include folders:</h2>
  E:\项目\51822\st资料\test\51822_qfndemo\51822_st401\MDK-ARM\RTE
  d:\develop\Keil_v5\ARM\PACK\ARM\CMSIS\4.5.0\CMSIS\Include
  d:\develop\Keil_v5\ARM\PACK\Keil\STM32F4xx_DFP\2.7.0

<h2>Collection of Component Files used:</h2>

   * Component: ARM::CMSIS:CORE:4.3.0
</pre>
</body>
</html>
