<html>
<body>
<pre>
<h1>礦ision Build Log</h1>
<h2>Tool Versions:</h2>
IDE-Version: μVision V5.13.0.0
Copyright (C) 2014 ARM Ltd and ARM Germany GmbH. All rights reserved.
License Information: eric Win, Win, LIC=FQQQD-89G9A-NTT3G-V1PT9-V1YVI-LRP5B
 
Tool Versions:
Toolchain:       MDK-ARM Professional  Version: 5.13.0.0
Toolchain Path:  d:\develop\Keil_v5\ARM\ARMCC\Bin
C Compiler:      Armcc.exe V5.05 update 1 (build 106)
Assembler:       Armasm.exe V5.05 update 1 (build 106)
Linker/Locator:  ArmLink.exe V5.05 update 1 (build 106)
Library Manager: ArmAr.exe V5.05 update 1 (build 106)
Hex Converter:   FromElf.exe V5.05 update 1 (build 106)
CPU DLL:         SARMCM3.DLL V5.13.0.0
Dialog DLL:      DCM.DLL V1.13.1.0
Target DLL:      Segger\JL2CM3.dll V2.99.11.0
Dialog DLL:      TCM.DLL V1.14.4.0
 
<h2>Project:</h2>
E:\项目\51822\st资料\test\51822_qfndemo\51822_st401\MDK-ARM\51822_st401.uvprojx
Project File Date:  04/20/2016

<h2>Output:</h2>
Build target '51822_st401'
compiling freertos.c...
..\eric-src\eric_flash.h(50): warning:  #1-D: last line of file ends without a newline
  #endif
../Src/freertos.c(174): warning:  #223-D: function "SystemClock_Config" declared implicitly
    SystemClock_Config();
../Src/freertos.c(229): warning:  #223-D: function "lis2ds12_init" declared implicitly
    if(lis2ds12_init()==0)
../Src/freertos.c(235): warning:  #223-D: function "Loop_Test_Pedometer" declared implicitly
        Loop_Test_Pedometer();
../Src/freertos.c(238): warning:  #223-D: function "iqs263_init" declared implicitly
        if(iqs263_init()==0)
../Src/freertos.c(245): warning:  #223-D: function "flash_init" declared implicitly
        flash_init();
../Src/freertos.c(247): warning:  #223-D: function "lcd_init" declared implicitly
        lcd_init();
../Src/freertos.c(298): warning:  #223-D: function "read_batt" declared implicitly
                read_batt();
../Src/freertos.c(299): warning:  #223-D: function "lcd_display_on" declared implicitly
                lcd_display_on(1);
../Src/freertos.c(300): warning:  #223-D: function "lcd_disp_clear" declared implicitly
                lcd_disp_clear();
../Src/freertos.c(307): warning:  #223-D: function "lcd_disp_time" declared implicitly
                        lcd_disp_time(1,40,data,80,40);
../Src/freertos.c(309): warning:  #223-D: function "lcd_disp_date" declared implicitly
                        lcd_disp_date(1,205,data,29,15);
../Src/freertos.c(313): warning:  #223-D: function "lcd_disp_bmp" declared implicitly
                        lcd_disp_bmp(1,40,1);
../Src/freertos.c(314): warning:  #223-D: function "lcd_disp_font" declared implicitly
                        lcd_disp_font(1,130,1,2,29,29);
../Src/freertos.c(316): warning:  #223-D: function "lcd_disp_number" declared implicitly
                        lcd_disp_number(10,160,data,29,12);
../Src/freertos.c(325): warning:  #223-D: function "lcd_disp_bmp" declared implicitly
                        lcd_disp_bmp(1,40,2);
../Src/freertos.c(326): warning:  #223-D: function "lcd_disp_font" declared implicitly
                        lcd_disp_font(1,140,4,3,29,29);
../Src/freertos.c(327): warning:  #1035-D: single-precision operand implicitly converted to double-precision
                        sprintf(data,"%.1f",(  ((float)data_header[curr_index].curr_step_data*step_len)/100000  )*60*1.036);
../Src/freertos.c(330): warning:  #223-D: function "lcd_disp_number" declared implicitly
                        lcd_disp_number(10,170,data,29,12);
../Src/freertos.c(335): warning:  #223-D: function "lcd_disp_bmp" declared implicitly
                        lcd_disp_bmp(1,40,3);
../Src/freertos.c(336): warning:  #223-D: function "lcd_disp_font" declared implicitly
                        lcd_disp_font(1,140,5,2,29,29);
../Src/freertos.c(338): warning:  #223-D: function "lcd_disp_number" declared implicitly
                        lcd_disp_number(10,170,data,29,12);
../Src/freertos.c(343): warning:  #223-D: function "lcd_disp_number" declared implicitly
                lcd_disp_number(1,1,data,29,12);
../Src/freertos.c(344): warning:  #223-D: function "lcd_disp_battery" declared implicitly
                lcd_disp_battery(batt_status);
../Src/freertos.c(350): warning:  #223-D: function "lcd_display_update" declared implicitly
                        lcd_display_update(1);
../Src/freertos.c(353): warning:  #223-D: function "lcd_display_update" declared implicitly
                        lcd_display_update(2);
../Src/freertos.c(368): warning:  #223-D: function "handleEvents" declared implicitly
                temp=handleEvents();
../Src/freertos.c(364): warning:  #550-D: variable "old_disp_sort" was set but never used
        uint8_t temp=0,old_disp_sort=0;
../Src/freertos.c(405): warning:  #223-D: function "LIS2DS12_ACC_GYRO_Pedo_Callback" declared implicitly
                        LIS2DS12_ACC_GYRO_Pedo_Callback();
../Src/freertos.c(412): warning:  #223-D: function "LIS2DS12_ACC_sample_Callback" declared implicitly
                                LIS2DS12_ACC_sample_Callback(g_buffer);
../Src/freertos.c(431): warning:  #223-D: function "flash_write_movedata" declared implicitly
                        flash_write_movedata(&current_sensor_data,current_mode);
../Src/freertos.c(392): warning:  #177-D: variable "curr_time" was declared but never referenced
        uint8_t curr_time[3],hour,min;
../Src/freertos.c(392): warning:  #177-D: variable "hour" was declared but never referenced
        uint8_t curr_time[3],hour,min;
../Src/freertos.c(392): warning:  #177-D: variable "min" was declared but never referenced
        uint8_t curr_time[3],hour,min;
../Src/freertos.c(393): warning:  #177-D: variable "flag" was declared but never referenced
        uint8_t flag=4;
../Src/freertos.c(463): warning:  #223-D: function "uart2_read" declared implicitly
        uart2_read(1);
../Src/freertos.c(467): warning:  #223-D: function "send_sensor_data" declared implicitly
                send_sensor_data();
../Src/freertos.c: 37 warnings, 0 errors
linking...
Program Size: Code=48480 RO-data=75788 RW-data=8168 ZI-data=56776  
FromELF: creating hex file...
"51822_st401\51822_st401.axf" - 0 Error(s), 37 Warning(s).

<h2>Software Packages used:</h2>

Package Vendor: ARM
                http://www.keil.com/pack/ARM.CMSIS.4.5.0.pack
                ARM::CMSIS:CORE:4.3.0
                CMSIS (Cortex Microcontroller Software Interface Standard)
   * Component: CORE Version: 4.3.0

<h2>Collection of Component include folders:</h2>
  E:\项目\51822\st资料\test\51822_qfndemo\51822_st401\MDK-ARM\RTE
  d:\develop\Keil_v5\ARM\PACK\ARM\CMSIS\4.5.0\CMSIS\Include
  d:\develop\Keil_v5\ARM\PACK\Keil\STM32F4xx_DFP\2.7.0

<h2>Collection of Component Files used:</h2>

   * Component: ARM::CMSIS:CORE:4.3.0
</pre>
</body>
</html>
